
R version 3.5.2 (2018-12-20) -- "Eggshell Igloo"
Copyright (C) 2018 The R Foundation for Statistical Computing
Platform: x86_64-apple-darwin15.6.0 (64-bit)

R is free software and comes with ABSOLUTELY NO WARRANTY.
You are welcome to redistribute it under certain conditions.
Type 'license()' or 'licence()' for distribution details.

  Natural language support but running in an English locale

R is a collaborative project with many contributors.
Type 'contributors()' for more information and
'citation()' on how to cite R or R packages in publications.

Type 'demo()' for some demos, 'help()' for on-line help, or
'help.start()' for an HTML browser interface to help.
Type 'q()' to quit R.

[R.app GUI 1.70 (7612) x86_64-apple-darwin15.6.0]

[Workspace restored from /Users/nesdav/.RData]
[History restored from /Users/nesdav/.Rapp.history]

objc[18176]: Class FIFinderSyncExtensionHost is implemented in both /System/Library/PrivateFrameworks/FinderKit.framework/Versions/A/FinderKit (0x7fffa6c77210) and /System/Library/PrivateFrameworks/FileProvider.framework/OverrideBundles/FinderSyncCollaborationFileProviderOverride.bundle/Contents/MacOS/FinderSyncCollaborationFileProviderOverride (0x116d97dc8). One of the two will be used. Which one is undefined.
> 
> 
> library(stats)
> library(psy)
> library(factoextra)
Loading required package: ggplot2
Welcome! Related Books: `Practical Guide To Cluster Analysis in R` at https://goo.gl/13EFCZ
> library(lmtest)
Loading required package: zoo

Attaching package: ‘zoo’

The following objects are masked from ‘package:base’:

    as.Date, as.Date.numeric

> library(normtest)
> library(randtests)
> library(car)
Loading required package: carData
> library(rsq)
> datos<-read.csv(file=file.choose(),header=T,sep=',')
Error in file.choose() : file choice cancelled
> datos<-read.csv(file=file.choose(),header=T,sep=',')
> attach(datos)
The following objects are masked _by_ .GlobalEnv:

    ADI, ADIm4

> head(datos)
      ACIft       ADI     ACItf        BI        TE        ESM      NDSI           P         M          NP
1 0.8819622 1.3795854 0.6864085 0.3735688 0.7806671 -0.9956635 0.1022768 -0.44245195 0.1388995 -0.16482148
2 1.0224234 1.6136099 1.3787543 0.6897905 0.7409709 -0.8586662 0.2724419 -0.27476979 0.1399898 -0.14524572
3 1.1111610 1.2823332 1.5018129 0.6358792 0.7505869 -1.3599032 0.4671301  0.04466818 0.1420892 -0.04703168
4 1.6680496 1.3710151 1.6270492 1.0265698 0.6001441 -1.6925297 0.6093233  0.37518739 0.1599005  0.20865836
5 1.3575981 1.4735652 1.2911464 0.7627329 0.7030731 -1.2557208 0.2662555  0.17023406 0.1454324  0.15206473
6 0.9057974 0.8616371 1.7871847 0.4476466 0.6956673 -0.8012469 0.2089157  0.35985858 0.1475785 -0.16007452
         MID        BNF           MD         FM           SF        RMS         CF       ADIm1      ADIm2
1  0.1049488 -0.5144827 -0.192154113 -0.8291376  0.139879349 0.07123256 -0.5469691  0.08781725 -0.7278436
2 -0.1301082 -0.5082000  0.012233666 -1.3406669  0.147465283 0.07730199 -0.5475296 -0.04098462 -0.6784768
3 -0.3045168 -0.5157658 -0.051154195 -1.8035185  0.187222687 0.07741836 -0.5490027  0.17542231 -0.4293570
4 -0.5313282 -0.4965650 -0.174623094 -2.0551388 -0.214244705 0.12389148 -0.5313587 -0.25345743 -0.9820341
5 -0.6307706 -0.4888578 -0.100290080 -1.5874639 -0.164793270 0.08317348 -0.5420396  0.22550896 -0.8570306
6 -0.6275504 -0.4655198  0.002367116 -2.4043929  0.006157682 0.08205687 -0.5324563 -0.58091260 -1.6655005
       ADIm3       ADIm4      ADIm5      ADIm6       ADIm7      ADIm8     ADIm9    ADIm10    ADIm11 target
1 -0.5828622 -0.30879814 -0.9261499 -0.3310574 -0.08483386 -0.8633954 -1.828042 -2.117518 -2.407747      1
2 -0.6797415  0.24307821 -0.7365138 -0.2770286 -0.36856105 -0.9610681 -1.967073 -2.226737 -2.740342      1
3 -0.5961371  0.28260054 -0.4168199 -0.1227277 -0.19382656 -0.8098350 -2.247025 -2.729378 -2.948249      1
4 -1.0632905  0.15370317 -0.9029666 -0.6637935 -0.94821720 -1.5867448 -2.645995 -2.926667 -3.717506      1
5 -0.9137198  0.13113662 -0.7255019 -0.5142482 -0.34967319 -1.0126627 -2.140703 -2.623220 -3.301840      1
6 -1.1329202 -0.02519175 -0.4265882 -0.3045474 -0.23600849 -0.6369937 -1.884550 -2.252556 -2.769677      1
> x=datos[,c(18:28)]
> y=target
> as.factor(RMS)
 [1] 0.071232558  0.077301988  0.077418358  0.123891484  0.083173483  0.082056868  0.085987965  0.09128681  
 [9] 0.140979797  0.097755729  0.068718052  0.122504967  0.092153102  0.086206707  0.080045416  -1.016290052
[17] -1.089660643 -1.068626904 -1.006864232 -1.094796451 -1.075959248 0.079846809  0.086281749  0.09262229  
[25] -1.172068029 -1.141932472 -1.054574178 -0.947607537 -1.005338656 -1.213848933 -1.080224856 -1.112874475
[33] -0.910313292 -1.127000987 -1.096108812 -1.04759697  0.092390702  0.085567775  0.084048059  -0.833701003
[41] -0.878356201 -0.793005887 -0.811128114 -0.711425353 -0.763141774 -0.634441703 -0.821300411 -1.019039163
[49] -1.019851319 -1.021149568 -0.99739022  -1.010591776 -0.94446379  -0.904154899 -1.009499734 -0.91530745 
[57] 0.453045382  0.452139402  0.092734164  0.08546618   -0.919401809 -0.887650172 -0.868938978 -0.849254833
[65] 0.085267978  0.078229315  0.080622786 
67 Levels: -1.213848933 -1.172068029 -1.141932472 -1.127000987 -1.112874475 -1.096108812 ... 0.453045382
> RMS
 [1]  0.07123256  0.07730199  0.07741836  0.12389148  0.08317348  0.08205687  0.08598796  0.09128681
 [9]  0.14097980  0.09775573  0.06871805  0.12250497  0.09215310  0.08620671  0.08004542 -1.01629005
[17] -1.08966064 -1.06862690 -1.00686423 -1.09479645 -1.07595925  0.07984681  0.08628175  0.09262229
[25] -1.17206803 -1.14193247 -1.05457418 -0.94760754 -1.00533866 -1.21384893 -1.08022486 -1.11287447
[33] -0.91031329 -1.12700099 -1.09610881 -1.04759697  0.09239070  0.08556777  0.08404806 -0.83370100
[41] -0.87835620 -0.79300589 -0.81112811 -0.71142535 -0.76314177 -0.63444170 -0.82130041 -1.01903916
[49] -1.01985132 -1.02114957 -0.99739022 -1.01059178 -0.94446379 -0.90415490 -1.00949973 -0.91530745
[57]  0.45304538  0.45213940  0.09273416  0.08546618 -0.91940181 -0.88765017 -0.86893898 -0.84925483
[65]  0.08526798  0.07822931  0.08062279
> plot(RMS)
> summary(datos[,"RMS"])
    Min.  1st Qu.   Median     Mean  3rd Qu.     Max. 
-1.21385 -1.01344 -0.82130 -0.51710  0.08466  0.45305 
> 
> cut(RMS, breaks = c('14,18.5,25,30,34'), labels = c("bajo peso", "normal", "sobrepreso", "obesidad"))
Error in cut.default(RMS, breaks = c("14,18.5,25,30,34"), labels = c("bajo peso",  : 
  invalid number of intervals
> summary(datos[,"RMS"])
    Min.  1st Qu.   Median     Mean  3rd Qu.     Max. 
-1.21385 -1.01344 -0.82130 -0.51710  0.08466  0.45305 
> cut(RMS, breaks = c('14,18.5,25,30,34'), labels = c("bajo peso", "normal", "sobrepreso", "obesidad"))
Error in cut.default(RMS, breaks = c("14,18.5,25,30,34"), labels = c("bajo peso",  : 
  invalid number of intervals
> plot(RMS)
> cut(RMS, breaks = c('0.5'), labels = c("bajo peso", "normal"))
Error in cut.default(RMS, breaks = c("0.5"), labels = c("bajo peso", "normal")) : 
  invalid number of intervals
> cut(RMS, breaks = c('-1.5,0.5'), labels = c("bajo peso", "normal"))
Error in cut.default(RMS, breaks = c("-1.5,0.5"), labels = c("bajo peso",  : 
  invalid number of intervals
> cut(RMS, breaks = c('-1.5,-0.5'), labels = c("bajo peso", "normal"))
Error in cut.default(RMS, breaks = c("-1.5,-0.5"), labels = c("bajo peso",  : 
  invalid number of intervals
> cut(RMS, breaks = c('-1.5,-0.5,-1'), labels = c("bajo peso", "normal"))
Error in cut.default(RMS, breaks = c("-1.5,-0.5,-1"), labels = c("bajo peso",  : 
  invalid number of intervals
> cut(RMS, breaks = c('-1.5,-0.5,0.08,0.4'), labels = c("bajo peso", "normal"))
Error in cut.default(RMS, breaks = c("-1.5,-0.5,0.08,0.4"), labels = c("bajo peso",  : 
  invalid number of intervals
> cut(RMS, breaks = c('-1.5,-0.5,0.08,0.4'), labels = c("bajopeso", "normal"))
Error in cut.default(RMS, breaks = c("-1.5,-0.5,0.08,0.4"), labels = c("bajopeso",  : 
  invalid number of intervals
> cut(RMS)
Error in cut.default(RMS) : argument "breaks" is missing, with no default
> cut(RMS, breaks = c('-1.1,-0.5,0.08,0.45'), labels = c("bajopeso", "normal"))
Error in cut.default(RMS, breaks = c("-1.1,-0.5,0.08,0.45"), labels = c("bajopeso",  : 
  invalid number of intervals
> cut(RMS, breaks = 2, labels = c("bajopeso", "normal"))
 [1] normal   normal   normal   normal   normal   normal   normal   normal   normal   normal   normal  
[12] normal   normal   normal   normal   bajopeso bajopeso bajopeso bajopeso bajopeso bajopeso normal  
[23] normal   normal   bajopeso bajopeso bajopeso bajopeso bajopeso bajopeso bajopeso bajopeso bajopeso
[34] bajopeso bajopeso bajopeso normal   normal   normal   bajopeso bajopeso bajopeso bajopeso bajopeso
[45] bajopeso bajopeso bajopeso bajopeso bajopeso bajopeso bajopeso bajopeso bajopeso bajopeso bajopeso
[56] bajopeso normal   normal   normal   normal   bajopeso bajopeso bajopeso bajopeso normal   normal  
[67] normal  
Levels: bajopeso normal
> cut(RMS, breaks = 2, labels = 2)
Error in cut.default(RMS, breaks = 2, labels = 2) : 
  lengths of 'breaks' and 'labels' differ
> cut(RMS, breaks = 2, labels = c(0, 1))
 [1] 1 1 1 1 1 1 1 1 1 1 1 1 1 1 1 0 0 0 0 0 0 1 1 1 0 0 0 0 0 0 0 0 0 0 0 0 1 1 1 0 0 0 0 0 0 0 0 0 0 0 0 0
[53] 0 0 0 0 1 1 1 1 0 0 0 0 1 1 1
Levels: 0 1
> cutter=cut(RMS, breaks = 2, labels = c(0, 1))
> plot(cutter)
> cut(RMS, breaks = 2, labels = c(0, 1))
 [1] 1 1 1 1 1 1 1 1 1 1 1 1 1 1 1 0 0 0 0 0 0 1 1 1 0 0 0 0 0 0 0 0 0 0 0 0 1 1 1 0 0 0 0 0 0 0 0 0 0 0 0 0
[53] 0 0 0 0 1 1 1 1 0 0 0 0 1 1 1
Levels: 0 1
> plot(RMS)
> plot(M)
> plot(y)
> par(mfrow=c(2,2))
> plot(y)
> plot(M)
> plot(RMS)
> par(mfrow=c(2,2))
>  plot(mcut)
Error in plot(mcut) : object 'mcut' not found
>  plot(rmscut)
Error in plot(rmscut) : object 'rmscut' not found
> 
> rmscut= cut(RMS, breaks = 2, labels = c(0, 1))
> mcut= cut(M, breaks = 2, labels = c(0, 1))
> par(mfrow=c(2,2))
>  plot(mcut)
>  plot(rmscut)
>  plot(M)
>  plot(RMS)
> x=datos #[,c(18:28)]
>     correlationanalisis(x)
> rmscut=cut(RMS, breaks = 2, labels = c(0, 1))
> x=datos[,c(18:28)]
> res.pca <- prcomp(x, scale = TRUE)
> fm1<-clm(y ~ datos)
Error in clm(y ~ datos) : could not find function "clm"
> install.packages(ordinal)
Error in install.packages(ordinal) : object 'ordinal' not found
> install.packages("ordinal")
--- Please select a CRAN mirror for use in this session ---
also installing the dependencies ‘ucminf’, ‘numDeriv’

trying URL 'https://www.icesi.edu.co/CRAN/bin/macosx/el-capitan/contrib/3.5/ucminf_1.1-4.tgz'
Content type 'application/x-gzip' length 181372 bytes (177 KB)
==================================================
downloaded 177 KB

trying URL 'https://www.icesi.edu.co/CRAN/bin/macosx/el-capitan/contrib/3.5/numDeriv_2016.8-1.tgz'
Content type 'application/x-gzip' length 113439 bytes (110 KB)
==================================================
downloaded 110 KB

trying URL 'https://www.icesi.edu.co/CRAN/bin/macosx/el-capitan/contrib/3.5/ordinal_2019.4-25.tgz'
Content type 'application/x-gzip' length 1232852 bytes (1.2 MB)
==================================================
downloaded 1.2 MB


The downloaded binary packages are in
	/var/folders/vk/frc27_ts7sq8z8k6lcljnwjh0000gn/T//RtmpIC2zc7/downloaded_packages
> fm1<-clm(y ~ datos)
Error in clm(y ~ datos) : could not find function "clm"
> library(ordinal)
> fm1<-clm(y ~ datos) 
Error in model.frame.default(formula = y ~ datos, drop.unused.levels = TRUE,  : 
  invalid type (list) for variable 'datos'
> fm1<-clm(y ~ datos[,c(18:28)]) 
Error in model.frame.default(formula = y ~ datos[, c(18:28)], drop.unused.levels = TRUE,  : 
  invalid type (list) for variable 'datos[, c(18:28)]'
> fm1<-clm(y ~ rmscut+ACIft) 
Error: response in 'formula' needs to be a factor
> as.factor(y)
 [1] 1 1 1 1 1 1 1 1 1 1 1 1 1 1 1 1 1 1 1 1 1 1 1 1 1 1 1 1 1 1 1 1 1 1 1 1 2 2 2 2 2 2 2 2 2 2 2 2 2 2 2 2
[53] 2 2 2 2 3 3 3 3 3 3 3 3 3 3 3
Levels: 1 2 3
> fm1<-clm(as.factor(y) ~ rmscut+ACIft)
> fm1
formula: as.factor(y) ~ rmscut + ACIft

 link  threshold nobs logLik AIC    niter max.grad cond.H 
 logit flexible  67   -64.48 136.96 4(0)  6.04e-09 1.1e+01

Coefficients:
rmscut1   ACIft 
-0.4558 -0.3868 

Threshold coefficients:
    1|2     2|3 
-0.1457  1.3993 
> summary(fm1)
formula: as.factor(y) ~ rmscut + ACIft

 link  threshold nobs logLik AIC    niter max.grad cond.H 
 logit flexible  67   -64.48 136.96 4(0)  6.04e-09 1.1e+01

Coefficients:
        Estimate Std. Error z value Pr(>|z|)  
rmscut1  -0.4558     0.5015  -0.909   0.3635  
ACIft    -0.3868     0.2125  -1.821   0.0687 .
---
Signif. codes:  0 ‘***’ 0.001 ‘**’ 0.01 ‘*’ 0.05 ‘.’ 0.1 ‘ ’ 1

Threshold coefficients:
    Estimate Std. Error z value
1|2  -0.1457     0.3206  -0.454
2|3   1.3993     0.3788   3.694
> fm1<-clm(as.factor(y) ~ as.factor(rmscut)+ACIft)
> summary(fm1)
formula: as.factor(y) ~ as.factor(rmscut) + ACIft

 link  threshold nobs logLik AIC    niter max.grad cond.H 
 logit flexible  67   -64.48 136.96 4(0)  6.04e-09 1.1e+01

Coefficients:
                   Estimate Std. Error z value Pr(>|z|)  
as.factor(rmscut)1  -0.4558     0.5015  -0.909   0.3635  
ACIft               -0.3868     0.2125  -1.821   0.0687 .
---
Signif. codes:  0 ‘***’ 0.001 ‘**’ 0.01 ‘*’ 0.05 ‘.’ 0.1 ‘ ’ 1

Threshold coefficients:
    Estimate Std. Error z value
1|2  -0.1457     0.3206  -0.454
2|3   1.3993     0.3788   3.694
> fm1<-clm(y ~ RMS) 
Error: response in 'formula' needs to be a factor
In addition: Warning message:
In Ops.factor(rmscut, ACIft) : ‘+’ not meaningful for factors
> fm1<-clm(as.factor(y) ~ RMS) 
> fm1
formula: as.factor(y) ~ RMS

 link  threshold nobs logLik AIC    niter max.grad cond.H 
 logit flexible  67   -66.35 138.71 4(0)  1.43e-09 1.1e+01

Coefficients:
   RMS 
0.1566 

Threshold coefficients:
    1|2     2|3 
0.06012 1.54001 
> summary(fm1)
formula: as.factor(y) ~ RMS

 link  threshold nobs logLik AIC    niter max.grad cond.H 
 logit flexible  67   -66.35 138.71 4(0)  1.43e-09 1.1e+01

Coefficients:
    Estimate Std. Error z value Pr(>|z|)
RMS   0.1566     0.4458   0.351    0.725

Threshold coefficients:
    Estimate Std. Error z value
1|2  0.06012    0.35234   0.171
2|3  1.54001    0.41141   3.743
> fm1<-clm(as.factor(y) ~ x) 
Error in model.frame.default(formula = as.factor(y) ~ x, drop.unused.levels = TRUE,  : 
  invalid type (list) for variable 'x'
> for (i in 3:length(x)) {   ##transformar datos a datos positivos 
+  #datos[i]=dates[i]-min(dates[i])  #para poner todos los datos positivos 
+  x[i] = (x[i]-min(x[i]))/(max(x[i])-min(x[i]))  #para poner todos los datos de 0 a 1 
+  
+   }
> fm1<-clm(as.factor(y) ~ x)
Error in model.frame.default(formula = as.factor(y) ~ x, drop.unused.levels = TRUE,  : 
  invalid type (list) for variable 'x'
> values(x)
Error in values(x) : could not find function "values"
> attach(datos)
The following objects are masked _by_ .GlobalEnv:

    ADI, ADIm4

The following objects are masked from datos (pos = 5):

    ACIft, ACItf, ADI, ADIm1, ADIm10, ADIm11, ADIm2, ADIm3, ADIm4, ADIm5, ADIm6, ADIm7, ADIm8,
    ADIm9, BI, BNF, CF, ESM, FM, M, MD, MID, NDSI, NP, P, RMS, SF, target, TE

> head(datos)
      ACIft       ADI     ACItf        BI        TE        ESM      NDSI           P         M          NP
1 0.8819622 1.3795854 0.6864085 0.3735688 0.7806671 -0.9956635 0.1022768 -0.44245195 0.1388995 -0.16482148
2 1.0224234 1.6136099 1.3787543 0.6897905 0.7409709 -0.8586662 0.2724419 -0.27476979 0.1399898 -0.14524572
3 1.1111610 1.2823332 1.5018129 0.6358792 0.7505869 -1.3599032 0.4671301  0.04466818 0.1420892 -0.04703168
4 1.6680496 1.3710151 1.6270492 1.0265698 0.6001441 -1.6925297 0.6093233  0.37518739 0.1599005  0.20865836
5 1.3575981 1.4735652 1.2911464 0.7627329 0.7030731 -1.2557208 0.2662555  0.17023406 0.1454324  0.15206473
6 0.9057974 0.8616371 1.7871847 0.4476466 0.6956673 -0.8012469 0.2089157  0.35985858 0.1475785 -0.16007452
         MID        BNF           MD         FM           SF        RMS         CF       ADIm1      ADIm2
1  0.1049488 -0.5144827 -0.192154113 -0.8291376  0.139879349 0.07123256 -0.5469691  0.08781725 -0.7278436
2 -0.1301082 -0.5082000  0.012233666 -1.3406669  0.147465283 0.07730199 -0.5475296 -0.04098462 -0.6784768
3 -0.3045168 -0.5157658 -0.051154195 -1.8035185  0.187222687 0.07741836 -0.5490027  0.17542231 -0.4293570
4 -0.5313282 -0.4965650 -0.174623094 -2.0551388 -0.214244705 0.12389148 -0.5313587 -0.25345743 -0.9820341
5 -0.6307706 -0.4888578 -0.100290080 -1.5874639 -0.164793270 0.08317348 -0.5420396  0.22550896 -0.8570306
6 -0.6275504 -0.4655198  0.002367116 -2.4043929  0.006157682 0.08205687 -0.5324563 -0.58091260 -1.6655005
       ADIm3       ADIm4      ADIm5      ADIm6       ADIm7      ADIm8     ADIm9    ADIm10    ADIm11 target
1 -0.5828622 -0.30879814 -0.9261499 -0.3310574 -0.08483386 -0.8633954 -1.828042 -2.117518 -2.407747      1
2 -0.6797415  0.24307821 -0.7365138 -0.2770286 -0.36856105 -0.9610681 -1.967073 -2.226737 -2.740342      1
3 -0.5961371  0.28260054 -0.4168199 -0.1227277 -0.19382656 -0.8098350 -2.247025 -2.729378 -2.948249      1
4 -1.0632905  0.15370317 -0.9029666 -0.6637935 -0.94821720 -1.5867448 -2.645995 -2.926667 -3.717506      1
5 -0.9137198  0.13113662 -0.7255019 -0.5142482 -0.34967319 -1.0126627 -2.140703 -2.623220 -3.301840      1
6 -1.1329202 -0.02519175 -0.4265882 -0.3045474 -0.23600849 -0.6369937 -1.884550 -2.252556 -2.769677      1
> x=datos[,c(18:28)]
> y=target
> fm1<-clm(as.factor(y) ~ x) 
Error in model.frame.default(formula = as.factor(y) ~ x, drop.unused.levels = TRUE,  : 
  invalid type (list) for variable 'x'
> fm1<-clm(as.factor(y) ~ x[1]) 
Error in model.frame.default(formula = as.factor(y) ~ x[1], drop.unused.levels = TRUE,  : 
  invalid type (list) for variable 'x[1]'
> x[1]
         ADIm1
1   0.08781725
2  -0.04098462
3   0.17542231
4  -0.25345743
5   0.22550896
6  -0.58091260
7  -0.61699862
8  -0.47097633
9  -0.61988131
10 -0.67064854
11 -0.39739208
12  0.31787442
13  1.12355098
14  1.06169002
15  1.08013287
16 -0.63578913
17 -0.52261261
18 -0.63701248
19 -0.59002954
20 -1.54389832
21 -1.29033459
22  0.98622255
23  1.11343019
24  1.01346725
25 -0.41549897
26 -0.42668953
27 -0.31940559
28 -0.53066160
29 -0.78180057
30 -0.23872174
31 -1.63018427
32 -0.41443515
33 -1.25922906
34 -0.03787356
35 -0.09739192
36 -0.15250561
37  1.29886769
38  1.30221499
39  1.29419958
40 -1.02587240
41 -0.36936440
42 -0.57458814
43 -0.71187105
44 -1.00910130
45 -1.72802081
46 -1.88644715
47 -1.98124459
48 -0.56485681
49 -0.44969195
50 -0.35924997
51 -0.25740378
52 -0.47558181
53 -0.27698285
54 -0.61086029
55 -0.11734222
56 -0.52387242
57 -0.01724023
58  0.25977125
59  1.33688819
60  1.26559917
61  0.19806140
62 -0.18159732
63  0.12718264
64 -0.11379196
65  1.09634298
66  1.03526836
67  1.05297000
> as.matrix(x)
            ADIm1       ADIm2       ADIm3       ADIm4       ADIm5        ADIm6       ADIm7        ADIm8
 [1,]  0.08781725 -0.72784359 -0.58286218 -0.30879814 -0.92614985 -0.331057450 -0.08483386 -0.863395405
 [2,] -0.04098462 -0.67847676 -0.67974147  0.24307821 -0.73651377 -0.277028587 -0.36856105 -0.961068138
 [3,]  0.17542231 -0.42935696 -0.59613714  0.28260054 -0.41681994 -0.122727689 -0.19382656 -0.809834961
 [4,] -0.25345743 -0.98203410 -1.06329051  0.15370317 -0.90296659 -0.663793521 -0.94821720 -1.586744847
 [5,]  0.22550896 -0.85703058 -0.91371979  0.13113662 -0.72550187 -0.514248235 -0.34967319 -1.012662710
 [6,] -0.58091260 -1.66550055 -1.13292021 -0.02519175 -0.42658821 -0.304547450 -0.23600849 -0.636993717
 [7,] -0.61699862 -1.27287536 -1.09815294  0.25264641 -0.16764188 -0.062751901 -0.10102887 -0.908189262
 [8,] -0.47097633 -1.31738445 -1.29822652 -0.08273587 -0.19240630 -0.351406428 -0.62970295 -1.561908259
 [9,] -0.61988131 -1.48972840 -1.12454629  0.15255237 -0.03307870 -0.201372831 -0.60585855 -1.198801193
[10,] -0.67064854 -1.59325278 -1.82906692 -0.08248455 -0.21323920 -0.003668579 -0.19442854 -0.929000237
[11,] -0.39739208 -1.03196115 -0.15389708  0.14192394 -0.09817292  0.027253499  0.30079782  0.373804826
[12,]  0.31787442 -0.04665244  0.11295083  0.61888570 -0.24507397 -0.325794612  0.15905692  0.670454455
[13,]  1.12355098  0.72229227  0.22644863  0.44022067 -0.36998573 -0.931916659 -0.10983993 -0.160054501
[14,]  1.06169002  0.32011970 -0.17887090  0.49811346 -0.43991958 -0.636715099 -0.39384309  0.075437195
[15,]  1.08013287  0.81479419  0.43440182  0.33564288 -0.46440839 -1.079728083 -0.34797950 -0.425076511
[16,] -0.63578913 -1.01581747 -0.90084442 -0.87923590 -0.84944708 -0.662643584 -0.55261303 -1.807996830
[17,] -0.52261261 -0.92042406 -0.62585190 -0.80411838 -0.85441388 -0.801018258 -0.71167626 -1.711835175
[18,] -0.63701248 -0.88620556 -0.60056738 -0.86669272 -0.93841185 -1.147771492 -0.83271835 -1.595538190
[19,] -0.59002954 -1.28755662 -0.99052471 -1.11475929 -1.14681197 -1.051094819 -0.67380046 -1.842751563
[20,] -1.54389832 -2.75458052 -1.24670348 -0.97130076 -0.47206986 -0.012476197  0.16775069 -0.348151486
[21,] -1.29033459 -3.49825561 -1.65840648 -0.47871833 -0.40549102 -0.294614211 -0.09744405 -0.581121552
[22,]  0.98622255  0.63810475  0.32430372  1.21297767 -0.01850878 -0.406158339  0.91916981  0.291060984
[23,]  1.11343019  1.04326249  0.79452704  1.48013279  0.43797885 -0.162328318  0.65539837  0.804844299
[24,]  1.01346725  0.71018221  0.74741344  1.17222643 -0.18091252 -0.202452089  0.08369722  0.831453852
[25,] -0.41549897 -0.52809832 -0.31965161  0.62982074 -0.40084194 -0.295586328 -0.29886291  0.279929195
[26,] -0.42668953 -0.46111722 -0.57926516  0.27068689 -0.70467633 -0.798898595 -0.42832073 -0.182561075
[27,] -0.31940559 -0.42441972 -0.22938396  0.42886510 -0.49007871 -0.861169164 -0.83588386 -0.522413841
[28,] -0.53066160 -0.44227967 -0.11992675  0.25105007 -0.19046805 -0.529680109 -0.98628156 -0.336021854
[29,] -0.78180057 -0.34494659 -0.08112895  0.68955791 -0.11757962 -0.453053243 -0.08172818 -0.318629317
[30,] -0.23872174 -0.50104218 -0.12816884  0.60690039  0.24818129 -0.068352202 -0.65345199  0.300338616
[31,] -1.63018427  0.18972136  1.01660057  1.68433415  1.56196637  1.075468504  1.07596494  1.297676939
[32,] -0.41443515 -0.96217244 -0.61211715  0.32925204 -0.69450354 -0.935395539 -0.24812626 -0.474603065
[33,] -1.25922906 -0.80599862 -0.35894193  0.32572679 -0.24756792 -0.953564570 -0.37936555 -0.669414201
[34,] -0.03787356 -0.56217567 -0.84703664 -0.24212518 -1.21314643 -2.185331135 -1.75760409 -1.073866010
[35,] -0.09739192 -0.48341677 -0.92217511 -0.13117739 -1.24590758 -2.425724309 -1.92577377 -1.394463292
[36,] -0.15250561 -0.48754753 -1.02945074 -0.28417825 -1.31113602 -2.421513187 -2.05241288 -1.530514607
[37,]  1.29886769  1.37794591  1.52731033  1.67154842  1.55314679  1.360815739  1.52260500  1.165436937
[38,]  1.30221499  1.36463194  1.48558290  1.67055281  1.37545884  1.598300127  1.57358968  1.107643066
[39,]  1.29419958  1.36567339  1.62250508  1.75530714  1.44662333  1.644000300  1.49567226  1.041723686
[40,] -1.02587240 -1.34253663 -0.70107314 -0.62187626 -0.96756404 -0.233725884 -0.96735533 -0.234428497
[41,] -0.36936440 -1.10042687 -1.13803879 -1.22912010 -0.81941211 -0.268659695 -1.42779287  0.031881964
[42,] -0.57458814 -1.03596709 -0.89344933 -1.07142218 -0.86690714 -0.427565537 -0.84240278 -0.130375186
[43,] -0.71187105 -1.73372248 -1.36797488 -1.20041017 -1.31056245 -1.099713921 -0.97861024 -0.351656679
[44,] -1.00910130 -1.40892591 -1.18965624 -1.28877760 -0.84481736 -0.527876189 -0.37164078  0.015925782
[45,] -1.72802081 -1.26753320 -1.31216655 -1.36389931 -0.63752664 -1.027801767 -0.05432602 -0.158473473
[46,] -1.88644715 -1.22838644 -1.37994298 -1.61296976 -1.00629769 -1.109809700 -0.65064285 -0.510263141
[47,] -1.98124459 -1.15618699 -1.28793841 -1.16645440 -0.65552353 -1.007756938 -0.37337708 -0.092318666
[48,] -0.56485681 -0.91388585 -0.61782588 -1.00257686 -0.64584975 -0.107990442 -0.09161497  0.118864680
[49,] -0.44969195 -0.74782010 -0.47777108 -0.76391173 -0.72154177 -0.231125737 -0.18766994  0.071319420
[50,] -0.35924997 -0.58641394 -0.57405324 -0.61188812 -0.92451914 -0.320556310 -0.50507209 -0.252384891
[51,] -0.25740378 -0.64111724 -0.32764443 -0.63169132 -0.94665776  0.004275653 -0.19246639 -0.086953388
[52,] -0.47558181 -0.92858711 -0.64907196 -0.51066473 -1.15569169 -0.136370929  0.13459405  0.000036300
[53,] -0.27698285 -0.97038831 -0.81562066 -1.50879384 -0.96009695 -0.278943511 -0.47081345  0.004103698
[54,] -0.61086029 -1.09747334 -0.62144620 -0.53221430 -1.05197743 -0.558942678 -0.36276798  0.079551170
[55,] -0.11734222 -1.03532654 -0.98559235 -1.22504154 -1.82159154 -0.498876049 -0.45269855 -0.268809496
[56,] -0.52387242 -0.97631970 -0.89526506 -1.32457129 -1.71910767 -0.550999856 -0.43791847 -0.472426078
[57,] -0.01724023 -0.38902708  0.24221641 -0.22260929  0.34483876  0.797402439  0.19036583 -0.012384660
[58,]  0.25977125 -0.20946413  0.55360594 -0.05344683  0.46669286  1.000748395  0.38569636  0.256291393
[59,]  1.33688819  1.37678494  1.72783971  1.78065798  1.71084308  1.737646294  1.67206347  2.101930869
[60,]  1.26559917  1.39134441  1.79512640  1.92077891  1.97738685  1.805822632  1.58331894  1.720186303
[61,]  0.19806140  1.09053198  1.59191274  1.41977121  1.68526361  1.314935220  1.42768166  1.688971273
[62,] -0.18159732  0.69497424  0.95433060  0.98677592  1.11330849  1.016984549  0.93827514  1.270326819
[63,]  0.12718264  0.79889875  1.26224876  0.58413734  1.13626671  0.818111872  0.87625314  1.172463190
[64,] -0.11379196  0.69669969  1.33017560  0.55119769  1.25960120  1.053115556  0.91566689  1.195823559
[65,]  1.09634298  0.73037506  0.81527422  0.93322467  0.30530245  0.337106184  0.36874287  0.723300948
[66,]  1.03526836  0.81849271  0.76192283  0.71103060  0.30877033  0.224557443  0.80637954  0.653018652
[67,]  1.05297000  0.51776767  0.75207507  0.94548007  0.06582347 -0.132380308  0.31324319  0.385286684
            ADIm9       ADIm10      ADIm11
 [1,] -1.82804249 -2.117518389 -2.40774711
 [2,] -1.96707292 -2.226736818 -2.74034243
 [3,] -2.24702483 -2.729378196 -2.94824867
 [4,] -2.64599471 -2.926667139 -3.71750599
 [5,] -2.14070295 -2.623220389 -3.30184025
 [6,] -1.88454969 -2.252556061 -2.76967735
 [7,] -2.26168528 -2.885601465 -3.19347388
 [8,] -2.68268240 -2.908725845 -3.17173363
 [9,] -2.78347609 -3.429045395 -3.67325871
[10,] -2.71526381 -3.459791333 -3.41493516
[11,] -0.98050312 -0.964405956 -0.76464380
[12,] -0.44271719 -0.640013586 -0.84687429
[13,] -0.30796471  0.320517371  0.23907291
[14,]  0.19695087  0.473753626  0.53650808
[15,] -0.59747564  0.093243552  0.02254929
[16,] -1.09906175 -1.238844534 -0.67438643
[17,] -0.88645088 -0.944805067 -0.31270629
[18,] -1.08075272 -1.420672209 -0.71312773
[19,] -1.11650400 -1.349809168 -1.01102373
[20,] -0.93150505 -1.248509310 -0.85369462
[21,] -1.39041152 -1.808725387 -1.01326388
[22,]  0.39947577  0.461708297  0.60924047
[23,]  0.51752527  0.566780771  0.66622306
[24,]  0.70702081  0.760803653  0.59093445
[25,]  0.28142561  0.266629758  0.54650604
[26,] -0.11937576 -0.010168513  0.31012203
[27,]  0.14662463  0.028499056  0.42978462
[28,]  0.33174155  0.187828987  0.37894147
[29,]  0.01981048  0.175715326  0.40315815
[30,]  0.79142885  0.809770294  1.06577869
[31,]  0.99806697  0.832450895  0.73090685
[32,]  0.05410683  0.006944342  0.09774739
[33,]  0.05102243  0.189273845  0.36196726
[34,] -0.82016771 -0.591433485 -0.53682972
[35,] -1.44126733 -0.875208809 -0.87905105
[36,] -1.42863711 -0.983595414 -1.21444898
[37,]  0.56250490  0.364215573  0.20895719
[38,]  0.35759860  0.239382497  0.10304327
[39,]  0.38527308  0.241502357  0.19068195
[40,] -0.31080755 -0.235203542 -0.05242556
[41,]  0.16690497  0.107673083 -0.07716648
[42,]  0.02958096  0.163447917  0.26617831
[43,] -0.36147962 -0.408172901  0.02408093
[44,] -0.16504137 -0.339435971 -0.44603502
[45,] -0.62407662 -0.587237452 -0.29615522
[46,] -0.70821742 -0.663199388 -0.43847223
[47,] -0.44042724 -0.437639847 -0.25182926
[48,] -0.21644383 -0.454658432 -0.13062330
[49,] -0.32497638 -0.369714045 -0.02190559
[50,] -0.52479887 -0.424018326 -0.09788446
[51,] -0.76813652 -0.682079214 -0.19768487
[52,] -0.43883264 -0.356669814 -0.02662282
[53,] -0.34090994 -0.297489162  0.09127224
[54,] -0.35605637 -0.323068986 -0.11606819
[55,] -0.45645343 -0.306272618 -0.11675201
[56,] -0.40478415 -0.242404456  0.18322701
[57,] -0.30627338 -0.201509380  0.04926066
[58,]  0.33358982  0.209430430  0.29359900
[59,]  1.59862279  1.344010916  1.35069273
[60,]  1.29299079  1.075191374  0.99688687
[61,]  1.43260250  1.113826339  0.89699678
[62,]  0.95905362  0.639909350  0.50094562
[63,]  0.77517254  0.335496805  0.43620882
[64,]  1.10706505  0.956343440  0.80150649
[65,]  0.84059482  0.807253570  0.94393556
[66,]  0.74070875  0.718514748  0.75950099
[67,]  0.74498314  0.751686429  0.82140171
> fm1<-clm(as.factor(y) ~ as.matrix(x)) 
> fm1
formula: as.factor(y) ~ as.matrix(x)

 link  threshold nobs logLik AIC   niter max.grad cond.H 
 logit flexible  67   -18.15 62.30 9(0)  4.86e-13 1.1e+03

Coefficients:
 as.matrix(x)ADIm1  as.matrix(x)ADIm2  as.matrix(x)ADIm3  as.matrix(x)ADIm4  as.matrix(x)ADIm5 
            1.1454            -1.3566             8.4454           -11.2603             0.2887 
 as.matrix(x)ADIm6  as.matrix(x)ADIm7  as.matrix(x)ADIm8  as.matrix(x)ADIm9 as.matrix(x)ADIm10 
            0.4320             2.7626             0.3878             4.3863             0.6129 
as.matrix(x)ADIm11 
            1.8624 

Threshold coefficients:
   1|2    2|3 
-2.554  4.647 
> summary(fm1)
formula: as.factor(y) ~ as.matrix(x)

 link  threshold nobs logLik AIC   niter max.grad cond.H 
 logit flexible  67   -18.15 62.30 9(0)  4.86e-13 1.1e+03

Coefficients:
                   Estimate Std. Error z value Pr(>|z|)   
as.matrix(x)ADIm1    1.1454     1.1068   1.035  0.30072   
as.matrix(x)ADIm2   -1.3566     2.1026  -0.645  0.51880   
as.matrix(x)ADIm3    8.4454     4.2821   1.972  0.04858 * 
as.matrix(x)ADIm4  -11.2603     3.5114  -3.207  0.00134 **
as.matrix(x)ADIm5    0.2887     1.6240   0.178  0.85888   
as.matrix(x)ADIm6    0.4320     1.9682   0.219  0.82628   
as.matrix(x)ADIm7    2.7626     1.8934   1.459  0.14453   
as.matrix(x)ADIm8    0.3878     2.1690   0.179  0.85810   
as.matrix(x)ADIm9    4.3863     3.5632   1.231  0.21832   
as.matrix(x)ADIm10   0.6129     4.6387   0.132  0.89488   
as.matrix(x)ADIm11   1.8624     3.7824   0.492  0.62245   
---
Signif. codes:  0 ‘***’ 0.001 ‘**’ 0.01 ‘*’ 0.05 ‘.’ 0.1 ‘ ’ 1

Threshold coefficients:
    Estimate Std. Error z value
1|2   -2.554      1.529  -1.671
2|3    4.647      1.427   3.257
> fm1<-clm(as.factor(y) ~ ADIm3+ADIm4+RMS) 
Error in model.frame.default(formula = as.factor(y) ~ ADIm3 + ADIm4 +  : 
  invalid type (list) for variable 'ADIm4'
> ADIm4
        ADIm4
1   5.9270006
2   4.8725505
3   5.5554924
4   5.7149895
5   5.9429678
6   4.6847254
7   3.4236142
8   3.7756467
9   4.8199672
10  4.7942105
11  3.1895096
12  1.8838870
13  0.0000000
14  6.6128378
15  3.5661993
16  0.5690421
17  7.9678356
18  5.8181484
19  8.8876940
20  6.3255558
21  6.7594902
22  4.2827969
23  4.7410513
24  5.6466936
25  8.2437763
26 10.2034426
27  7.9400921
28  8.7311587
29  9.2885654
30  6.9173974
31  3.5718110
32  5.4869320
33  7.5513671
34  4.7049344
35  4.2074231
36  0.6837704
37  5.4841287
38  6.8993624
39  6.9039944
40  4.8495211
41  5.7961026
42  2.7013314
43  4.6545310
44  2.6272035
45  5.2400663
46  2.8970430
47  4.3551413
48  2.7795685
> ADIm1
 [1]  0.08781725 -0.04098462  0.17542231 -0.25345743  0.22550896 -0.58091260 -0.61699862 -0.47097633
 [9] -0.61988131 -0.67064854 -0.39739208  0.31787442  1.12355098  1.06169002  1.08013287 -0.63578913
[17] -0.52261261 -0.63701248 -0.59002954 -1.54389832 -1.29033459  0.98622255  1.11343019  1.01346725
[25] -0.41549897 -0.42668953 -0.31940559 -0.53066160 -0.78180057 -0.23872174 -1.63018427 -0.41443515
[33] -1.25922906 -0.03787356 -0.09739192 -0.15250561  1.29886769  1.30221499  1.29419958 -1.02587240
[41] -0.36936440 -0.57458814 -0.71187105 -1.00910130 -1.72802081 -1.88644715 -1.98124459 -0.56485681
[49] -0.44969195 -0.35924997 -0.25740378 -0.47558181 -0.27698285 -0.61086029 -0.11734222 -0.52387242
[57] -0.01724023  0.25977125  1.33688819  1.26559917  0.19806140 -0.18159732  0.12718264 -0.11379196
[65]  1.09634298  1.03526836  1.05297000
> attach(datos)
The following objects are masked _by_ .GlobalEnv:

    ADI, ADIm4

The following objects are masked from datos (pos = 3):

    ACIft, ACItf, ADI, ADIm1, ADIm10, ADIm11, ADIm2, ADIm3, ADIm4, ADIm5, ADIm6, ADIm7, ADIm8,
    ADIm9, BI, BNF, CF, ESM, FM, M, MD, MID, NDSI, NP, P, RMS, SF, target, TE

The following objects are masked from datos (pos = 6):

    ACIft, ACItf, ADI, ADIm1, ADIm10, ADIm11, ADIm2, ADIm3, ADIm4, ADIm5, ADIm6, ADIm7, ADIm8,
    ADIm9, BI, BNF, CF, ESM, FM, M, MD, MID, NDSI, NP, P, RMS, SF, target, TE

> head(datos)
      ACIft       ADI     ACItf        BI        TE        ESM      NDSI           P         M          NP
1 0.8819622 1.3795854 0.6864085 0.3735688 0.7806671 -0.9956635 0.1022768 -0.44245195 0.1388995 -0.16482148
2 1.0224234 1.6136099 1.3787543 0.6897905 0.7409709 -0.8586662 0.2724419 -0.27476979 0.1399898 -0.14524572
3 1.1111610 1.2823332 1.5018129 0.6358792 0.7505869 -1.3599032 0.4671301  0.04466818 0.1420892 -0.04703168
4 1.6680496 1.3710151 1.6270492 1.0265698 0.6001441 -1.6925297 0.6093233  0.37518739 0.1599005  0.20865836
5 1.3575981 1.4735652 1.2911464 0.7627329 0.7030731 -1.2557208 0.2662555  0.17023406 0.1454324  0.15206473
6 0.9057974 0.8616371 1.7871847 0.4476466 0.6956673 -0.8012469 0.2089157  0.35985858 0.1475785 -0.16007452
         MID        BNF           MD         FM           SF        RMS         CF       ADIm1      ADIm2
1  0.1049488 -0.5144827 -0.192154113 -0.8291376  0.139879349 0.07123256 -0.5469691  0.08781725 -0.7278436
2 -0.1301082 -0.5082000  0.012233666 -1.3406669  0.147465283 0.07730199 -0.5475296 -0.04098462 -0.6784768
3 -0.3045168 -0.5157658 -0.051154195 -1.8035185  0.187222687 0.07741836 -0.5490027  0.17542231 -0.4293570
4 -0.5313282 -0.4965650 -0.174623094 -2.0551388 -0.214244705 0.12389148 -0.5313587 -0.25345743 -0.9820341
5 -0.6307706 -0.4888578 -0.100290080 -1.5874639 -0.164793270 0.08317348 -0.5420396  0.22550896 -0.8570306
6 -0.6275504 -0.4655198  0.002367116 -2.4043929  0.006157682 0.08205687 -0.5324563 -0.58091260 -1.6655005
       ADIm3       ADIm4      ADIm5      ADIm6       ADIm7      ADIm8     ADIm9    ADIm10    ADIm11 target
1 -0.5828622 -0.30879814 -0.9261499 -0.3310574 -0.08483386 -0.8633954 -1.828042 -2.117518 -2.407747      1
2 -0.6797415  0.24307821 -0.7365138 -0.2770286 -0.36856105 -0.9610681 -1.967073 -2.226737 -2.740342      1
3 -0.5961371  0.28260054 -0.4168199 -0.1227277 -0.19382656 -0.8098350 -2.247025 -2.729378 -2.948249      1
4 -1.0632905  0.15370317 -0.9029666 -0.6637935 -0.94821720 -1.5867448 -2.645995 -2.926667 -3.717506      1
5 -0.9137198  0.13113662 -0.7255019 -0.5142482 -0.34967319 -1.0126627 -2.140703 -2.623220 -3.301840      1
6 -1.1329202 -0.02519175 -0.4265882 -0.3045474 -0.23600849 -0.6369937 -1.884550 -2.252556 -2.769677      1
> fm1<-clm(as.factor(y) ~ ADIm3+ADIm4+RMS) 
Error in model.frame.default(formula = as.factor(y) ~ ADIm3 + ADIm4 +  : 
  invalid type (list) for variable 'ADIm4'
> RMS
 [1]  0.07123256  0.07730199  0.07741836  0.12389148  0.08317348  0.08205687  0.08598796  0.09128681
 [9]  0.14097980  0.09775573  0.06871805  0.12250497  0.09215310  0.08620671  0.08004542 -1.01629005
[17] -1.08966064 -1.06862690 -1.00686423 -1.09479645 -1.07595925  0.07984681  0.08628175  0.09262229
[25] -1.17206803 -1.14193247 -1.05457418 -0.94760754 -1.00533866 -1.21384893 -1.08022486 -1.11287447
[33] -0.91031329 -1.12700099 -1.09610881 -1.04759697  0.09239070  0.08556777  0.08404806 -0.83370100
[41] -0.87835620 -0.79300589 -0.81112811 -0.71142535 -0.76314177 -0.63444170 -0.82130041 -1.01903916
[49] -1.01985132 -1.02114957 -0.99739022 -1.01059178 -0.94446379 -0.90415490 -1.00949973 -0.91530745
[57]  0.45304538  0.45213940  0.09273416  0.08546618 -0.91940181 -0.88765017 -0.86893898 -0.84925483
[65]  0.08526798  0.07822931  0.08062279
> ADIm4
        ADIm4
1   5.9270006
2   4.8725505
3   5.5554924
4   5.7149895
5   5.9429678
6   4.6847254
7   3.4236142
8   3.7756467
9   4.8199672
10  4.7942105
11  3.1895096
12  1.8838870
13  0.0000000
14  6.6128378
15  3.5661993
16  0.5690421
17  7.9678356
18  5.8181484
19  8.8876940
20  6.3255558
21  6.7594902
22  4.2827969
23  4.7410513
24  5.6466936
25  8.2437763
26 10.2034426
27  7.9400921
28  8.7311587
29  9.2885654
30  6.9173974
31  3.5718110
32  5.4869320
33  7.5513671
34  4.7049344
35  4.2074231
36  0.6837704
37  5.4841287
38  6.8993624
39  6.9039944
40  4.8495211
41  5.7961026
42  2.7013314
43  4.6545310
44  2.6272035
45  5.2400663
46  2.8970430
47  4.3551413
48  2.7795685
> head(datos)
      ACIft       ADI     ACItf        BI        TE        ESM      NDSI           P         M          NP
1 0.8819622 1.3795854 0.6864085 0.3735688 0.7806671 -0.9956635 0.1022768 -0.44245195 0.1388995 -0.16482148
2 1.0224234 1.6136099 1.3787543 0.6897905 0.7409709 -0.8586662 0.2724419 -0.27476979 0.1399898 -0.14524572
3 1.1111610 1.2823332 1.5018129 0.6358792 0.7505869 -1.3599032 0.4671301  0.04466818 0.1420892 -0.04703168
4 1.6680496 1.3710151 1.6270492 1.0265698 0.6001441 -1.6925297 0.6093233  0.37518739 0.1599005  0.20865836
5 1.3575981 1.4735652 1.2911464 0.7627329 0.7030731 -1.2557208 0.2662555  0.17023406 0.1454324  0.15206473
6 0.9057974 0.8616371 1.7871847 0.4476466 0.6956673 -0.8012469 0.2089157  0.35985858 0.1475785 -0.16007452
         MID        BNF           MD         FM           SF        RMS         CF       ADIm1      ADIm2
1  0.1049488 -0.5144827 -0.192154113 -0.8291376  0.139879349 0.07123256 -0.5469691  0.08781725 -0.7278436
2 -0.1301082 -0.5082000  0.012233666 -1.3406669  0.147465283 0.07730199 -0.5475296 -0.04098462 -0.6784768
3 -0.3045168 -0.5157658 -0.051154195 -1.8035185  0.187222687 0.07741836 -0.5490027  0.17542231 -0.4293570
4 -0.5313282 -0.4965650 -0.174623094 -2.0551388 -0.214244705 0.12389148 -0.5313587 -0.25345743 -0.9820341
5 -0.6307706 -0.4888578 -0.100290080 -1.5874639 -0.164793270 0.08317348 -0.5420396  0.22550896 -0.8570306
6 -0.6275504 -0.4655198  0.002367116 -2.4043929  0.006157682 0.08205687 -0.5324563 -0.58091260 -1.6655005
       ADIm3       ADIm4      ADIm5      ADIm6       ADIm7      ADIm8     ADIm9    ADIm10    ADIm11 target
1 -0.5828622 -0.30879814 -0.9261499 -0.3310574 -0.08483386 -0.8633954 -1.828042 -2.117518 -2.407747      1
2 -0.6797415  0.24307821 -0.7365138 -0.2770286 -0.36856105 -0.9610681 -1.967073 -2.226737 -2.740342      1
3 -0.5961371  0.28260054 -0.4168199 -0.1227277 -0.19382656 -0.8098350 -2.247025 -2.729378 -2.948249      1
4 -1.0632905  0.15370317 -0.9029666 -0.6637935 -0.94821720 -1.5867448 -2.645995 -2.926667 -3.717506      1
5 -0.9137198  0.13113662 -0.7255019 -0.5142482 -0.34967319 -1.0126627 -2.140703 -2.623220 -3.301840      1
6 -1.1329202 -0.02519175 -0.4265882 -0.3045474 -0.23600849 -0.6369937 -1.884550 -2.252556 -2.769677      1
> BI
 [1]  0.373568767  0.689790501  0.635879209  1.026569763  0.762732894  0.447646640  0.583866089  0.661937981
 [9]  0.982857137  0.479492059 -0.144635637  1.776482516  0.345499406  0.404748996  0.257109066  1.002942994
[17]  0.948497182  0.798767339  1.307987145  0.279348106  0.696737385 -0.013464123  0.358246521  1.121917817
[25]  0.041067731  0.104440700 -0.212562879 -1.085957937 -1.088329511 -1.050553630 -1.732688260  0.079107265
[33] -0.828379841  0.805154826  0.725425702  0.708942086  0.022672011  0.129875031 -0.249885686  0.733650919
[41]  2.007503674  2.432540063  1.145278166  1.038913774  0.454368730  0.562991242  0.359789930  0.070045508
[49]  0.155210447 -0.045021161 -0.227758068 -0.005117783  0.420790041  0.467911609  0.673165880  0.216236474
[57] -0.540248143 -0.661843510 -0.782652563 -1.325787444  1.221641208  1.423275971  1.704619335  0.965228046
[65]  0.157129519 -0.180859224 -0.161203076
> M
 [1]  0.1388995  0.1399898  0.1420892  0.1599005  0.1454324  0.1475785  0.1514953  0.1440630  0.1589238
[10]  0.1501969  0.1359243  0.1892933  0.1663454  0.1599649  0.1530903 -1.1330242 -1.1785800 -1.1774627
[19] -1.1080582 -1.1908776 -1.1480894  0.1530098  0.1605370  0.1668498 -1.2313464 -1.2211485 -1.2085650
[28] -1.1788009 -1.1867368 -1.2602233 -1.2251199 -1.2129759 -1.1584851 -1.2153120 -1.2097656 -1.1855941
[37]  0.1672285  0.1598929  0.1582633 -0.9931043 -0.9230944 -0.8110672 -0.9308290 -0.9343438 -0.9914168
[46] -0.9954121 -1.0146329 -1.0559154 -1.0547169 -1.0603735 -1.0443674 -1.0544302 -1.0331206 -0.9941900
[55] -1.0418426 -0.9979806  0.5533775  0.5355511  0.1677303  0.1597457 -0.9502995 -0.9081380 -0.9035553
[64] -0.8901111  0.1591244  0.1514953  0.1542715
> fm1<-clm(as.factor(y) ~ ADIm3+RMS) 
> fm1
formula: as.factor(y) ~ ADIm3 + RMS

 link  threshold nobs logLik AIC    niter max.grad cond.H 
 logit flexible  67   -58.58 125.15 5(0)  2.32e-13 1.4e+01

Coefficients:
  ADIm3     RMS 
 1.1585 -0.6321 

Threshold coefficients:
    1|2     2|3 
0.09452 1.91379 
> 
> 
> summary(fm1)
formula: as.factor(y) ~ ADIm3 + RMS

 link  threshold nobs logLik AIC    niter max.grad cond.H 
 logit flexible  67   -58.58 125.15 5(0)  2.32e-13 1.4e+01

Coefficients:
      Estimate Std. Error z value Pr(>|z|)    
ADIm3   1.1585     0.3139   3.690 0.000224 ***
RMS    -0.6321     0.5233  -1.208 0.227064    
---
Signif. codes:  0 ‘***’ 0.001 ‘**’ 0.01 ‘*’ 0.05 ‘.’ 0.1 ‘ ’ 1

Threshold coefficients:
    Estimate Std. Error z value
1|2  0.09452    0.38788   0.244
2|3  1.91379    0.46028   4.158
> ADIm2
 [1] -0.72784359 -0.67847676 -0.42935696 -0.98203410 -0.85703058 -1.66550055 -1.27287536 -1.31738445
 [9] -1.48972840 -1.59325278 -1.03196115 -0.04665244  0.72229227  0.32011970  0.81479419 -1.01581747
[17] -0.92042406 -0.88620556 -1.28755662 -2.75458052 -3.49825561  0.63810475  1.04326249  0.71018221
[25] -0.52809832 -0.46111722 -0.42441972 -0.44227967 -0.34494659 -0.50104218  0.18972136 -0.96217244
[33] -0.80599862 -0.56217567 -0.48341677 -0.48754753  1.37794591  1.36463194  1.36567339 -1.34253663
[41] -1.10042687 -1.03596709 -1.73372248 -1.40892591 -1.26753320 -1.22838644 -1.15618699 -0.91388585
[49] -0.74782010 -0.58641394 -0.64111724 -0.92858711 -0.97038831 -1.09747334 -1.03532654 -0.97631970
[57] -0.38902708 -0.20946413  1.37678494  1.39134441  1.09053198  0.69497424  0.79889875  0.69669969
[65]  0.73037506  0.81849271  0.51776767
> ADIm3
 [1] -0.58286218 -0.67974147 -0.59613714 -1.06329051 -0.91371979 -1.13292021 -1.09815294 -1.29822652
 [9] -1.12454629 -1.82906692 -0.15389708  0.11295083  0.22644863 -0.17887090  0.43440182 -0.90084442
[17] -0.62585190 -0.60056738 -0.99052471 -1.24670348 -1.65840648  0.32430372  0.79452704  0.74741344
[25] -0.31965161 -0.57926516 -0.22938396 -0.11992675 -0.08112895 -0.12816884  1.01660057 -0.61211715
[33] -0.35894193 -0.84703664 -0.92217511 -1.02945074  1.52731033  1.48558290  1.62250508 -0.70107314
[41] -1.13803879 -0.89344933 -1.36797488 -1.18965624 -1.31216655 -1.37994298 -1.28793841 -0.61782588
[49] -0.47777108 -0.57405324 -0.32764443 -0.64907196 -0.81562066 -0.62144620 -0.98559235 -0.89526506
[57]  0.24221641  0.55360594  1.72783971  1.79512640  1.59191274  0.95433060  1.26224876  1.33017560
[65]  0.81527422  0.76192283  0.75207507
> ADIm4
        ADIm4
1   5.9270006
2   4.8725505
3   5.5554924
4   5.7149895
5   5.9429678
6   4.6847254
7   3.4236142
8   3.7756467
9   4.8199672
10  4.7942105
11  3.1895096
12  1.8838870
13  0.0000000
14  6.6128378
15  3.5661993
16  0.5690421
17  7.9678356
18  5.8181484
19  8.8876940
20  6.3255558
21  6.7594902
22  4.2827969
23  4.7410513
24  5.6466936
25  8.2437763
26 10.2034426
27  7.9400921
28  8.7311587
29  9.2885654
30  6.9173974
31  3.5718110
32  5.4869320
33  7.5513671
34  4.7049344
35  4.2074231
36  0.6837704
37  5.4841287
38  6.8993624
39  6.9039944
40  4.8495211
41  5.7961026
42  2.7013314
43  4.6545310
44  2.6272035
45  5.2400663
46  2.8970430
47  4.3551413
48  2.7795685
> datos
          ACIft          ADI        ACItf           BI           TE         ESM        NDSI           P
1   0.881962199  1.379585380  0.686408536  0.373568767  0.780667110 -0.99566353  0.10227675 -0.44245195
2   1.022423445  1.613609915  1.378754266  0.689790501  0.740970925 -0.85866617  0.27244190 -0.27476979
3   1.111161041  1.282333177  1.501812872  0.635879209  0.750586921 -1.35990324  0.46713012  0.04466818
4   1.668049565  1.371015119  1.627049212  1.026569763  0.600144119 -1.69252968  0.60932330  0.37518739
5   1.357598056  1.473565177  1.291146358  0.762732894  0.703073142 -1.25572078  0.26625554  0.17023406
6   0.905797351  0.861637065  1.787184722  0.447646640  0.695667319 -0.80124693  0.20891567  0.35985858
7   1.202490265  1.047119241  1.583001505  0.583866089  0.678248188 -1.46312045  0.32441072  0.48570966
8   0.664333418  1.155844429  0.474020282  0.661937981  0.665447705 -1.89103616  0.64282075  0.18084133
9   0.992874873  1.430425080  0.539384561  0.982857137  0.549246112 -2.27323179  0.88915195  0.07489677
10  1.409782275  0.854388319  1.372721300  0.479492059  0.632554258 -2.04628702  0.60874516  0.27408775
11  0.407199433  0.602753180  0.653692278 -0.144635637  0.768832294  0.34386378 -0.11491460  0.06676405
12  0.482933937  0.089025719  0.405244654  1.776482516  0.582732540  0.60087401  0.44773333 -0.19014955
13 -0.593731594  0.668040867 -0.472093512  0.345499406  0.890733650  0.88774538 -0.48089817 -0.57005309
14 -0.717434499  0.529424078 -0.397023743  0.404748996  0.893598688  1.07595595 -0.48403278 -0.64103751
15 -0.425707959  0.957103446 -0.346401309  0.257109066  0.892017002  0.64159261 -0.47288925 -0.56562536
16  1.057795002 -0.492716154 -1.642327403  1.002942994 -0.431402859 -0.16396070  0.44592323  3.15488204
17  0.623629026 -0.097262317 -1.410498875  0.948497182 -0.211117262 -0.13116721  0.58692991  2.06181166
18  1.161002460 -0.330228469 -0.626338924  0.798767339 -0.309539952 -0.47691731  0.59390102  1.93763494
19  2.445019710  0.233933684  0.093423250  1.307987145 -0.456433372 -0.64370547  0.86799954  3.32553294
20  1.205248982 -0.038260601 -0.250690362  0.279348106 -0.060432749 -0.59803383  0.35750022 -0.15173896
21  1.324690700 -0.127247370  0.392165338  0.696737385 -0.175931930 -1.28352409  0.28072848  1.76609781
22 -0.456944205 -0.016396570 -0.740647863 -0.013464123  0.882378341  1.05048651 -0.90154421 -0.51334895
23 -0.305990019 -0.165560566 -0.847640829  0.358246521  0.880708377  0.74541100 -0.48494457 -0.41961560
24 -0.560255513 -0.430877744 -0.612698800  1.121917817  0.860323824  1.00112516 -0.46077226  0.15614136
25 -0.280338374 -0.153801006 -0.642551068  0.041067731  0.273331596  0.57424066 -0.24903987  0.26865679
26 -0.316401977 -0.417427398 -0.481639458  0.104440700  0.164504657  0.50661197  0.11816414  0.40317176
27 -0.333508406 -0.496036069 -0.704868907 -0.212562879 -0.086565615  0.47157589  0.07447263 -0.23210413
28 -0.755900497 -0.883818144 -0.709282218 -1.085957937 -0.299560281  0.40012265 -0.08943750 -0.66184807
29 -0.811225762 -1.819070650 -0.636946422 -1.088329511 -0.422067310  0.32144570 -0.50364619 -0.32016426
30 -0.888806931 -0.092445937 -0.542790800 -1.050553630  0.664706594  1.11873508 -0.06943295 -0.62688842
31 -1.000235308 -1.356407083 -1.155484463 -1.732688260  0.118249345  1.24554552 -1.57611340 -0.27651239
32 -0.272811753 -0.128782002 -0.454971905  0.079107265  0.052853652  0.33936904 -0.07036994  0.47343385
33 -0.615086080 -1.287978946 -0.873826481 -0.828379841 -0.657763565  0.51483955 -0.52443827 -0.20923624
34  0.162475168  0.868596314 -0.393413389  0.805154826  0.104520853  0.16559002  0.60142855  0.66686582
35  0.050424624  0.506462135 -0.333026493  0.725425702 -0.064996389  0.15669031  0.59670903  0.51454619
36  0.153452810 -0.056551981 -0.228279199  0.708942086 -0.233743815  0.19981423  0.61846470  0.56884800
37 -0.255658682 -0.612493316 -0.893594119  0.022672011  0.902783765  0.48954790 -0.62271886 -0.85582897
38 -0.053898296 -0.778902307 -0.971309946  0.129875031  0.902258254  0.53897165 -0.80166173 -0.84991814
39  0.023103573 -1.063868086 -0.870568778 -0.249885686  0.902796448  0.46802710 -0.87086094 -0.85171888
40  2.431933730 -1.307912200  0.846672843  0.733650919 -0.367436477 -0.01142314  0.25506182  1.04899223
41  2.167735464 -0.850822753  1.059681224  2.007503674 -0.046558273  0.24046219  0.62618284  2.53183624
42  2.619770723 -0.867379587  1.372667617  2.432540063 -0.167604920  0.36881440  0.78711349  1.99643986
43  2.312368283 -1.208186407  0.950260775  1.145278166 -0.345254004  0.10059997  0.51159564  0.81025369
44  3.145898456 -1.364728480  0.880513856  1.038913774 -0.783016381  0.18791998  0.39023165  0.71419051
45  1.064914695 -1.212134432  1.066362665  0.454368730 -0.545508812  0.15440585  0.36508217  0.34172709
46  1.424976689 -0.799475024  0.843248168  0.562991242 -0.801856461  0.16017344  0.33999532  0.34283956
47  1.746771268 -1.325247263  0.834855614  0.359789930 -0.387678794  0.39006949  0.45589745 -0.10543285
48 -0.463468581  0.209669855 -0.514646669  0.070045508  0.453144116 -0.76450375 -0.05960639  0.26847793
49 -0.329110297  0.126032232 -0.292208507  0.155210447  0.447977683 -0.67468996  0.12791964  0.45417216
50 -0.201305483 -0.011479070 -0.340337387 -0.045021161  0.425064326 -0.67631582  0.06399936 -0.09556049
51 -0.431548689  0.160916311 -0.456961487 -0.227758068  0.297386037 -0.79650357  0.30240518  0.16742465
52 -0.494440350 -0.192145839 -0.400826851 -0.005117783  0.355977953 -0.86680227  0.08192603  0.31137255
53 -0.741638974  0.472081032  0.313515239  0.420790041  0.207800084 -0.72464506  0.63528902  1.59415761
54 -0.199168028 -0.137445912 -0.322043051  0.467911609 -0.034006047 -1.26224137  0.55091816  3.07812917
55 -0.429898617  0.572503983  0.296336685  0.673165880  0.388432038 -0.93970183  0.37619423  0.83734665
56 -0.734584580 -0.216762078 -0.329281372  0.216236474  0.087974392 -0.52036639  0.21404036  1.76904705
57 -3.632749934 -1.316842958 -2.752317789 -0.540248143  0.764021561 -0.48688505 -0.10321381 -0.34794546
58 -2.496884533 -0.923160705 -2.258908130 -0.661843510  0.765779849 -0.12629386  0.23758601 -0.54783722
59 -0.695390589 -1.997523428 -1.372648025 -0.782652563  0.906224229  1.83718064  0.65606963 -0.62323009
60 -0.646601281 -2.110404989 -1.212527234 -1.325787444  0.906231216  1.40690094  0.35407127 -0.67951883
61 -0.457284745 -0.618380667 -0.754620059  1.221641208  0.009834339  0.52299809  1.35679009 -0.10448529
62 -0.336679212 -0.579981648 -0.387524368  1.423275971 -0.051851650  0.09057036  1.35036472  0.21121450
63  0.007880427 -0.130418495 -0.006563979  1.704619335 -0.192426534 -0.02022130  1.54677332  0.54415985
64 -0.085619145 -0.270297783 -0.175807851  0.965228046 -0.169965445  0.49232162  1.38178373  0.72225536
65 -0.299264198 -0.043229991 -0.996947914  0.157129519  0.892220719  1.10151852 -0.79879266 -0.55707877
66 -0.135157157 -0.164378359 -0.888396655 -0.180859224  0.897695275  1.22702432 -0.95135216 -0.65942575
67 -0.411179731  0.001329397 -0.796750161 -0.161203076  0.896299293  1.18439852 -1.03127213 -0.64278017
            M          NP         MID        BNF           MD           FM           SF         RMS
1   0.1388995 -0.16482148  0.10494877 -0.5144827 -0.192154113 -0.829137632  0.139879349  0.07123256
2   0.1399898 -0.14524572 -0.13010825 -0.5082000  0.012233666 -1.340666882  0.147465283  0.07730199
3   0.1420892 -0.04703168 -0.30451681 -0.5157658 -0.051154195 -1.803518517  0.187222687  0.07741836
4   0.1599005  0.20865836 -0.53132816 -0.4965650 -0.174623094 -2.055138824 -0.214244705  0.12389148
5   0.1454324  0.15206473 -0.63077057 -0.4888578 -0.100290080 -1.587463880 -0.164793270  0.08317348
6   0.1475785 -0.16007452 -0.62755037 -0.4655198  0.002367116 -2.404392939  0.006157682  0.08205687
7   0.1514953  0.05634861 -0.49091631 -0.4518223  0.001934987 -2.223009401 -0.144194340  0.08598796
8   0.1440630  0.06134358 -0.75496467 -0.4965521 -0.098552105 -2.114546748 -0.331839054  0.09128681
9   0.1589238  0.22418325 -0.75976413 -0.4748102 -0.339604071 -2.134926484 -0.590491368  0.14097980
10  0.1501969  0.05301522 -0.73883498 -0.4703442 -0.446873526 -2.136290415 -0.539821983  0.09775573
11  0.1359243 -0.48672553 -0.65555142 -0.5072056  0.359251135 -1.276513250  0.708902171  0.06871805
12  0.1892933  0.76961123  0.38824261 -0.3790692  0.196131338 -0.808508910 -0.320566232  0.12250497
13  0.1663454 -0.59221720  1.16262832 -0.6440064  0.177247171  0.223150263  0.079499167  0.09215310
14  0.1599649 -0.61276862  0.93411761 -0.6477417  0.305984749  0.057785515 -0.099930105  0.08620671
15  0.1530903 -0.52149870  1.23941325 -0.6475864  0.162923011  0.073941337  0.132128993  0.08004542
16 -1.1330242 -0.06106049 -1.18593715 -0.4831206 -0.225159212  0.021678525 -0.722702110 -1.01629005
17 -1.1785800 -0.27686543 -1.10132307 -0.5032672 -0.334808736  0.087195888 -0.729388839 -1.08966064
18 -1.1774627 -0.14527095 -1.20045752 -0.5070792 -0.423085906  0.202890956 -0.715497384 -1.06862690
19 -1.1080582 -0.24615522 -1.19338087 -0.4740986 -0.648004055  0.173966440 -0.958562114 -1.00686423
20 -1.1908776 -0.10519503 -0.79550602 -0.5086360  0.603313967 -0.140138928 -0.370983827 -1.09479645
21 -1.1480894 -0.03746529 -0.50189834 -0.4700260 -0.403466385 -0.437510411 -0.746682550 -1.07595925
22  0.1530098 -0.45519464  1.53352847 -0.6322802  0.186133277  0.539642072  0.081591711  0.07984681
23  0.1605370 -0.59810415  1.04001577 -0.6303725  0.297406665  0.785260031 -0.138956984  0.08628175
24  0.1668498 -0.50465628  0.74797371 -0.6185939  0.306949185  0.264414514 -0.164817401  0.09262229
25 -1.2313464 -0.78084090 -0.25118435 -0.5044850 -0.679432215  0.618855011  0.228920250 -1.17206803
26 -1.2211485 -0.58928428 -0.46948341 -0.5173815 -0.659748545  0.467903488  0.245567937 -1.14193247
27 -1.2085650 -0.56860487 -0.29814972 -0.5040173 -0.785826988  0.847904027  0.172389151 -1.05457418
28 -1.1788009 -0.59112645 -0.47994962 -0.5074256 -0.829201846  0.667792363  0.444886608 -0.94760754
29 -1.1867368 -0.58012658 -0.52805063 -0.4962918 -0.896815965  0.553389036 -0.315204889 -1.00533866
30 -1.2602233 -0.72669845  0.16398874 -0.5699676 -0.447521993  0.223916085  1.424593737 -1.21384893
31 -1.2251199 -0.73768388 -0.48779049 -0.5302509 -0.445307765  1.355656414  0.501026641 -1.08022486
32 -1.2129759 -0.46894077 -0.20225993 -0.4974717 -0.830911931  0.458166470  0.260455371 -1.11287447
33 -1.1584851 -0.47663903 -0.55939718 -0.4647552 -0.936266187  0.939359889 -0.316887641 -0.91031329
34 -1.2153120 -0.75144968 -0.15344927 -0.5110841 -0.992888827  0.407251145 -0.084623606 -1.12700099
35 -1.2097656 -0.76250115 -0.41019999 -0.5117305 -1.122256108  0.379114179 -0.043993441 -1.09610881
36 -1.1855941 -0.55382256 -0.40255186 -0.4975131 -1.198556459  0.308940412 -0.219424098 -1.04759697
37  0.1672285 -0.49761360  1.45662524 -0.6369394 -0.099366874  0.824598492  0.334259899  0.09239070
38  0.1598929 -0.32395461  1.35860258 -0.6337366 -0.065170950  1.032300759  0.378683727  0.08556777
39  0.1582633 -0.37425629  1.47466463 -0.6291125  0.039057131  0.905086640  0.465393042  0.08404806
40 -0.9931043 -0.02692701 -0.90450776 -0.4587009 -0.968181624 -0.573009094 -0.825524585 -0.83370100
41 -0.9230944  0.20299711 -0.14430427 -0.4218657 -1.064058692 -1.018841961 -0.631920220 -0.87835620
42 -0.8110672  0.29227586 -0.27443723 -0.3489194 -0.944520389 -1.522123386 -0.643793029 -0.79300589
43 -0.9308290  0.25815203 -0.32042638 -0.4478564 -0.940509919 -0.893013284 -0.669785388 -0.81112811
44 -0.9343438  0.30535330 -0.40205391 -0.4413468 -0.955974905 -0.475075952 -0.885951937 -0.71142535
45 -0.9914168 -0.12883656 -0.44406675 -0.4849329 -0.592338086 -1.218423173 -0.765738153 -0.76314177
46 -0.9954121 -0.02759593 -0.42804561 -0.4997825 -0.803595136 -1.056070973 -0.777759068 -0.63444170
47 -1.0146329 -0.21592300 -0.57071188 -0.5056910 -0.733304938 -0.994328934 -0.640583743 -0.82130041
48 -1.0559154 -0.49946091  0.19110482 -0.4942293 -1.175262983  0.460185069  0.014950551 -1.01903916
49 -1.0547169 -0.46874746  0.15523387 -0.4930711 -1.195664198  0.232147685  0.066768365 -1.01985132
50 -1.0603735 -0.43268324  0.15986525 -0.4917085 -1.241259727  0.312544233  0.015022302 -1.02114957
51 -1.0443674 -0.49069290 -0.08844572 -0.4720286 -1.292928193  0.308303175 -0.198089326 -0.99739022
52 -1.0544302 -0.65207364  0.10503567 -0.4756931 -1.241522397  0.208120008 -0.159936674 -1.01059178
53 -1.0331206 -0.52152706 -0.06386163 -0.4877013 -1.166262483 -1.026603097 -0.115442130 -0.94446379
54 -0.9941900 -0.29354389  0.07475241 -0.4384128 -1.317661276  0.145217167 -0.553965248 -0.90415490
55 -1.0418426 -0.39424481  0.35264247 -0.4738013 -1.239603431 -0.808663707 -0.127739027 -1.00949973
56 -0.9979806 -0.27960936  0.15516525 -0.4536468 -1.296208920 -0.070136057 -0.425664859 -0.91530745
57  0.5533775 -0.20336396 -0.72400644 -0.5158040 -1.207276697  1.616881278 -0.111085686  0.45304538
58  0.5355511 -0.33384155 -0.81189899 -0.5589371 -1.056084899  1.726873425  0.218228733  0.45213940
59  0.1677303  0.52076044  1.95754819 -0.6300987  0.086409090  1.349134349  1.691034282  0.09273416
60  0.1597457  0.31421026  2.04380499 -0.6328773  0.140758866  1.198201603  1.736254311  0.08546618
61 -0.9502995  1.87159640  1.22517426 -0.2093120 -1.668080475  0.470230411 -0.686715837 -0.91940181
62 -0.9081380  1.85001205  1.30515074 -0.2084959 -1.660149028 -0.005060647 -0.691736983 -0.88765017
63 -0.9035553  1.84335089  0.57923554 -0.2068665 -1.638029195 -0.639941016 -0.925289992 -0.86893898
64 -0.8901111  1.89998849  0.96076122 -0.2137700 -1.595645886 -0.410012115 -0.694573609 -0.84925483
65  0.1591244 -0.71665699  1.19203239 -0.6481918 -0.012719853  0.950510619 -0.106910611  0.08526798
66  0.1514953 -0.73469953  1.35273073 -0.6510230  0.164884651  0.846422795  0.084363048  0.07822931
67  0.1542715 -0.75403812  1.31279780 -0.6494587  0.244262668  0.695297516  0.112290357  0.08062279
            CF       ADIm1       ADIm2       ADIm3       ADIm4       ADIm5        ADIm6       ADIm7
1  -0.54696912  0.08781725 -0.72784359 -0.58286218 -0.30879814 -0.92614985 -0.331057450 -0.08483386
2  -0.54752965 -0.04098462 -0.67847676 -0.67974147  0.24307821 -0.73651377 -0.277028587 -0.36856105
3  -0.54900268  0.17542231 -0.42935696 -0.59613714  0.28260054 -0.41681994 -0.122727689 -0.19382656
4  -0.53135867 -0.25345743 -0.98203410 -1.06329051  0.15370317 -0.90296659 -0.663793521 -0.94821720
5  -0.54203956  0.22550896 -0.85703058 -0.91371979  0.13113662 -0.72550187 -0.514248235 -0.34967319
6  -0.53245631 -0.58091260 -1.66550055 -1.13292021 -0.02519175 -0.42658821 -0.304547450 -0.23600849
7  -0.53576958 -0.61699862 -1.27287536 -1.09815294  0.25264641 -0.16764188 -0.062751901 -0.10102887
8  -0.53333750 -0.47097633 -1.31738445 -1.29822652 -0.08273587 -0.19240630 -0.351406428 -0.62970295
9  -0.53077865 -0.61988131 -1.48972840 -1.12454629  0.15255237 -0.03307870 -0.201372831 -0.60585855
10 -0.50480356 -0.67064854 -1.59325278 -1.82906692 -0.08248455 -0.21323920 -0.003668579 -0.19442854
11 -0.55410236 -0.39739208 -1.03196115 -0.15389708  0.14192394 -0.09817292  0.027253499  0.30079782
12 -0.52541095  0.31787442 -0.04665244  0.11295083  0.61888570 -0.24507397 -0.325794612  0.15905692
13 -0.58118787  1.12355098  0.72229227  0.22644863  0.44022067 -0.36998573 -0.931916659 -0.10983993
14 -0.58103144  1.06169002  0.32011970 -0.17887090  0.49811346 -0.43991958 -0.636715099 -0.39384309
15 -0.58027332  1.08013287  0.81479419  0.43440182  0.33564288 -0.46440839 -1.079728083 -0.34797950
16 -0.36484158 -0.63578913 -1.01581747 -0.90084442 -0.87923590 -0.84944708 -0.662643584 -0.55261303
17 -0.44710949 -0.52261261 -0.92042406 -0.62585190 -0.80411838 -0.85441388 -0.801018258 -0.71167626
18 -0.43340878 -0.63701248 -0.88620556 -0.60056738 -0.86669272 -0.93841185 -1.147771492 -0.83271835
19 -0.31354886 -0.59002954 -1.28755662 -0.99052471 -1.11475929 -1.14681197 -1.051094819 -0.67380046
20 -0.43308579 -1.54389832 -2.75458052 -1.24670348 -0.97130076 -0.47206986 -0.012476197  0.16775069
21 -0.46655250 -1.29033459 -3.49825561 -1.65840648 -0.47871833 -0.40549102 -0.294614211 -0.09744405
22 -0.58107197  0.98622255  0.63810475  0.32430372  1.21297767 -0.01850878 -0.406158339  0.91916981
23 -0.58117080  1.11343019  1.04326249  0.79452704  1.48013279  0.43797885 -0.162328318  0.65539837
24 -0.57460054  1.01346725  0.71018221  0.74741344  1.17222643 -0.18091252 -0.202452089  0.08369722
25 -0.51617639 -0.41549897 -0.52809832 -0.31965161  0.62982074 -0.40084194 -0.295586328 -0.29886291
26 -0.38014149 -0.42668953 -0.46111722 -0.57926516  0.27068689 -0.70467633 -0.798898595 -0.42832073
27 -0.30036902 -0.31940559 -0.42441972 -0.22938396  0.42886510 -0.49007871 -0.861169164 -0.83588386
28 -0.23551384 -0.53066160 -0.44227967 -0.11992675  0.25105007 -0.19046805 -0.529680109 -0.98628156
29 -0.27307824 -0.78180057 -0.34494659 -0.08112895  0.68955791 -0.11757962 -0.453053243 -0.08172818
30 -0.33974735 -0.23872174 -0.50104218 -0.12816884  0.60690039  0.24818129 -0.068352202 -0.65345199
31  0.62084554 -1.63018427  0.18972136  1.01660057  1.68433415  1.56196637  1.075468504  1.07596494
32 -0.37430845 -0.41443515 -0.96217244 -0.61211715  0.32925204 -0.69450354 -0.935395539 -0.24812626
33 -0.14826913 -1.25922906 -0.80599862 -0.35894193  0.32572679 -0.24756792 -0.953564570 -0.37936555
34 -0.39746498 -0.03787356 -0.56217567 -0.84703664 -0.24212518 -1.21314643 -2.185331135 -1.75760409
35 -0.39324453 -0.09739192 -0.48341677 -0.92217511 -0.13117739 -1.24590758 -2.425724309 -1.92577377
36 -0.32224663 -0.15250561 -0.48754753 -1.02945074 -0.28417825 -1.31113602 -2.421513187 -2.05241288
37 -0.58272896  1.29886769  1.37794591  1.52731033  1.67154842  1.55314679  1.360815739  1.52260500
38 -0.58228036  1.30221499  1.36463194  1.48558290  1.67055281  1.37545884  1.598300127  1.57358968
39 -0.58196272  1.29419958  1.36567339  1.62250508  1.75530714  1.44662333  1.644000300  1.49567226
40 -0.34082998 -1.02587240 -1.34253663 -0.70107314 -0.62187626 -0.96756404 -0.233725884 -0.96735533
41 -0.40315100 -0.36936440 -1.10042687 -1.13803879 -1.22912010 -0.81941211 -0.268659695 -1.42779287
42 -0.39834613 -0.57458814 -1.03596709 -0.89344933 -1.07142218 -0.86690714 -0.427565537 -0.84240278
43 -0.39794674 -0.71187105 -1.73372248 -1.36797488 -1.20041017 -1.31056245 -1.099713921 -0.97861024
44 -0.19887053 -1.00910130 -1.40892591 -1.18965624 -1.28877760 -0.84481736 -0.527876189 -0.37164078
45 -0.17917152 -1.72802081 -1.26753320 -1.31216655 -1.36389931 -0.63752664 -1.027801767 -0.05432602
46 -0.07512368 -1.88644715 -1.22838644 -1.37994298 -1.61296976 -1.00629769 -1.109809700 -0.65064285
47 -0.31034229 -1.98124459 -1.15618699 -1.28793841 -1.16645440 -0.65552353 -1.007756938 -0.37337708
48 -0.46637261 -0.56485681 -0.91388585 -0.61782588 -1.00257686 -0.64584975 -0.107990442 -0.09161497
49 -0.42242202 -0.44969195 -0.74782010 -0.47777108 -0.76391173 -0.72154177 -0.231125737 -0.18766994
50 -0.42953501 -0.35924997 -0.58641394 -0.57405324 -0.61188812 -0.92451914 -0.320556310 -0.50507209
51 -0.50620790 -0.25740378 -0.64111724 -0.32764443 -0.63169132 -0.94665776  0.004275653 -0.19246639
52 -0.49239718 -0.47558181 -0.92858711 -0.64907196 -0.51066473 -1.15569169 -0.136370929  0.13459405
53 -0.35370150 -0.27698285 -0.97038831 -0.81562066 -1.50879384 -0.96009695 -0.278943511 -0.47081345
54 -0.48506495 -0.61086029 -1.09747334 -0.62144620 -0.53221430 -1.05197743 -0.558942678 -0.36276798
55 -0.46516771 -0.11734222 -1.03532654 -0.98559235 -1.22504154 -1.82159154 -0.498876049 -0.45269855
56 -0.37043692 -0.52387242 -0.97631970 -0.89526506 -1.32457129 -1.71910767 -0.550999856 -0.43791847
57 -0.53657678 -0.01724023 -0.38902708  0.24221641 -0.22260929  0.34483876  0.797402439  0.19036583
58 -0.53713525  0.25977125 -0.20946413  0.55360594 -0.05344683  0.46669286  1.000748395  0.38569636
59 -0.58265921  1.33688819  1.37678494  1.72783971  1.78065798  1.71084308  1.737646294  1.67206347
60 -0.58230881  1.26559917  1.39134441  1.79512640  1.92077891  1.97738685  1.805822632  1.58331894
61 -0.37706853  0.19806140  1.09053198  1.59191274  1.41977121  1.68526361  1.314935220  1.42768166
62 -0.33163027 -0.18159732  0.69497424  0.95433060  0.98677592  1.11330849  1.016984549  0.93827514
63 -0.45419722  0.12718264  0.79889875  1.26224876  0.58413734  1.13626671  0.818111872  0.87625314
64 -0.40126797 -0.11379196  0.69669969  1.33017560  0.55119769  1.25960120  1.053115556  0.91566689
65 -0.57841191  1.09634298  0.73037506  0.81527422  0.93322467  0.30530245  0.337106184  0.36874287
66 -0.57931601  1.03526836  0.81849271  0.76192283  0.71103060  0.30877033  0.224557443  0.80637954
67 -0.57780744  1.05297000  0.51776767  0.75207507  0.94548007  0.06582347 -0.132380308  0.31324319
          ADIm8       ADIm9       ADIm10      ADIm11 target
1  -0.863395405 -1.82804249 -2.117518389 -2.40774711      1
2  -0.961068138 -1.96707292 -2.226736818 -2.74034243      1
3  -0.809834961 -2.24702483 -2.729378196 -2.94824867      1
4  -1.586744847 -2.64599471 -2.926667139 -3.71750599      1
5  -1.012662710 -2.14070295 -2.623220389 -3.30184025      1
6  -0.636993717 -1.88454969 -2.252556061 -2.76967735      1
7  -0.908189262 -2.26168528 -2.885601465 -3.19347388      1
8  -1.561908259 -2.68268240 -2.908725845 -3.17173363      1
9  -1.198801193 -2.78347609 -3.429045395 -3.67325871      1
10 -0.929000237 -2.71526381 -3.459791333 -3.41493516      1
11  0.373804826 -0.98050312 -0.964405956 -0.76464380      1
12  0.670454455 -0.44271719 -0.640013586 -0.84687429      1
13 -0.160054501 -0.30796471  0.320517371  0.23907291      1
14  0.075437195  0.19695087  0.473753626  0.53650808      1
15 -0.425076511 -0.59747564  0.093243552  0.02254929      1
16 -1.807996830 -1.09906175 -1.238844534 -0.67438643      1
17 -1.711835175 -0.88645088 -0.944805067 -0.31270629      1
18 -1.595538190 -1.08075272 -1.420672209 -0.71312773      1
19 -1.842751563 -1.11650400 -1.349809168 -1.01102373      1
20 -0.348151486 -0.93150505 -1.248509310 -0.85369462      1
21 -0.581121552 -1.39041152 -1.808725387 -1.01326388      1
22  0.291060984  0.39947577  0.461708297  0.60924047      1
23  0.804844299  0.51752527  0.566780771  0.66622306      1
24  0.831453852  0.70702081  0.760803653  0.59093445      1
25  0.279929195  0.28142561  0.266629758  0.54650604      1
26 -0.182561075 -0.11937576 -0.010168513  0.31012203      1
27 -0.522413841  0.14662463  0.028499056  0.42978462      1
28 -0.336021854  0.33174155  0.187828987  0.37894147      1
29 -0.318629317  0.01981048  0.175715326  0.40315815      1
30  0.300338616  0.79142885  0.809770294  1.06577869      1
31  1.297676939  0.99806697  0.832450895  0.73090685      1
32 -0.474603065  0.05410683  0.006944342  0.09774739      1
33 -0.669414201  0.05102243  0.189273845  0.36196726      1
34 -1.073866010 -0.82016771 -0.591433485 -0.53682972      1
35 -1.394463292 -1.44126733 -0.875208809 -0.87905105      1
36 -1.530514607 -1.42863711 -0.983595414 -1.21444898      1
37  1.165436937  0.56250490  0.364215573  0.20895719      2
38  1.107643066  0.35759860  0.239382497  0.10304327      2
39  1.041723686  0.38527308  0.241502357  0.19068195      2
40 -0.234428497 -0.31080755 -0.235203542 -0.05242556      2
41  0.031881964  0.16690497  0.107673083 -0.07716648      2
42 -0.130375186  0.02958096  0.163447917  0.26617831      2
43 -0.351656679 -0.36147962 -0.408172901  0.02408093      2
44  0.015925782 -0.16504137 -0.339435971 -0.44603502      2
45 -0.158473473 -0.62407662 -0.587237452 -0.29615522      2
46 -0.510263141 -0.70821742 -0.663199388 -0.43847223      2
47 -0.092318666 -0.44042724 -0.437639847 -0.25182926      2
48  0.118864680 -0.21644383 -0.454658432 -0.13062330      2
49  0.071319420 -0.32497638 -0.369714045 -0.02190559      2
50 -0.252384891 -0.52479887 -0.424018326 -0.09788446      2
51 -0.086953388 -0.76813652 -0.682079214 -0.19768487      2
52  0.000036300 -0.43883264 -0.356669814 -0.02662282      2
53  0.004103698 -0.34090994 -0.297489162  0.09127224      2
54  0.079551170 -0.35605637 -0.323068986 -0.11606819      2
55 -0.268809496 -0.45645343 -0.306272618 -0.11675201      2
56 -0.472426078 -0.40478415 -0.242404456  0.18322701      2
57 -0.012384660 -0.30627338 -0.201509380  0.04926066      3
58  0.256291393  0.33358982  0.209430430  0.29359900      3
59  2.101930869  1.59862279  1.344010916  1.35069273      3
60  1.720186303  1.29299079  1.075191374  0.99688687      3
61  1.688971273  1.43260250  1.113826339  0.89699678      3
62  1.270326819  0.95905362  0.639909350  0.50094562      3
63  1.172463190  0.77517254  0.335496805  0.43620882      3
64  1.195823559  1.10706505  0.956343440  0.80150649      3
65  0.723300948  0.84059482  0.807253570  0.94393556      3
66  0.653018652  0.74070875  0.718514748  0.75950099      3
67  0.385286684  0.74498314  0.751686429  0.82140171      3
> fm1<-clm(as.factor(y) ~ ADIm3+RMS+datos$ADIm4) 
> fm1
formula: as.factor(y) ~ ADIm3 + RMS + datos$ADIm4

 link  threshold nobs logLik AIC   niter max.grad cond.H 
 logit flexible  67   -34.80 79.59 6(0)  3.74e-09 9.3e+01

Coefficients:
      ADIm3         RMS datos$ADIm4 
     6.9498      0.3351     -5.6203 

Threshold coefficients:
   1|2    2|3 
-1.531  1.715 
> summary(fm1)
formula: as.factor(y) ~ ADIm3 + RMS + datos$ADIm4

 link  threshold nobs logLik AIC   niter max.grad cond.H 
 logit flexible  67   -34.80 79.59 6(0)  3.74e-09 9.3e+01

Coefficients:
            Estimate Std. Error z value Pr(>|z|)    
ADIm3         6.9498     1.4526   4.784 1.72e-06 ***
RMS           0.3351     0.8217   0.408    0.683    
datos$ADIm4  -5.6203     1.2262  -4.584 4.57e-06 ***
---
Signif. codes:  0 ‘***’ 0.001 ‘**’ 0.01 ‘*’ 0.05 ‘.’ 0.1 ‘ ’ 1

Threshold coefficients:
    Estimate Std. Error z value
1|2  -1.5313     0.6264  -2.445
2|3   1.7153     0.6557   2.616
> fm1<-clm(as.factor(y) ~ ADIm3+datos$ADIm4) 
> summary(fm1)
formula: as.factor(y) ~ ADIm3 + datos$ADIm4

 link  threshold nobs logLik AIC   niter max.grad cond.H 
 logit flexible  67   -34.88 77.76 6(0)  4.27e-09 8.4e+01

Coefficients:
            Estimate Std. Error z value Pr(>|z|)    
ADIm3          6.995      1.447   4.834 1.34e-06 ***
datos$ADIm4   -5.560      1.203  -4.620 3.83e-06 ***
---
Signif. codes:  0 ‘***’ 0.001 ‘**’ 0.01 ‘*’ 0.05 ‘.’ 0.1 ‘ ’ 1

Threshold coefficients:
    Estimate Std. Error z value
1|2  -1.3568     0.4546  -2.984
2|3   1.8913     0.4963   3.811
>     correlationanalisis(ADIm3+ADIm4)
>     correlationanalisis(ADIm3+ADIm4)
> x=ADIm3+ADIm4
> x
        ADIm4
1   5.3441385
2   4.1928090
3   4.9593553
4   4.6516990
5   5.0292480
6   3.5518052
7   2.3254613
8   2.4774201
9   3.6954209
10  2.9651436
11  3.0356125
12  1.9968378
13  0.2264486
14  6.4339669
15  4.0006011
16 -0.3318023
17  7.3419837
18  5.2175810
19  7.8971693
20  5.0788523
21  5.1010837
22  4.6071006
23  5.5355784
24  6.3941071
25  7.9241246
26  9.6241775
27  7.7107082
28  8.6112319
29  9.2074365
30  6.7892286
31  4.5884116
32  4.8748148
33  7.1924252
34  3.8578978
35  3.2852480
36 -0.3456803
37  7.0114390
38  8.3849453
39  8.5264995
40  4.1484479
41  4.6580638
42  1.8078821
43  3.2865561
44  1.4375472
45  3.9278998
46  1.5171000
47  3.0672029
48  2.1617426
> x=ADIm3
> rbind(ADIM4,ADIm3)
Error in rbind(ADIM4, ADIm3) : object 'ADIM4' not found
> rbind(ADIm4,ADIm3)
        ADIm4
1   5.9270006
2   4.8725505
3   5.5554924
4   5.7149895
5   5.9429678
6   4.6847254
7   3.4236142
8   3.7756467
9   4.8199672
10  4.7942105
11  3.1895096
12  1.8838870
13  0.0000000
14  6.6128378
15  3.5661993
16  0.5690421
17  7.9678356
18  5.8181484
19  8.8876940
20  6.3255558
21  6.7594902
22  4.2827969
23  4.7410513
24  5.6466936
25  8.2437763
26 10.2034426
27  7.9400921
28  8.7311587
29  9.2885654
30  6.9173974
31  3.5718110
32  5.4869320
33  7.5513671
34  4.7049344
35  4.2074231
36  0.6837704
37  5.4841287
38  6.8993624
39  6.9039944
40  4.8495211
41  5.7961026
42  2.7013314
43  4.6545310
44  2.6272035
45  5.2400663
46  2.8970430
47  4.3551413
48  2.7795685
49 -0.5828622
> b=ADIm4
> a=ADIm3
> new <- rbind(a, b)
> new
        ADIm4
1  -0.5828622
2   5.9270006
3   4.8725505
4   5.5554924
5   5.7149895
6   5.9429678
7   4.6847254
8   3.4236142
9   3.7756467
10  4.8199672
11  4.7942105
12  3.1895096
13  1.8838870
14  0.0000000
15  6.6128378
16  3.5661993
17  0.5690421
18  7.9678356
19  5.8181484
20  8.8876940
21  6.3255558
22  6.7594902
23  4.2827969
24  4.7410513
25  5.6466936
26  8.2437763
27 10.2034426
28  7.9400921
29  8.7311587
30  9.2885654
31  6.9173974
32  3.5718110
33  5.4869320
34  7.5513671
35  4.7049344
36  4.2074231
37  0.6837704
38  5.4841287
39  6.8993624
40  6.9039944
41  4.8495211
42  5.7961026
43  2.7013314
44  4.6545310
45  2.6272035
46  5.2400663
47  2.8970430
48  4.3551413
49  2.7795685
> a=ADIm3
> a
 [1] -0.58286218 -0.67974147 -0.59613714 -1.06329051 -0.91371979 -1.13292021 -1.09815294 -1.29822652
 [9] -1.12454629 -1.82906692 -0.15389708  0.11295083  0.22644863 -0.17887090  0.43440182 -0.90084442
[17] -0.62585190 -0.60056738 -0.99052471 -1.24670348 -1.65840648  0.32430372  0.79452704  0.74741344
[25] -0.31965161 -0.57926516 -0.22938396 -0.11992675 -0.08112895 -0.12816884  1.01660057 -0.61211715
[33] -0.35894193 -0.84703664 -0.92217511 -1.02945074  1.52731033  1.48558290  1.62250508 -0.70107314
[41] -1.13803879 -0.89344933 -1.36797488 -1.18965624 -1.31216655 -1.37994298 -1.28793841 -0.61782588
[49] -0.47777108 -0.57405324 -0.32764443 -0.64907196 -0.81562066 -0.62144620 -0.98559235 -0.89526506
[57]  0.24221641  0.55360594  1.72783971  1.79512640  1.59191274  0.95433060  1.26224876  1.33017560
[65]  0.81527422  0.76192283  0.75207507
> b
        ADIm4
1   5.9270006
2   4.8725505
3   5.5554924
4   5.7149895
5   5.9429678
6   4.6847254
7   3.4236142
8   3.7756467
9   4.8199672
10  4.7942105
11  3.1895096
12  1.8838870
13  0.0000000
14  6.6128378
15  3.5661993
16  0.5690421
17  7.9678356
18  5.8181484
19  8.8876940
20  6.3255558
21  6.7594902
22  4.2827969
23  4.7410513
24  5.6466936
25  8.2437763
26 10.2034426
27  7.9400921
28  8.7311587
29  9.2885654
30  6.9173974
31  3.5718110
32  5.4869320
33  7.5513671
34  4.7049344
35  4.2074231
36  0.6837704
37  5.4841287
38  6.8993624
39  6.9039944
40  4.8495211
41  5.7961026
42  2.7013314
43  4.6545310
44  2.6272035
45  5.2400663
46  2.8970430
47  4.3551413
48  2.7795685
> datos<-read.csv(file=file.choose(),header=T,sep=',')
> attach(datos)
The following objects are masked _by_ .GlobalEnv:

    ADI, ADIm4

The following objects are masked from datos (pos = 3):

    ACIft, ACItf, ADI, ADIm1, ADIm10, ADIm11, ADIm2, ADIm3, ADIm4, ADIm5, ADIm6, ADIm7, ADIm8,
    ADIm9, BI, BNF, CF, ESM, FM, M, MD, MID, NDSI, NP, P, RMS, SF, target, TE

The following objects are masked from datos (pos = 4):

    ACIft, ACItf, ADI, ADIm1, ADIm10, ADIm11, ADIm2, ADIm3, ADIm4, ADIm5, ADIm6, ADIm7, ADIm8,
    ADIm9, BI, BNF, CF, ESM, FM, M, MD, MID, NDSI, NP, P, RMS, SF, target, TE

The following objects are masked from datos (pos = 7):

    ACIft, ACItf, ADI, ADIm1, ADIm10, ADIm11, ADIm2, ADIm3, ADIm4, ADIm5, ADIm6, ADIm7, ADIm8,
    ADIm9, BI, BNF, CF, ESM, FM, M, MD, MID, NDSI, NP, P, RMS, SF, target, TE

> head(datos)
      ACIft       ADI     ACItf        BI        TE        ESM      NDSI           P         M          NP
1 0.8819622 1.3795854 0.6864085 0.3735688 0.7806671 -0.9956635 0.1022768 -0.44245195 0.1388995 -0.16482148
2 1.0224234 1.6136099 1.3787543 0.6897905 0.7409709 -0.8586662 0.2724419 -0.27476979 0.1399898 -0.14524572
3 1.1111610 1.2823332 1.5018129 0.6358792 0.7505869 -1.3599032 0.4671301  0.04466818 0.1420892 -0.04703168
4 1.6680496 1.3710151 1.6270492 1.0265698 0.6001441 -1.6925297 0.6093233  0.37518739 0.1599005  0.20865836
5 1.3575981 1.4735652 1.2911464 0.7627329 0.7030731 -1.2557208 0.2662555  0.17023406 0.1454324  0.15206473
6 0.9057974 0.8616371 1.7871847 0.4476466 0.6956673 -0.8012469 0.2089157  0.35985858 0.1475785 -0.16007452
         MID        BNF           MD         FM           SF        RMS         CF       ADIm1      ADIm2
1  0.1049488 -0.5144827 -0.192154113 -0.8291376  0.139879349 0.07123256 -0.5469691  0.08781725 -0.7278436
2 -0.1301082 -0.5082000  0.012233666 -1.3406669  0.147465283 0.07730199 -0.5475296 -0.04098462 -0.6784768
3 -0.3045168 -0.5157658 -0.051154195 -1.8035185  0.187222687 0.07741836 -0.5490027  0.17542231 -0.4293570
4 -0.5313282 -0.4965650 -0.174623094 -2.0551388 -0.214244705 0.12389148 -0.5313587 -0.25345743 -0.9820341
5 -0.6307706 -0.4888578 -0.100290080 -1.5874639 -0.164793270 0.08317348 -0.5420396  0.22550896 -0.8570306
6 -0.6275504 -0.4655198  0.002367116 -2.4043929  0.006157682 0.08205687 -0.5324563 -0.58091260 -1.6655005
       ADIm3       ADIm4      ADIm5      ADIm6       ADIm7      ADIm8     ADIm9    ADIm10    ADIm11 target
1 -0.5828622 -0.30879814 -0.9261499 -0.3310574 -0.08483386 -0.8633954 -1.828042 -2.117518 -2.407747      1
2 -0.6797415  0.24307821 -0.7365138 -0.2770286 -0.36856105 -0.9610681 -1.967073 -2.226737 -2.740342      1
3 -0.5961371  0.28260054 -0.4168199 -0.1227277 -0.19382656 -0.8098350 -2.247025 -2.729378 -2.948249      1
4 -1.0632905  0.15370317 -0.9029666 -0.6637935 -0.94821720 -1.5867448 -2.645995 -2.926667 -3.717506      1
5 -0.9137198  0.13113662 -0.7255019 -0.5142482 -0.34967319 -1.0126627 -2.140703 -2.623220 -3.301840      1
6 -1.1329202 -0.02519175 -0.4265882 -0.3045474 -0.23600849 -0.6369937 -1.884550 -2.252556 -2.769677      1
> x=datos[,c(18:28)]
> y=target
> a=ADIm3
> b=ADIm4
> new <- rbind(a, b)
>     correlationanalisis(new)
> a
 [1] -0.58286218 -0.67974147 -0.59613714 -1.06329051 -0.91371979 -1.13292021 -1.09815294 -1.29822652
 [9] -1.12454629 -1.82906692 -0.15389708  0.11295083  0.22644863 -0.17887090  0.43440182 -0.90084442
[17] -0.62585190 -0.60056738 -0.99052471 -1.24670348 -1.65840648  0.32430372  0.79452704  0.74741344
[25] -0.31965161 -0.57926516 -0.22938396 -0.11992675 -0.08112895 -0.12816884  1.01660057 -0.61211715
[33] -0.35894193 -0.84703664 -0.92217511 -1.02945074  1.52731033  1.48558290  1.62250508 -0.70107314
[41] -1.13803879 -0.89344933 -1.36797488 -1.18965624 -1.31216655 -1.37994298 -1.28793841 -0.61782588
[49] -0.47777108 -0.57405324 -0.32764443 -0.64907196 -0.81562066 -0.62144620 -0.98559235 -0.89526506
[57]  0.24221641  0.55360594  1.72783971  1.79512640  1.59191274  0.95433060  1.26224876  1.33017560
[65]  0.81527422  0.76192283  0.75207507
> b
        ADIm4
1   5.9270006
2   4.8725505
3   5.5554924
4   5.7149895
5   5.9429678
6   4.6847254
7   3.4236142
8   3.7756467
9   4.8199672
10  4.7942105
11  3.1895096
12  1.8838870
13  0.0000000
14  6.6128378
15  3.5661993
16  0.5690421
17  7.9678356
18  5.8181484
19  8.8876940
20  6.3255558
21  6.7594902
22  4.2827969
23  4.7410513
24  5.6466936
25  8.2437763
26 10.2034426
27  7.9400921
28  8.7311587
29  9.2885654
30  6.9173974
31  3.5718110
32  5.4869320
33  7.5513671
34  4.7049344
35  4.2074231
36  0.6837704
37  5.4841287
38  6.8993624
39  6.9039944
40  4.8495211
41  5.7961026
42  2.7013314
43  4.6545310
44  2.6272035
45  5.2400663
46  2.8970430
47  4.3551413
48  2.7795685
> b=datos$ADIm4
> a=datos$ADIm3
> a
 [1] -0.58286218 -0.67974147 -0.59613714 -1.06329051 -0.91371979 -1.13292021 -1.09815294 -1.29822652
 [9] -1.12454629 -1.82906692 -0.15389708  0.11295083  0.22644863 -0.17887090  0.43440182 -0.90084442
[17] -0.62585190 -0.60056738 -0.99052471 -1.24670348 -1.65840648  0.32430372  0.79452704  0.74741344
[25] -0.31965161 -0.57926516 -0.22938396 -0.11992675 -0.08112895 -0.12816884  1.01660057 -0.61211715
[33] -0.35894193 -0.84703664 -0.92217511 -1.02945074  1.52731033  1.48558290  1.62250508 -0.70107314
[41] -1.13803879 -0.89344933 -1.36797488 -1.18965624 -1.31216655 -1.37994298 -1.28793841 -0.61782588
[49] -0.47777108 -0.57405324 -0.32764443 -0.64907196 -0.81562066 -0.62144620 -0.98559235 -0.89526506
[57]  0.24221641  0.55360594  1.72783971  1.79512640  1.59191274  0.95433060  1.26224876  1.33017560
[65]  0.81527422  0.76192283  0.75207507
> b
 [1] -0.30879814  0.24307821  0.28260054  0.15370317  0.13113662 -0.02519175  0.25264641 -0.08273587
 [9]  0.15255237 -0.08248455  0.14192394  0.61888570  0.44022067  0.49811346  0.33564288 -0.87923590
[17] -0.80411838 -0.86669272 -1.11475929 -0.97130076 -0.47871833  1.21297767  1.48013279  1.17222643
[25]  0.62982074  0.27068689  0.42886510  0.25105007  0.68955791  0.60690039  1.68433415  0.32925204
[33]  0.32572679 -0.24212518 -0.13117739 -0.28417825  1.67154842  1.67055281  1.75530714 -0.62187626
[41] -1.22912010 -1.07142218 -1.20041017 -1.28877760 -1.36389931 -1.61296976 -1.16645440 -1.00257686
[49] -0.76391173 -0.61188812 -0.63169132 -0.51066473 -1.50879384 -0.53221430 -1.22504154 -1.32457129
[57] -0.22260929 -0.05344683  1.78065798  1.92077891  1.41977121  0.98677592  0.58413734  0.55119769
[65]  0.93322467  0.71103060  0.94548007
> new <- rbind(a, b)
>     correlationanalisis(new)
> ADIm3
 [1] -0.58286218 -0.67974147 -0.59613714 -1.06329051 -0.91371979 -1.13292021 -1.09815294 -1.29822652
 [9] -1.12454629 -1.82906692 -0.15389708  0.11295083  0.22644863 -0.17887090  0.43440182 -0.90084442
[17] -0.62585190 -0.60056738 -0.99052471 -1.24670348 -1.65840648  0.32430372  0.79452704  0.74741344
[25] -0.31965161 -0.57926516 -0.22938396 -0.11992675 -0.08112895 -0.12816884  1.01660057 -0.61211715
[33] -0.35894193 -0.84703664 -0.92217511 -1.02945074  1.52731033  1.48558290  1.62250508 -0.70107314
[41] -1.13803879 -0.89344933 -1.36797488 -1.18965624 -1.31216655 -1.37994298 -1.28793841 -0.61782588
[49] -0.47777108 -0.57405324 -0.32764443 -0.64907196 -0.81562066 -0.62144620 -0.98559235 -0.89526506
[57]  0.24221641  0.55360594  1.72783971  1.79512640  1.59191274  0.95433060  1.26224876  1.33017560
[65]  0.81527422  0.76192283  0.75207507
> new 
        [,1]       [,2]       [,3]       [,4]       [,5]        [,6]       [,7]        [,8]       [,9]
a -0.5828622 -0.6797415 -0.5961371 -1.0632905 -0.9137198 -1.13292021 -1.0981529 -1.29822652 -1.1245463
b -0.3087981  0.2430782  0.2826005  0.1537032  0.1311366 -0.02519175  0.2526464 -0.08273587  0.1525524
        [,10]      [,11]     [,12]     [,13]      [,14]     [,15]      [,16]      [,17]      [,18]
a -1.82906692 -0.1538971 0.1129508 0.2264486 -0.1788709 0.4344018 -0.9008444 -0.6258519 -0.6005674
b -0.08248455  0.1419239 0.6188857 0.4402207  0.4981135 0.3356429 -0.8792359 -0.8041184 -0.8666927
       [,19]      [,20]      [,21]     [,22]    [,23]     [,24]      [,25]      [,26]      [,27]      [,28]
a -0.9905247 -1.2467035 -1.6584065 0.3243037 0.794527 0.7474134 -0.3196516 -0.5792652 -0.2293840 -0.1199268
b -1.1147593 -0.9713008 -0.4787183 1.2129777 1.480133 1.1722264  0.6298207  0.2706869  0.4288651  0.2510501
        [,29]      [,30]    [,31]      [,32]      [,33]      [,34]      [,35]      [,36]    [,37]    [,38]
a -0.08112895 -0.1281688 1.016601 -0.6121172 -0.3589419 -0.8470366 -0.9221751 -1.0294507 1.527310 1.485583
b  0.68955791  0.6069004 1.684334  0.3292520  0.3257268 -0.2421252 -0.1311774 -0.2841782 1.671548 1.670553
     [,39]      [,40]     [,41]      [,42]     [,43]     [,44]     [,45]     [,46]     [,47]      [,48]
a 1.622505 -0.7010731 -1.138039 -0.8934493 -1.367975 -1.189656 -1.312167 -1.379943 -1.287938 -0.6178259
b 1.755307 -0.6218763 -1.229120 -1.0714222 -1.200410 -1.288778 -1.363899 -1.612970 -1.166454 -1.0025769
       [,49]      [,50]      [,51]      [,52]      [,53]      [,54]      [,55]      [,56]      [,57]
a -0.4777711 -0.5740532 -0.3276444 -0.6490720 -0.8156207 -0.6214462 -0.9855923 -0.8952651  0.2422164
b -0.7639117 -0.6118881 -0.6316913 -0.5106647 -1.5087938 -0.5322143 -1.2250415 -1.3245713 -0.2226093
        [,58]    [,59]    [,60]    [,61]     [,62]     [,63]     [,64]     [,65]     [,66]     [,67]
a  0.55360594 1.727840 1.795126 1.591913 0.9543306 1.2622488 1.3301756 0.8152742 0.7619228 0.7520751
b -0.05344683 1.780658 1.920779 1.419771 0.9867759 0.5841373 0.5511977 0.9332247 0.7110306 0.9454801
>     correlationanalisis(datos)
> for (i in 3:length(x)) {   ##transformar datos a datos positivos 
+  #datos[i]=dates[i]-min(dates[i])  #para poner todos los datos positivos 
+  x[i] = (x[i]-min(x[i]))/(max(x[i])-min(x[i]))  #para poner todos los datos de 0 a 1 
+  
+   }
> res.pca <- prcomp(x, scale = TRUE)
> var<-get_pca_var(res.pca)
> varpca=res.pca$x[,1:3]
> var<-get_pca_var(res.pca)
> var
Principal Component Analysis Results for variables
 ===================================================
  Name       Description                                    
1 "$coord"   "Coordinates for the variables"                
2 "$cor"     "Correlations between variables and dimensions"
3 "$cos2"    "Cos2 for the variables"                       
4 "$contrib" "contributions of the variables"               
> get_eig(res.pca)
        eigenvalue variance.percent cumulative.variance.percent
Dim.1  7.355831379      66.87119435                    66.87119
Dim.2  1.790160172      16.27418338                    83.14538
Dim.3  1.031435945       9.37669041                    92.52207
Dim.4  0.334802454       3.04365867                    95.56573
Dim.5  0.148474091       1.34976446                    96.91549
Dim.6  0.121922404       1.10838549                    98.02388
Dim.7  0.114260471       1.03873155                    99.06261
Dim.8  0.051941479       0.47219527                    99.53480
Dim.9  0.026911186       0.24464714                    99.77945
Dim.10 0.017251093       0.15682812                    99.93628
Dim.11 0.007009325       0.06372114                   100.00000
> head(datos)
      ACIft       ADI     ACItf        BI        TE        ESM      NDSI           P         M          NP
1 0.8819622 1.3795854 0.6864085 0.3735688 0.7806671 -0.9956635 0.1022768 -0.44245195 0.1388995 -0.16482148
2 1.0224234 1.6136099 1.3787543 0.6897905 0.7409709 -0.8586662 0.2724419 -0.27476979 0.1399898 -0.14524572
3 1.1111610 1.2823332 1.5018129 0.6358792 0.7505869 -1.3599032 0.4671301  0.04466818 0.1420892 -0.04703168
4 1.6680496 1.3710151 1.6270492 1.0265698 0.6001441 -1.6925297 0.6093233  0.37518739 0.1599005  0.20865836
5 1.3575981 1.4735652 1.2911464 0.7627329 0.7030731 -1.2557208 0.2662555  0.17023406 0.1454324  0.15206473
6 0.9057974 0.8616371 1.7871847 0.4476466 0.6956673 -0.8012469 0.2089157  0.35985858 0.1475785 -0.16007452
         MID        BNF           MD         FM           SF        RMS         CF       ADIm1      ADIm2
1  0.1049488 -0.5144827 -0.192154113 -0.8291376  0.139879349 0.07123256 -0.5469691  0.08781725 -0.7278436
2 -0.1301082 -0.5082000  0.012233666 -1.3406669  0.147465283 0.07730199 -0.5475296 -0.04098462 -0.6784768
3 -0.3045168 -0.5157658 -0.051154195 -1.8035185  0.187222687 0.07741836 -0.5490027  0.17542231 -0.4293570
4 -0.5313282 -0.4965650 -0.174623094 -2.0551388 -0.214244705 0.12389148 -0.5313587 -0.25345743 -0.9820341
5 -0.6307706 -0.4888578 -0.100290080 -1.5874639 -0.164793270 0.08317348 -0.5420396  0.22550896 -0.8570306
6 -0.6275504 -0.4655198  0.002367116 -2.4043929  0.006157682 0.08205687 -0.5324563 -0.58091260 -1.6655005
       ADIm3       ADIm4      ADIm5      ADIm6       ADIm7      ADIm8     ADIm9    ADIm10    ADIm11 target
1 -0.5828622 -0.30879814 -0.9261499 -0.3310574 -0.08483386 -0.8633954 -1.828042 -2.117518 -2.407747      1
2 -0.6797415  0.24307821 -0.7365138 -0.2770286 -0.36856105 -0.9610681 -1.967073 -2.226737 -2.740342      1
3 -0.5961371  0.28260054 -0.4168199 -0.1227277 -0.19382656 -0.8098350 -2.247025 -2.729378 -2.948249      1
4 -1.0632905  0.15370317 -0.9029666 -0.6637935 -0.94821720 -1.5867448 -2.645995 -2.926667 -3.717506      1
5 -0.9137198  0.13113662 -0.7255019 -0.5142482 -0.34967319 -1.0126627 -2.140703 -2.623220 -3.301840      1
6 -1.1329202 -0.02519175 -0.4265882 -0.3045474 -0.23600849 -0.6369937 -1.884550 -2.252556 -2.769677      1
> length(datos)
[1] 29
> x=datos[,c(1:28)]
> for (i in 3:length(x)) {   ##transformar datos a datos positivos 
+  #datos[i]=dates[i]-min(dates[i])  #para poner todos los datos positivos 
+  x[i] = (x[i]-min(x[i]))/(max(x[i])-min(x[i]))  #para poner todos los datos de 0 a 1 
+  
+   }
> res.pca <- prcomp(x, scale = TRUE)
> varpca=res.pca$x[,1:3]
>     correlationanalisis(varpca)
> get_eig(res.pca)
         eigenvalue variance.percent cumulative.variance.percent
Dim.1  1.170439e+01     41.801397791                    41.80140
Dim.2  5.577070e+00     19.918106706                    61.71950
Dim.3  3.594062e+00     12.835936423                    74.55544
Dim.4  1.657095e+00      5.918195758                    80.47364
Dim.5  1.371246e+00      4.897305481                    85.37094
Dim.6  8.465456e-01      3.023377181                    88.39432
Dim.7  6.962332e-01      2.486546970                    90.88087
Dim.8  5.723223e-01      2.044008044                    92.92487
Dim.9  5.020161e-01      1.792914747                    94.71779
Dim.10 3.238808e-01      1.156717110                    95.87451
Dim.11 2.901141e-01      1.036121932                    96.91063
Dim.12 1.925433e-01      0.687654807                    97.59828
Dim.13 1.401149e-01      0.500410269                    98.09869
Dim.14 1.090234e-01      0.389369369                    98.48806
Dim.15 9.332578e-02      0.333306340                    98.82137
Dim.16 7.453318e-02      0.266189937                    99.08756
Dim.17 6.483485e-02      0.231553030                    99.31911
Dim.18 4.377892e-02      0.156353282                    99.47547
Dim.19 3.029735e-02      0.108204810                    99.58367
Dim.20 2.871064e-02      0.102538011                    99.68621
Dim.21 2.026974e-02      0.072391934                    99.75860
Dim.22 1.662376e-02      0.059370587                    99.81797
Dim.23 1.472776e-02      0.052599146                    99.87057
Dim.24 1.298508e-02      0.046375303                    99.91694
Dim.25 1.174688e-02      0.041953158                    99.95890
Dim.26 6.971603e-03      0.024898583                    99.98380
Dim.27 4.393929e-03      0.015692602                    99.99949
Dim.28 1.429929e-04      0.000510689                   100.00000
> varpca=res.pca$x[,1:4]
> fm1<-clm(as.factor(y) ~ varpca[,c(1:3)] )#ADIm3+datos$ADIm4+ACIft+ADI+) 
> fm1
formula: as.factor(y) ~ varpca[, c(1:3)]

 link  threshold nobs logLik AIC   niter max.grad cond.H 
 logit flexible  67   -44.32 98.64 5(0)  1.61e-07 3.8e+01

Coefficients:
varpca[, c(1:3)]PC1 varpca[, c(1:3)]PC2 varpca[, c(1:3)]PC3 
             0.3757             -0.6125             -0.9404 

Threshold coefficients:
   1|2    2|3 
-0.115  2.398 
> summary(fm1)
formula: as.factor(y) ~ varpca[, c(1:3)]

 link  threshold nobs logLik AIC   niter max.grad cond.H 
 logit flexible  67   -44.32 98.64 5(0)  1.61e-07 3.8e+01

Coefficients:
                    Estimate Std. Error z value Pr(>|z|)    
varpca[, c(1:3)]PC1   0.3757     0.1023   3.671 0.000242 ***
varpca[, c(1:3)]PC2  -0.6125     0.1879  -3.260 0.001113 ** 
varpca[, c(1:3)]PC3  -0.9404     0.2815  -3.340 0.000837 ***
---
Signif. codes:  0 ‘***’ 0.001 ‘**’ 0.01 ‘*’ 0.05 ‘.’ 0.1 ‘ ’ 1

Threshold coefficients:
    Estimate Std. Error z value
1|2  -0.1150     0.3397  -0.339
2|3   2.3983     0.4934   4.861
> fm1<-clm(as.factor(y) ~ varpca[,c(1:4)] )#ADIm3+datos$ADIm4+ACIft+ADI+) 
> fm1
formula: as.factor(y) ~ varpca[, c(1:4)]

 link  threshold nobs logLik AIC   niter max.grad cond.H 
 logit flexible  67   -43.93 99.85 6(0)  1.55e-13 4.4e+01

Coefficients:
varpca[, c(1:4)]PC1 varpca[, c(1:4)]PC2 varpca[, c(1:4)]PC3 varpca[, c(1:4)]PC4 
             0.3948             -0.6528             -0.9134              0.2221 

Threshold coefficients:
     1|2      2|3 
-0.06255  2.46476 
> summary(fm1)
formula: as.factor(y) ~ varpca[, c(1:4)]

 link  threshold nobs logLik AIC   niter max.grad cond.H 
 logit flexible  67   -43.93 99.85 6(0)  1.55e-13 4.4e+01

Coefficients:
                    Estimate Std. Error z value Pr(>|z|)    
varpca[, c(1:4)]PC1   0.3948     0.1088   3.629 0.000284 ***
varpca[, c(1:4)]PC2  -0.6528     0.2119  -3.080 0.002067 ** 
varpca[, c(1:4)]PC3  -0.9134     0.2795  -3.269 0.001081 ** 
varpca[, c(1:4)]PC4   0.2221     0.2514   0.884 0.376910    
---
Signif. codes:  0 ‘***’ 0.001 ‘**’ 0.01 ‘*’ 0.05 ‘.’ 0.1 ‘ ’ 1

Threshold coefficients:
    Estimate Std. Error z value
1|2 -0.06255    0.36124  -0.173
2|3  2.46476    0.50984   4.834
> fm1<-clm(as.factor(y) ~ varpca[,c(1:3)] )#ADIm3+datos$ADIm4+ACIft+ADI+) 
> fm1
formula: as.factor(y) ~ varpca[, c(1:3)]

 link  threshold nobs logLik AIC   niter max.grad cond.H 
 logit flexible  67   -44.32 98.64 5(0)  1.61e-07 3.8e+01

Coefficients:
varpca[, c(1:3)]PC1 varpca[, c(1:3)]PC2 varpca[, c(1:3)]PC3 
             0.3757             -0.6125             -0.9404 

Threshold coefficients:
   1|2    2|3 
-0.115  2.398 
> summary(fm1)
formula: as.factor(y) ~ varpca[, c(1:3)]

 link  threshold nobs logLik AIC   niter max.grad cond.H 
 logit flexible  67   -44.32 98.64 5(0)  1.61e-07 3.8e+01

Coefficients:
                    Estimate Std. Error z value Pr(>|z|)    
varpca[, c(1:3)]PC1   0.3757     0.1023   3.671 0.000242 ***
varpca[, c(1:3)]PC2  -0.6125     0.1879  -3.260 0.001113 ** 
varpca[, c(1:3)]PC3  -0.9404     0.2815  -3.340 0.000837 ***
---
Signif. codes:  0 ‘***’ 0.001 ‘**’ 0.01 ‘*’ 0.05 ‘.’ 0.1 ‘ ’ 1

Threshold coefficients:
    Estimate Std. Error z value
1|2  -0.1150     0.3397  -0.339
2|3   2.3983     0.4934   4.861
> MLG<-clm(as.factor(y) ~ varpca[,c(1:3)] )#ADIm3+datos$ADIm4+ACIft+ADI+) 
> MLG
formula: as.factor(y) ~ varpca[, c(1:3)]

 link  threshold nobs logLik AIC   niter max.grad cond.H 
 logit flexible  67   -44.32 98.64 5(0)  1.61e-07 3.8e+01

Coefficients:
varpca[, c(1:3)]PC1 varpca[, c(1:3)]PC2 varpca[, c(1:3)]PC3 
             0.3757             -0.6125             -0.9404 

Threshold coefficients:
   1|2    2|3 
-0.115  2.398 
> clm.control()$gradTol
[1] 1e-06
> anova(MLG)
Type I Analysis of Deviance Table with Wald chi-square tests

                 Df  Chisq Pr(>Chisq)    
varpca[, c(1:3)]  3 19.526  0.0002128 ***
---
Signif. codes:  0 ‘***’ 0.001 ‘**’ 0.01 ‘*’ 0.05 ‘.’ 0.1 ‘ ’ 1
> varpca[,c(1:3)] 
              PC1         PC2         PC3
 [1,] -1.51476490  3.76776575 -0.05771596
 [2,] -2.01954521  4.21341591 -0.47725457
 [3,] -2.18002050  4.47080897 -1.03507025
 [4,] -4.20824653  4.55160327 -1.09643750
 [5,] -2.90537080  4.29054827 -0.90513275
 [6,] -2.88050847  3.76866540 -0.70140698
 [7,] -3.14776976  4.17054245 -1.35062628
 [8,] -3.66393346  4.19370715 -0.76377613
 [9,] -4.13009051  4.30259157 -1.67960686
[10,] -4.16128626  4.07172537 -1.39251178
[11,]  0.39882675  2.65180838  0.35905481
[12,]  0.57538186  1.61990607 -2.63665463
[13,]  2.82915623  2.26384386  1.39391640
[14,]  2.75002335  2.01509891  1.45693715
[15,]  2.42078089  2.59401615  1.43674499
[16,] -3.34104357 -1.59618774  0.66349853
[17,] -2.80551548 -1.31621689  0.90841241
[18,] -3.40695484 -1.14347991  0.78579506
[19,] -4.88207936 -1.29492211  0.06422410
[20,] -2.51435830 -0.20402873  0.69703130
[21,] -4.06603796 -0.43416500 -0.11988818
[22,]  4.30962350  1.68650894  1.01129900
[23,]  4.53352444  1.51207233  0.43188532
[24,]  3.67813795  1.22887122  0.29333219
[25,]  0.92169132 -1.43912800  1.54295560
[26,] -0.02548372 -1.56422144  1.65444402
[27,]  0.30055580 -1.95588370  1.89373102
[28,]  0.79663387 -2.26317235  2.34138120
[29,]  0.88611879 -2.69201320  1.92414771
[30,]  2.59078431 -1.29637116  2.45855011
[31,]  4.38259424 -4.09664270  2.47155062
[32,] -0.24136601 -1.55056763  1.56645876
[33,]  0.01332029 -3.12812877  2.22963037
[34,] -2.33249642 -0.78882599  1.92961630
[35,] -2.77517465 -0.72355080  2.18490328
[36,] -3.14384357 -1.10160495  1.95981266
[37,]  6.22859957  1.60839042 -0.60847366
[38,]  6.20050033  1.62513965 -0.64961161
[39,]  6.39745307  1.63376611 -0.48273866
[40,] -2.80282747 -2.03568512 -0.31349804
[41,] -3.10579995 -1.93792545 -1.51815361
[42,] -3.27502284 -1.86083831 -2.32765737
[43,] -3.41858694 -1.72559204 -0.47625514
[44,] -3.10160462 -2.43889726 -0.97620684
[45,] -2.92876225 -1.88889066  0.13217783
[46,] -3.61482253 -2.09980230  0.44481991
[47,] -2.68636604 -1.85999926  0.34354657
[48,] -0.42862907 -0.90677756  0.92268862
[49,] -0.52573307 -0.96475460  0.73846030
[50,] -0.60542558 -0.85499642  1.03984544
[51,] -0.69146347 -0.77812670  0.64299917
[52,] -0.61495748 -0.98712496  0.86412802
[53,] -1.93346986 -1.05185134  0.29224303
[54,] -2.08377368 -1.75502538 -0.21752430
[55,] -2.02840993 -0.52248279  0.41185418
[56,] -1.89459003 -1.78293455  0.78826002
[57,]  3.01187294  0.09770877  0.90776938
[58,]  3.61519433  0.22328507  0.73700443
[59,]  8.46127774 -0.01987031 -1.48614634
[60,]  8.39018287  0.40643015 -1.03113625
[61,]  3.44870787 -3.60360073 -5.93567277
[62,]  1.86384671 -3.25265882 -5.61534623
[63,]  0.96955028 -2.77814097 -6.07634914
[64,]  1.81790250 -3.31353726 -5.62755818
[65,]  4.75894345  1.15855564  0.92447423
[66,]  4.94820014  1.36586645  1.14608590
[67,]  4.58674968  1.51598162  1.56274006
> anova(MLG)
Type I Analysis of Deviance Table with Wald chi-square tests

                 Df  Chisq Pr(>Chisq)    
varpca[, c(1:3)]  3 19.526  0.0002128 ***
---
Signif. codes:  0 ‘***’ 0.001 ‘**’ 0.01 ‘*’ 0.05 ‘.’ 0.1 ‘ ’ 1
> summary(MLG)
formula: as.factor(y) ~ varpca[, c(1:3)]

 link  threshold nobs logLik AIC   niter max.grad cond.H 
 logit flexible  67   -44.32 98.64 5(0)  1.61e-07 3.8e+01

Coefficients:
                    Estimate Std. Error z value Pr(>|z|)    
varpca[, c(1:3)]PC1   0.3757     0.1023   3.671 0.000242 ***
varpca[, c(1:3)]PC2  -0.6125     0.1879  -3.260 0.001113 ** 
varpca[, c(1:3)]PC3  -0.9404     0.2815  -3.340 0.000837 ***
---
Signif. codes:  0 ‘***’ 0.001 ‘**’ 0.01 ‘*’ 0.05 ‘.’ 0.1 ‘ ’ 1

Threshold coefficients:
    Estimate Std. Error z value
1|2  -0.1150     0.3397  -0.339
2|3   2.3983     0.4934   4.861
> drop1(MLG,test="Chi")
Single term deletions

Model:
as.factor(y) ~ varpca[, c(1:3)]
                 Df     AIC    LRT  Pr(>Chi)    
<none>               98.643                     
varpca[, c(1:3)]  3 136.832 44.189 1.376e-09 ***
---
Signif. codes:  0 ‘***’ 0.001 ‘**’ 0.01 ‘*’ 0.05 ‘.’ 0.1 ‘ ’ 1
> confint(MLG, type="Wald")
                         2.5 %     97.5 %
1|2                 -0.7809433  0.5508465
2|3                  1.4312172  3.3652880
varpca[, c(1:3)]PC1  0.1751096  0.5762758
varpca[, c(1:3)]PC2 -0.9806902 -0.2442658
varpca[, c(1:3)]PC3 -1.4921313 -0.3885824
> 