
R version 3.5.2 (2018-12-20) -- "Eggshell Igloo"
Copyright (C) 2018 The R Foundation for Statistical Computing
Platform: x86_64-apple-darwin15.6.0 (64-bit)

R is free software and comes with ABSOLUTELY NO WARRANTY.
You are welcome to redistribute it under certain conditions.
Type 'license()' or 'licence()' for distribution details.

  Natural language support but running in an English locale

R is a collaborative project with many contributors.
Type 'contributors()' for more information and
'citation()' on how to cite R or R packages in publications.

Type 'demo()' for some demos, 'help()' for on-line help, or
'help.start()' for an HTML browser interface to help.
Type 'q()' to quit R.

[R.app GUI 1.70 (7612) x86_64-apple-darwin15.6.0]

[Workspace restored from /Users/nesdav/.RData]
[History restored from /Users/nesdav/.Rapp.history]

> valu4
Error: object 'valu4' not found
> install.packages("lmtest")
--- Please select a CRAN mirror for use in this session ---
Error in if (res > nrow(m)) { : argument is of length zero
> install.packages("normtest")
--- Please select a CRAN mirror for use in this session ---
Error in if (res > nrow(m)) { : argument is of length zero
> install.packages("randtest")
--- Please select a CRAN mirror for use in this session ---
Error in if (res > nrow(m)) { : argument is of length zero
> library(lmtest)
Loading required package: zoo

Attaching package: ‘zoo’

The following objects are masked from ‘package:base’:

    as.Date, as.Date.numeric

> library(normtest)
> library(randtests)
> datos<-read.csv(file=file.choose(),header=T,sep=';')
> attach(datos)
The following object is masked _by_ .GlobalEnv:

    price

> head(datos)
           make price mpg headroom trunk weight length turn displacement gear_ratio  foreign num
1   AMC Concord  4099  22      2.5    11   2930    186   40          121       3.58 Domestic   1
2     AMC Pacer  4749  17      3.0    11   3350    173   40          258       2.53 Domestic   2
3    AMC Spirit  3799  22      3.0    12   2640    168   35          121       3.08 Domestic   3
4 Buick Century  4816  20      4.5    16   3250    196   40          196       2.93 Domestic   4
5 Buick Electra  7827  15      4.0    20   4080    222   43          350       2.41 Domestic   5
6 Buick LeSabre  5788  18      4.0    21   3670    218   43          231       2.73 Domestic   6
objc[250]: Class FIFinderSyncExtensionHost is implemented in both /System/Library/PrivateFrameworks/FinderKit.framework/Versions/A/FinderKit (0x7fffab5f2210) and /System/Library/PrivateFrameworks/FileProvider.framework/OverrideBundles/FinderSyncCollaborationFileProviderOverride.bundle/Contents/MacOS/FinderSyncCollaborationFileProviderOverride (0x10a338dc8). One of the two will be used. Which one is undefined.
> correlationanalisis(Data[,2:length(Data)])
Loading required package: ggplot2

Attaching package: ‘ggplot2’

The following object is masked from ‘datos’:

    mpg

> scatter.smooth(x=mpg, y=price, main="Scatter plot")
Error in xy.coords(x, y, xlabel, ylabel) : 'x' and 'y' lengths differ
> price=datos$price
> scatter.smooth(x=mpg, y=price, main="Scatter plot")
Error in xy.coords(x, y, xlabel, ylabel) : 'x' and 'y' lengths differ
> mpg
# A tibble: 234 x 11
   manufacturer model      displ  year   cyl trans      drv     cty   hwy fl    class  
   <chr>        <chr>      <dbl> <int> <int> <chr>      <chr> <int> <int> <chr> <chr>  
 1 audi         a4           1.8  1999     4 auto(l5)   f        18    29 p     compact
 2 audi         a4           1.8  1999     4 manual(m5) f        21    29 p     compact
 3 audi         a4           2    2008     4 manual(m6) f        20    31 p     compact
 4 audi         a4           2    2008     4 auto(av)   f        21    30 p     compact
 5 audi         a4           2.8  1999     6 auto(l5)   f        16    26 p     compact
 6 audi         a4           2.8  1999     6 manual(m5) f        18    26 p     compact
 7 audi         a4           3.1  2008     6 auto(av)   f        18    27 p     compact
 8 audi         a4 quattro   1.8  1999     4 manual(m5) 4        18    26 p     compact
 9 audi         a4 quattro   1.8  1999     4 auto(l5)   4        16    25 p     compact
10 audi         a4 quattro   2    2008     4 manual(m6) 4        20    28 p     compact
# … with 224 more rows
> datos
                make price mpg headroom trunk weight length turn displacement gear_ratio  foreign num
1        AMC Concord  4099  22      2.5    11   2930    186   40          121       3.58 Domestic   1
2          AMC Pacer  4749  17      3.0    11   3350    173   40          258       2.53 Domestic   2
3         AMC Spirit  3799  22      3.0    12   2640    168   35          121       3.08 Domestic   3
4      Buick Century  4816  20      4.5    16   3250    196   40          196       2.93 Domestic   4
5      Buick Electra  7827  15      4.0    20   4080    222   43          350       2.41 Domestic   5
6      Buick LeSabre  5788  18      4.0    21   3670    218   43          231       2.73 Domestic   6
7         Buick Opel  4453  26      3.0    10   2230    170   34          304       2.87 Domestic   7
8        Buick Regal  5189  20      2.0    16   3280    200   42          196       2.93 Domestic   8
9      Buick Riviera 10372  16      3.5    17   3880    207   43          231       2.93 Domestic   9
10     Buick Skylark  4082  19      3.5    13   3400    200   42          231       3.08 Domestic  10
11      Cad. Deville 11385  14      4.0    20   4330    221   44          425       2.28 Domestic  11
12     Cad. Eldorado 14500  14      3.5    16   3900    204   43          350       2.19 Domestic  12
13      Cad. Seville 15906  21      3.0    13   4290    204   45          350       2.24 Domestic  13
14    Chev. Chevette  3299  29      2.5     9   2110    163   34          231       2.93 Domestic  14
15      Chev. Impala  5705  16      4.0    20   3690    212   43          250       2.56 Domestic  15
16      Chev. Malibu  4504  22      3.5    17   3180    193   31          200       2.73 Domestic  16
17 Chev. Monte Carlo  5104  22      2.0    16   3220    200   41          200       2.73 Domestic  17
18       Chev. Monza  3667  24      2.0     7   2750    179   40          151       2.73 Domestic  18
19        Chev. Nova  3955  19      3.5    13   3430    197   43          250       2.56 Domestic  19
20        Dodge Colt  3984  30      2.0     8   2120    163   35           98       3.54 Domestic  20
21    Dodge Diplomat  4010  18      4.0    17   3600    206   46          318       2.47 Domestic  21
22      Dodge Magnum  5886  16      4.0    17   3600    206   46          318       2.47 Domestic  22
23   Dodge St. Regis  6342  17      4.5    21   3740    220   46          225       2.94 Domestic  23
24       Ford Fiesta  4389  28      1.5     9   1800    147   33           98       3.15 Domestic  24
25      Ford Mustang  4187  21      2.0    10   2650    179   43          140       3.08 Domestic  25
26 Linc. Continental 11497  12      3.5    22   4840    233   51          400       2.47 Domestic  26
27      Linc. Mark V 13594  12      2.5    18   4720    230   48          400       2.47 Domestic  27
28  Linc. Versailles 13466  14      3.5    15   3830    201   41          302       2.47 Domestic  28
29      Merc. Bobcat  3829  22      3.0     9   2580    169   39          140       2.73 Domestic  29
30      Merc. Cougar  5379  14      3.5    16   4060    221   48          302       2.75 Domestic  30
31     Merc. Marquis  6165  15      3.5    23   3720    212   44          302       2.26 Domestic  31
32     Merc. Monarch  4516  18      3.0    15   3370    198   41          250       2.43 Domestic  32
33        Merc. XR-7  6303  14      3.0    16   4130    217   45          302       2.75 Domestic  33
34      Merc. Zephyr  3291  20      3.5    17   2830    195   43          140       3.08 Domestic  34
35           Olds 98  8814  21      4.0    20   4060    220   43          350       2.41 Domestic  35
36    Olds Cutl Supr  5172  19      2.0    16   3310    198   42          231       2.93 Domestic  36
37      Olds Cutlass  4733  19      4.5    16   3300    198   42          231       2.93 Domestic  37
38     Olds Delta 88  4890  18      4.0    20   3690    218   42          231       2.73 Domestic  38
39        Olds Omega  4181  19      4.5    14   3370    200   43          231       3.08 Domestic  39
40     Olds Starfire  4195  24      2.0    10   2730    180   40          151       2.73 Domestic  40
41     Olds Toronado 10371  16      3.5    17   4030    206   43          350       2.41 Domestic  41
42       Plym. Arrow  4647  28      2.0    11   3260    170   37          156       3.05 Domestic  42
43       Plym. Champ  4425  34      2.5    11   1800    157   37           86       2.97 Domestic  43
44     Plym. Horizon  4482  25      4.0    17   2200    165   36          105       3.37 Domestic  44
45     Plym. Sapporo  6486  26      1.5     8   2520    182   38          119       3.54 Domestic  45
46      Plym. Volare  4060  18      5.0    16   3330    201   44          225       3.23 Domestic  46
47    Pont. Catalina  5798  18      4.0    20   3700    214   42          231       2.73 Domestic  47
48    Pont. Firebird  4934  18      1.5     7   3470    198   42          231       3.08 Domestic  48
49  Pont. Grand Prix  5222  19      2.0    16   3210    201   45          231       2.93 Domestic  49
50     Pont. Le Mans  4723  19      3.5    17   3200    199   40          231       2.93 Domestic  50
51     Pont. Phoenix  4424  19      3.5    13   3420    203   43          231       3.08 Domestic  51
52     Pont. Sunbird  4172  24      2.0     7   2690    179   41          151       2.73 Domestic  52
53         Audi 5000  9690  17      3.0    15   2830    189   37          131       3.20  Foreign  53
54          Audi Fox  6295  23      2.5    11   2070    174   36           97       3.70  Foreign  54
55          BMW 320i  9735  25      2.5    12   2650    177   34          121       3.64  Foreign  55
56        Datsun 200  6229  23      1.5     6   2370    170   35          119       3.89  Foreign  56
57        Datsun 210  4589  35      2.0     8   2020    165   32           85       3.70  Foreign  57
58        Datsun 510  5079  24      2.5     8   2280    170   34          119       3.54  Foreign  58
59        Datsun 810  8129  21      2.5     8   2750    184   38          146       3.55  Foreign  59
60       Fiat Strada  4296  21      2.5    16   2130    161   36          105       3.37  Foreign  60
61      Honda Accord  5799  25      3.0    10   2240    172   36          107       3.05  Foreign  61
62       Honda Civic  4499  28      2.5     5   1760    149   34           91       3.30  Foreign  62
63         Mazda GLC  3995  30      3.5    11   1980    154   33           86       3.73  Foreign  63
64       Peugeot 604 12990  14      3.5    14   3420    192   38          163       3.58  Foreign  64
65    Renault Le Car  3895  26      3.0    10   1830    142   34           79       3.72  Foreign  65
66            Subaru  3798  35      2.5    11   2050    164   36           97       3.81  Foreign  66
67     Toyota Celica  5899  18      2.5    14   2410    174   36          134       3.06  Foreign  67
68    Toyota Corolla  3748  31      3.0     9   2200    165   35           97       3.21  Foreign  68
69     Toyota Corona  5719  18      2.0    11   2670    175   36          134       3.05  Foreign  69
70         VW Dasher  7140  23      2.5    12   2160    172   36           97       3.74  Foreign  70
71         VW Diesel  5397  41      3.0    15   2040    155   35           90       3.78  Foreign  71
72         VW Rabbit  4697  25      3.0    15   1930    155   35           89       3.78  Foreign  72
73       VW Scirocco  6850  25      2.0    16   1990    156   36           97       3.78  Foreign  73
74         Volvo 260 11995  17      2.5    14   3170    193   37          163       2.98  Foreign  74
> attach(datos)
The following object is masked _by_ .GlobalEnv:

    price

The following object is masked from package:ggplot2:

    mpg

The following objects are masked from datos (pos = 5):

    displacement, foreign, gear_ratio, headroom, length, make, mpg, num, price, trunk, turn, weight

> head(datos)
           make price mpg headroom trunk weight length turn displacement gear_ratio  foreign num
1   AMC Concord  4099  22      2.5    11   2930    186   40          121       3.58 Domestic   1
2     AMC Pacer  4749  17      3.0    11   3350    173   40          258       2.53 Domestic   2
3    AMC Spirit  3799  22      3.0    12   2640    168   35          121       3.08 Domestic   3
4 Buick Century  4816  20      4.5    16   3250    196   40          196       2.93 Domestic   4
5 Buick Electra  7827  15      4.0    20   4080    222   43          350       2.41 Domestic   5
6 Buick LeSabre  5788  18      4.0    21   3670    218   43          231       2.73 Domestic   6
> mpg
 [1] 22 17 22 20 15 18 26 20 16 19 14 14 21 29 16 22 22 24 19 30 18 16 17 28 21 12 12 14 22 14 15 18 14 20 21 19
[37] 19 18 19 24 16 28 34 25 26 18 18 18 19 19 19 24 17 23 25 23 35 24 21 21 25 28 30 14 26 35 18 31 18 23 41 25
[73] 25 17
> scatter.smooth(x=headroom, y=price, main="Scatter plot")
> scatter.smooth(x=mpg, y=log(price), main="Scatter plot")
> scatter.smooth(x=log(mpg), y=log(price), main="Scatter plot")
> datos
                make price mpg headroom trunk weight length turn displacement gear_ratio  foreign num
1        AMC Concord  4099  22      2.5    11   2930    186   40          121       3.58 Domestic   1
2          AMC Pacer  4749  17      3.0    11   3350    173   40          258       2.53 Domestic   2
3         AMC Spirit  3799  22      3.0    12   2640    168   35          121       3.08 Domestic   3
4      Buick Century  4816  20      4.5    16   3250    196   40          196       2.93 Domestic   4
5      Buick Electra  7827  15      4.0    20   4080    222   43          350       2.41 Domestic   5
6      Buick LeSabre  5788  18      4.0    21   3670    218   43          231       2.73 Domestic   6
7         Buick Opel  4453  26      3.0    10   2230    170   34          304       2.87 Domestic   7
8        Buick Regal  5189  20      2.0    16   3280    200   42          196       2.93 Domestic   8
9      Buick Riviera 10372  16      3.5    17   3880    207   43          231       2.93 Domestic   9
10     Buick Skylark  4082  19      3.5    13   3400    200   42          231       3.08 Domestic  10
11      Cad. Deville 11385  14      4.0    20   4330    221   44          425       2.28 Domestic  11
12     Cad. Eldorado 14500  14      3.5    16   3900    204   43          350       2.19 Domestic  12
13      Cad. Seville 15906  21      3.0    13   4290    204   45          350       2.24 Domestic  13
14    Chev. Chevette  3299  29      2.5     9   2110    163   34          231       2.93 Domestic  14
15      Chev. Impala  5705  16      4.0    20   3690    212   43          250       2.56 Domestic  15
16      Chev. Malibu  4504  22      3.5    17   3180    193   31          200       2.73 Domestic  16
17 Chev. Monte Carlo  5104  22      2.0    16   3220    200   41          200       2.73 Domestic  17
18       Chev. Monza  3667  24      2.0     7   2750    179   40          151       2.73 Domestic  18
19        Chev. Nova  3955  19      3.5    13   3430    197   43          250       2.56 Domestic  19
20        Dodge Colt  3984  30      2.0     8   2120    163   35           98       3.54 Domestic  20
21    Dodge Diplomat  4010  18      4.0    17   3600    206   46          318       2.47 Domestic  21
22      Dodge Magnum  5886  16      4.0    17   3600    206   46          318       2.47 Domestic  22
23   Dodge St. Regis  6342  17      4.5    21   3740    220   46          225       2.94 Domestic  23
24       Ford Fiesta  4389  28      1.5     9   1800    147   33           98       3.15 Domestic  24
25      Ford Mustang  4187  21      2.0    10   2650    179   43          140       3.08 Domestic  25
26 Linc. Continental 11497  12      3.5    22   4840    233   51          400       2.47 Domestic  26
27      Linc. Mark V 13594  12      2.5    18   4720    230   48          400       2.47 Domestic  27
28  Linc. Versailles 13466  14      3.5    15   3830    201   41          302       2.47 Domestic  28
29      Merc. Bobcat  3829  22      3.0     9   2580    169   39          140       2.73 Domestic  29
30      Merc. Cougar  5379  14      3.5    16   4060    221   48          302       2.75 Domestic  30
31     Merc. Marquis  6165  15      3.5    23   3720    212   44          302       2.26 Domestic  31
32     Merc. Monarch  4516  18      3.0    15   3370    198   41          250       2.43 Domestic  32
33        Merc. XR-7  6303  14      3.0    16   4130    217   45          302       2.75 Domestic  33
34      Merc. Zephyr  3291  20      3.5    17   2830    195   43          140       3.08 Domestic  34
35           Olds 98  8814  21      4.0    20   4060    220   43          350       2.41 Domestic  35
36    Olds Cutl Supr  5172  19      2.0    16   3310    198   42          231       2.93 Domestic  36
37      Olds Cutlass  4733  19      4.5    16   3300    198   42          231       2.93 Domestic  37
38     Olds Delta 88  4890  18      4.0    20   3690    218   42          231       2.73 Domestic  38
39        Olds Omega  4181  19      4.5    14   3370    200   43          231       3.08 Domestic  39
40     Olds Starfire  4195  24      2.0    10   2730    180   40          151       2.73 Domestic  40
41     Olds Toronado 10371  16      3.5    17   4030    206   43          350       2.41 Domestic  41
42       Plym. Arrow  4647  28      2.0    11   3260    170   37          156       3.05 Domestic  42
43       Plym. Champ  4425  34      2.5    11   1800    157   37           86       2.97 Domestic  43
44     Plym. Horizon  4482  25      4.0    17   2200    165   36          105       3.37 Domestic  44
45     Plym. Sapporo  6486  26      1.5     8   2520    182   38          119       3.54 Domestic  45
46      Plym. Volare  4060  18      5.0    16   3330    201   44          225       3.23 Domestic  46
47    Pont. Catalina  5798  18      4.0    20   3700    214   42          231       2.73 Domestic  47
48    Pont. Firebird  4934  18      1.5     7   3470    198   42          231       3.08 Domestic  48
49  Pont. Grand Prix  5222  19      2.0    16   3210    201   45          231       2.93 Domestic  49
50     Pont. Le Mans  4723  19      3.5    17   3200    199   40          231       2.93 Domestic  50
51     Pont. Phoenix  4424  19      3.5    13   3420    203   43          231       3.08 Domestic  51
52     Pont. Sunbird  4172  24      2.0     7   2690    179   41          151       2.73 Domestic  52
53         Audi 5000  9690  17      3.0    15   2830    189   37          131       3.20  Foreign  53
54          Audi Fox  6295  23      2.5    11   2070    174   36           97       3.70  Foreign  54
55          BMW 320i  9735  25      2.5    12   2650    177   34          121       3.64  Foreign  55
56        Datsun 200  6229  23      1.5     6   2370    170   35          119       3.89  Foreign  56
57        Datsun 210  4589  35      2.0     8   2020    165   32           85       3.70  Foreign  57
58        Datsun 510  5079  24      2.5     8   2280    170   34          119       3.54  Foreign  58
59        Datsun 810  8129  21      2.5     8   2750    184   38          146       3.55  Foreign  59
60       Fiat Strada  4296  21      2.5    16   2130    161   36          105       3.37  Foreign  60
61      Honda Accord  5799  25      3.0    10   2240    172   36          107       3.05  Foreign  61
62       Honda Civic  4499  28      2.5     5   1760    149   34           91       3.30  Foreign  62
63         Mazda GLC  3995  30      3.5    11   1980    154   33           86       3.73  Foreign  63
64       Peugeot 604 12990  14      3.5    14   3420    192   38          163       3.58  Foreign  64
65    Renault Le Car  3895  26      3.0    10   1830    142   34           79       3.72  Foreign  65
66            Subaru  3798  35      2.5    11   2050    164   36           97       3.81  Foreign  66
67     Toyota Celica  5899  18      2.5    14   2410    174   36          134       3.06  Foreign  67
68    Toyota Corolla  3748  31      3.0     9   2200    165   35           97       3.21  Foreign  68
69     Toyota Corona  5719  18      2.0    11   2670    175   36          134       3.05  Foreign  69
70         VW Dasher  7140  23      2.5    12   2160    172   36           97       3.74  Foreign  70
71         VW Diesel  5397  41      3.0    15   2040    155   35           90       3.78  Foreign  71
72         VW Rabbit  4697  25      3.0    15   1930    155   35           89       3.78  Foreign  72
73       VW Scirocco  6850  25      2.0    16   1990    156   36           97       3.78  Foreign  73
74         Volvo 260 11995  17      2.5    14   3170    193   37          163       2.98  Foreign  74
>    Data <- subset( datos, select = -foreign ) ##saco la var long por que no aporta nada
>     head(Data)
           make price mpg headroom trunk weight length turn displacement gear_ratio num
1   AMC Concord  4099  22      2.5    11   2930    186   40          121       3.58   1
2     AMC Pacer  4749  17      3.0    11   3350    173   40          258       2.53   2
3    AMC Spirit  3799  22      3.0    12   2640    168   35          121       3.08   3
4 Buick Century  4816  20      4.5    16   3250    196   40          196       2.93   4
5 Buick Electra  7827  15      4.0    20   4080    222   43          350       2.41   5
6 Buick LeSabre  5788  18      4.0    21   3670    218   43          231       2.73   6
> Data[,2:length(Data)]
   price mpg headroom trunk weight length turn displacement gear_ratio num
1   4099  22      2.5    11   2930    186   40          121       3.58   1
2   4749  17      3.0    11   3350    173   40          258       2.53   2
3   3799  22      3.0    12   2640    168   35          121       3.08   3
4   4816  20      4.5    16   3250    196   40          196       2.93   4
5   7827  15      4.0    20   4080    222   43          350       2.41   5
6   5788  18      4.0    21   3670    218   43          231       2.73   6
7   4453  26      3.0    10   2230    170   34          304       2.87   7
8   5189  20      2.0    16   3280    200   42          196       2.93   8
9  10372  16      3.5    17   3880    207   43          231       2.93   9
10  4082  19      3.5    13   3400    200   42          231       3.08  10
11 11385  14      4.0    20   4330    221   44          425       2.28  11
12 14500  14      3.5    16   3900    204   43          350       2.19  12
13 15906  21      3.0    13   4290    204   45          350       2.24  13
14  3299  29      2.5     9   2110    163   34          231       2.93  14
15  5705  16      4.0    20   3690    212   43          250       2.56  15
16  4504  22      3.5    17   3180    193   31          200       2.73  16
17  5104  22      2.0    16   3220    200   41          200       2.73  17
18  3667  24      2.0     7   2750    179   40          151       2.73  18
19  3955  19      3.5    13   3430    197   43          250       2.56  19
20  3984  30      2.0     8   2120    163   35           98       3.54  20
21  4010  18      4.0    17   3600    206   46          318       2.47  21
22  5886  16      4.0    17   3600    206   46          318       2.47  22
23  6342  17      4.5    21   3740    220   46          225       2.94  23
24  4389  28      1.5     9   1800    147   33           98       3.15  24
25  4187  21      2.0    10   2650    179   43          140       3.08  25
26 11497  12      3.5    22   4840    233   51          400       2.47  26
27 13594  12      2.5    18   4720    230   48          400       2.47  27
28 13466  14      3.5    15   3830    201   41          302       2.47  28
29  3829  22      3.0     9   2580    169   39          140       2.73  29
30  5379  14      3.5    16   4060    221   48          302       2.75  30
31  6165  15      3.5    23   3720    212   44          302       2.26  31
32  4516  18      3.0    15   3370    198   41          250       2.43  32
33  6303  14      3.0    16   4130    217   45          302       2.75  33
34  3291  20      3.5    17   2830    195   43          140       3.08  34
35  8814  21      4.0    20   4060    220   43          350       2.41  35
36  5172  19      2.0    16   3310    198   42          231       2.93  36
37  4733  19      4.5    16   3300    198   42          231       2.93  37
38  4890  18      4.0    20   3690    218   42          231       2.73  38
39  4181  19      4.5    14   3370    200   43          231       3.08  39
40  4195  24      2.0    10   2730    180   40          151       2.73  40
41 10371  16      3.5    17   4030    206   43          350       2.41  41
42  4647  28      2.0    11   3260    170   37          156       3.05  42
43  4425  34      2.5    11   1800    157   37           86       2.97  43
44  4482  25      4.0    17   2200    165   36          105       3.37  44
45  6486  26      1.5     8   2520    182   38          119       3.54  45
46  4060  18      5.0    16   3330    201   44          225       3.23  46
47  5798  18      4.0    20   3700    214   42          231       2.73  47
48  4934  18      1.5     7   3470    198   42          231       3.08  48
49  5222  19      2.0    16   3210    201   45          231       2.93  49
50  4723  19      3.5    17   3200    199   40          231       2.93  50
51  4424  19      3.5    13   3420    203   43          231       3.08  51
52  4172  24      2.0     7   2690    179   41          151       2.73  52
53  9690  17      3.0    15   2830    189   37          131       3.20  53
54  6295  23      2.5    11   2070    174   36           97       3.70  54
55  9735  25      2.5    12   2650    177   34          121       3.64  55
56  6229  23      1.5     6   2370    170   35          119       3.89  56
57  4589  35      2.0     8   2020    165   32           85       3.70  57
58  5079  24      2.5     8   2280    170   34          119       3.54  58
59  8129  21      2.5     8   2750    184   38          146       3.55  59
60  4296  21      2.5    16   2130    161   36          105       3.37  60
61  5799  25      3.0    10   2240    172   36          107       3.05  61
62  4499  28      2.5     5   1760    149   34           91       3.30  62
63  3995  30      3.5    11   1980    154   33           86       3.73  63
64 12990  14      3.5    14   3420    192   38          163       3.58  64
65  3895  26      3.0    10   1830    142   34           79       3.72  65
66  3798  35      2.5    11   2050    164   36           97       3.81  66
67  5899  18      2.5    14   2410    174   36          134       3.06  67
68  3748  31      3.0     9   2200    165   35           97       3.21  68
69  5719  18      2.0    11   2670    175   36          134       3.05  69
70  7140  23      2.5    12   2160    172   36           97       3.74  70
71  5397  41      3.0    15   2040    155   35           90       3.78  71
72  4697  25      3.0    15   1930    155   35           89       3.78  72
73  6850  25      2.0    16   1990    156   36           97       3.78  73
74 11995  17      2.5    14   3170    193   37          163       2.98  74
>     x=Data[,2:length(Data)]
> for (i in 1:length(x)) {   ##transformar datos a datos positivos 
+  x[i] = (x[i]-min(x[i]))/(max(x[i])-min(x[i]))  #para poner todos los datos de 0 a 1 
+ }
>   head(x)
       price       mpg  headroom     trunk    weight    length turn displacement gear_ratio        num
1 0.06405073 0.3448276 0.2857143 0.3333333 0.3798701 0.4835165 0.45    0.1213873  0.8176471 0.00000000
2 0.11557669 0.1724138 0.4285714 0.3333333 0.5162338 0.3406593 0.45    0.5173410  0.2000000 0.01369863
3 0.04026952 0.3448276 0.4285714 0.3888889 0.2857143 0.2857143 0.20    0.1213873  0.5235294 0.02739726
4 0.12088783 0.2758621 0.8571429 0.6111111 0.4837662 0.5934066 0.45    0.3381503  0.4352941 0.04109589
5 0.35957194 0.1034483 0.7142857 0.8333333 0.7532468 0.8791209 0.60    0.7832370  0.1294118 0.05479452
6 0.19793896 0.2068966 0.7142857 0.8888889 0.6201299 0.8351648 0.60    0.4393064  0.3176471 0.06849315
>     summary(x)
     price              mpg            headroom          trunk            weight           length      
 Min.   :0.00000   Min.   :0.0000   Min.   :0.0000   Min.   :0.0000   Min.   :0.0000   Min.   :0.0000  
 1st Qu.:0.07366   1st Qu.:0.2069   1st Qu.:0.2857   1st Qu.:0.2917   1st Qu.:0.1591   1st Qu.:0.3077  
 Median :0.13599   Median :0.2759   Median :0.4286   Median :0.5000   Median :0.4643   Median :0.5549  
 Mean   :0.22784   Mean   :0.3206   Mean   :0.4266   Mean   :0.4865   Mean   :0.4089   Mean   :0.5048  
 3rd Qu.:0.24108   3rd Qu.:0.4397   3rd Qu.:0.5714   3rd Qu.:0.6528   3rd Qu.:0.5974   3rd Qu.:0.6786  
 Max.   :1.00000   Max.   :1.0000   Max.   :1.0000   Max.   :1.0000   Max.   :1.0000   Max.   :1.0000  
      turn         displacement      gear_ratio          num      
 Min.   :0.0000   Min.   :0.0000   Min.   :0.0000   Min.   :0.00  
 1st Qu.:0.2500   1st Qu.:0.1156   1st Qu.:0.3176   1st Qu.:0.25  
 Median :0.4500   Median :0.3382   Median :0.4500   Median :0.50  
 Mean   :0.4324   Mean   :0.3419   Mean   :0.4852   Mean   :0.50  
 3rd Qu.:0.6000   3rd Qu.:0.4805   3rd Qu.:0.6838   3rd Qu.:0.75  
 Max.   :1.0000   Max.   :1.0000   Max.   :1.0000   Max.   :1.00  
>     x=x+1
>     correlationanalisis(x)
>    xlog=log(x)
> fa.parallel(xlog)         
Error in fa.parallel(xlog) : could not find function "fa.parallel"
> KMO(xlog)
Error in KMO(xlog) : could not find function "KMO"
> library(factanal)
Error in library(factanal) : there is no package called ‘factanal’
> library(factoextra)
Welcome! Related Books: `Practical Guide To Cluster Analysis in R` at https://goo.gl/13EFCZ
> library(psy)
> library(nFactors)
Loading required package: MASS
Loading required package: psych

Attaching package: ‘psych’

The following object is masked from ‘package:psy’:

    wkappa

The following objects are masked from ‘package:ggplot2’:

    %+%, alpha

Loading required package: boot

Attaching package: ‘boot’

The following object is masked from ‘package:psych’:

    logit

Loading required package: lattice

Attaching package: ‘lattice’

The following object is masked from ‘package:boot’:

    melanoma


Attaching package: ‘nFactors’

The following object is masked from ‘package:lattice’:

    parallel

> library(GPArotation)
> library(Rgraphviz)
Loading required package: graph
Loading required package: BiocGenerics
Loading required package: parallel

Attaching package: ‘BiocGenerics’

The following objects are masked from ‘package:parallel’:

    clusterApply, clusterApplyLB, clusterCall, clusterEvalQ, clusterExport, clusterMap, parApply,
    parCapply, parLapply, parLapplyLB, parRapply, parSapply, parSapplyLB

The following objects are masked from ‘package:stats’:

    IQR, mad, sd, var, xtabs

The following objects are masked from ‘package:base’:

    anyDuplicated, append, as.data.frame, basename, cbind, colMeans, colnames, colSums, dirname,
    do.call, duplicated, eval, evalq, Filter, Find, get, grep, grepl, intersect, is.unsorted,
    lapply, lengths, Map, mapply, match, mget, order, paste, pmax, pmax.int, pmin, pmin.int,
    Position, rank, rbind, Reduce, rowMeans, rownames, rowSums, sapply, setdiff, sort, table,
    tapply, union, unique, unsplit, which, which.max, which.min

Loading required package: grid
> library(stats)
> library(lmtest)
> library(normtest)
> library(randtests)
> library(car)
Loading required package: carData

Attaching package: ‘car’

The following object is masked from ‘package:Rgraphviz’:

    sp

The following object is masked from ‘package:boot’:

    logit

The following object is masked from ‘package:psych’:

    logit

> library(EnvStats)

Attaching package: ‘EnvStats’

The following object is masked from ‘package:car’:

    qqPlot

The following object is masked from ‘package:MASS’:

    boxcox

The following objects are masked from ‘package:stats’:

    predict, predict.lm

The following object is masked from ‘package:base’:

    print.default

> fa.parallel(xlog)         
Parallel analysis suggests that the number of factors =  1  and the number of components =  1 
> KMO(xlog)
Kaiser-Meyer-Olkin factor adequacy
Call: KMO(r = xlog)
Overall MSA =  0.89
MSA for each item = 
       price          mpg     headroom        trunk       weight       length         turn displacement 
        0.74         0.97         0.82         0.88         0.87         0.88         0.94         0.91 
  gear_ratio          num 
        0.89         0.87 
> cortest.bartlett(xlog)
R was not square, finding R from data
$chisq
[1] 699.1394

$p.value
[1] 3.312644e-118

$df
[1] 45

>  powerTransform(values[,1])	
Error in powerTransform(values[, 1]) : object 'values' not found
>   lam= -0.3533898 
> valu1=  boxcoxTransform(values[,1],lam)
Error in boxcoxTransform(values[, 1], lam) : object 'values' not found
>   shapiro.test(valu1)
Error in is.numeric(x) : object 'valu1' not found
>  shapiro.test(log(values[,2]))
Error in is.numeric(x) : object 'values' not found
>   powerTransform(values[,2])	
Error in powerTransform(values[, 2]) : object 'values' not found
>   lam=   0.6197182 
> valu2=  boxcoxTransform(values[,2],lam) 
Error in boxcoxTransform(values[, 2], lam) : object 'values' not found
>     shapiro.test(valu2)
Error in is.numeric(x) : object 'valu2' not found
> ks.test(valu2,pnorm,mean(valu2),sd(valu2))
Error in ks.test(valu2, pnorm, mean(valu2), sd(valu2)) : 
  object 'valu2' not found
> 
>   
>    powerTransform(values[,3])	
Error in powerTransform(values[, 3]) : object 'values' not found
>   lam= 0.8142939
> valu3=  boxcoxTransform(values[,3],lam)
Error in boxcoxTransform(values[, 3], lam) : object 'values' not found
>   shapiro.test(valu3)
Error in is.numeric(x) : object 'valu3' not found
> shapiro.test(values[,4])
Error in is.numeric(x) : object 'values' not found
>   shapiro.test(log(values[,4]))
Error in is.numeric(x) : object 'values' not found
>   powerTransform(values[,4])	
Error in powerTransform(values[, 4]) : object 'values' not found
>   lam=   0.5026624
> valu4=  boxcoxTransform(values[,4],lam) 
Error in boxcoxTransform(values[, 4], lam) : object 'values' not found
>     shapiro.test(valu4)
Error in is.numeric(x) : object 'valu4' not found
> ks.test(valu4,pnorm,mean(valu4),sd(valu4))
Error in ks.test(valu4, pnorm, mean(valu4), sd(valu4)) : 
  object 'valu4' not found
> 
> i=5
> shapiro.test(values[,i])
Error in is.numeric(x) : object 'values' not found
> valu5=values[,5]
Error: object 'values' not found
> 
> 
> i=6
> shapiro.test(values[,i])
Error in is.numeric(x) : object 'values' not found
>   shapiro.test(log(values[,i]))
Error in is.numeric(x) : object 'values' not found
>   powerTransform(values[,i])	
Error in powerTransform(values[, i]) : object 'values' not found
>   lam=     0.2986733 
> valu6=  boxcoxTransform(values[,i],lam) 
Error in boxcoxTransform(values[, i], lam) : object 'values' not found
>     shapiro.test(valu6)
Error in is.numeric(x) : object 'valu6' not found
> ks.test(valu6,pnorm,mean(valu6),sd(valu6))
Error in ks.test(valu6, pnorm, mean(valu6), sd(valu6)) : 
  object 'valu6' not found
> 
> i=7
> shapiro.test(values[,i])
Error in is.numeric(x) : object 'values' not found
>   shapiro.test(log(values[,i]))
Error in is.numeric(x) : object 'values' not found
>   powerTransform(values[,i])	
Error in powerTransform(values[, i]) : object 'values' not found
>   lam=    0.001216884
> valu7=  boxcoxTransform(values[,i],lam) 
Error in boxcoxTransform(values[, i], lam) : object 'values' not found
>     shapiro.test(valu7)
Error in is.numeric(x) : object 'valu7' not found
> ks.test(valu7,pnorm,mean(valu7),sd(valu7))
Error in ks.test(valu7, pnorm, mean(valu7), sd(valu7)) : 
  object 'valu7' not found
> 
> i=8
> shapiro.test(values[,i])
Error in is.numeric(x) : object 'values' not found
>   shapiro.test(log(values[,i]))
Error in is.numeric(x) : object 'values' not found
>   powerTransform(values[,i])	
Error in powerTransform(values[, i]) : object 'values' not found
>   lam=   0.09708738
> valu8=  boxcoxTransform(values[,i],lam) 
Error in boxcoxTransform(values[, i], lam) : object 'values' not found
>     shapiro.test(valu8)
Error in is.numeric(x) : object 'valu8' not found
> ks.test(valu8,pnorm,mean(valu8),sd(valu8))
Error in ks.test(valu8, pnorm, mean(valu8), sd(valu8)) : 
  object 'valu8' not found
> 
> i=9
> shapiro.test(values[,i])
Error in is.numeric(x) : object 'values' not found
>   shapiro.test(log(values[,i]))
Error in is.numeric(x) : object 'values' not found
>   powerTransform(values[,i])	
Error in powerTransform(values[, i]) : object 'values' not found
>   lam=    0.7186669
> valu9=  boxcoxTransform(values[,i],lam) 
Error in boxcoxTransform(values[, i], lam) : object 'values' not found
>     shapiro.test(valu9)
Error in is.numeric(x) : object 'valu9' not found
> ks.test(valu9,pnorm,mean(valu9),sd(valu9))
Error in ks.test(valu9, pnorm, mean(valu9), sd(valu9)) : 
  object 'valu9' not found
> 
> shapiro.test(price)

	Shapiro-Wilk normality test

data:  price
W = 0.76696, p-value = 1.724e-09

>   shapiro.test(log(values[,i]))
Error in is.numeric(x) : object 'values' not found
>   powerTransform(price)	
Estimated transformation parameter 
    price 
-1.436082 
>   lam= -1.436082     
> price=  boxcoxTransform(price,lam) 
>     shapiro.test(price)

	Shapiro-Wilk normality test

data:  price
W = 0.96707, p-value = 0.05052

> ks.test(price,pnorm,mean(price),sd(price))

	One-sample Kolmogorov-Smirnov test

data:  price
D = 0.079854, p-value = 0.7025
alternative hypothesis: two-sided

> 
> valuesbox=data.frame(valu1,valu2,valu3,valu4,valu5,valu6,valu7,valu8,valu9)
Error in data.frame(valu1, valu2, valu3, valu4, valu5, valu6, valu7, valu8,  : 
  object 'valu1' not found
> scatter.smooth(x=valu1), y=price, main="Scatter plot")
Error: unexpected ',' in "scatter.smooth(x=valu1),"
> scatter.smooth(x=valu2, y=price, main="Scatter plot")
Error in xy.coords(x, y, xlabel, ylabel) : object 'valu2' not found
> valu2
Error: object 'valu2' not found
>     head(Data)
           make price mpg headroom trunk weight length turn displacement gear_ratio num
1   AMC Concord  4099  22      2.5    11   2930    186   40          121       3.58   1
2     AMC Pacer  4749  17      3.0    11   3350    173   40          258       2.53   2
3    AMC Spirit  3799  22      3.0    12   2640    168   35          121       3.08   3
4 Buick Century  4816  20      4.5    16   3250    196   40          196       2.93   4
5 Buick Electra  7827  15      4.0    20   4080    222   43          350       2.41   5
6 Buick LeSabre  5788  18      4.0    21   3670    218   43          231       2.73   6
> 
>     values=x
>   shapiro.test(values[,1])

	Shapiro-Wilk normality test

data:  values[, 1]
W = 0.76696, p-value = 1.724e-09

>   
>  powerTransform(values[,1])	
Estimated transformation parameter 
values[, 1] 
  -4.636039 
>   lam= -0.3533898 
> valu1=  boxcoxTransform(values[,1],lam)
>   shapiro.test(valu1)

	Shapiro-Wilk normality test

data:  valu1
W = 0.83243, p-value = 1.056e-07

>   
>   
>   
>   shapiro.test(log(values[,2]))

	Shapiro-Wilk normality test

data:  log(values[, 2])
W = 0.97248, p-value = 0.1059

>   powerTransform(values[,2])	
Estimated transformation parameter 
values[, 2] 
  -1.405877 
>   lam=   0.6197182 
> valu2=  boxcoxTransform(values[,2],lam) 
>     shapiro.test(valu2)

	Shapiro-Wilk normality test

data:  valu2
W = 0.95479, p-value = 0.009866

> ks.test(valu2,pnorm,mean(valu2),sd(valu2))

	One-sample Kolmogorov-Smirnov test

data:  valu2
D = 0.12182, p-value = 0.2221
alternative hypothesis: two-sided

Warning message:
In ks.test(valu2, pnorm, mean(valu2), sd(valu2)) :
  ties should not be present for the Kolmogorov-Smirnov test
> 
>   
>    powerTransform(values[,3])	
Estimated transformation parameter 
values[, 3] 
  0.4505607 
>   lam= 0.8142939
> valu3=  boxcoxTransform(values[,3],lam)
>   shapiro.test(valu3)

	Shapiro-Wilk normality test

data:  valu3
W = 0.95347, p-value = 0.008333

> 
> 
> shapiro.test(values[,4])

	Shapiro-Wilk normality test

data:  values[, 4]
W = 0.97119, p-value = 0.08879

>   shapiro.test(log(values[,4]))

	Shapiro-Wilk normality test

data:  log(values[, 4])
W = 0.96733, p-value = 0.05231

>   powerTransform(values[,4])	
Estimated transformation parameter 
values[, 4] 
  0.7745239 
>   lam=   0.5026624
> valu4=  boxcoxTransform(values[,4],lam) 
>     shapiro.test(valu4)

	Shapiro-Wilk normality test

data:  valu4
W = 0.97081, p-value = 0.08426

> ks.test(valu4,pnorm,mean(valu4),sd(valu4))

	One-sample Kolmogorov-Smirnov test

data:  valu4
D = 0.12777, p-value = 0.1784
alternative hypothesis: two-sided

Warning message:
In ks.test(valu4, pnorm, mean(valu4), sd(valu4)) :
  ties should not be present for the Kolmogorov-Smirnov test
> 
> i=5
> shapiro.test(values[,i])

	Shapiro-Wilk normality test

data:  values[, i]
W = 0.96159, p-value = 0.02411

> valu5=values[,5]
> 
> 
> i=6
> shapiro.test(values[,i])

	Shapiro-Wilk normality test

data:  values[, i]
W = 0.97087, p-value = 0.08502

>   shapiro.test(log(values[,i]))

	Shapiro-Wilk normality test

data:  log(values[, i])
W = 0.96518, p-value = 0.03909

>   powerTransform(values[,i])	
Estimated transformation parameter 
values[, i] 
  0.9592916 
>   lam=     0.2986733 
> valu6=  boxcoxTransform(values[,i],lam) 
>     shapiro.test(valu6)

	Shapiro-Wilk normality test

data:  valu6
W = 0.96804, p-value = 0.05765

> ks.test(valu6,pnorm,mean(valu6),sd(valu6))

	One-sample Kolmogorov-Smirnov test

data:  valu6
D = 0.12078, p-value = 0.2306
alternative hypothesis: two-sided

Warning message:
In ks.test(valu6, pnorm, mean(valu6), sd(valu6)) :
  ties should not be present for the Kolmogorov-Smirnov test
> 
> i=7
> shapiro.test(values[,i])

	Shapiro-Wilk normality test

data:  values[, i]
W = 0.96168, p-value = 0.02437

>   shapiro.test(log(values[,i]))

	Shapiro-Wilk normality test

data:  log(values[, i])
W = 0.96053, p-value = 0.02092

>   powerTransform(values[,i])	
Estimated transformation parameter 
values[, i] 
   0.450517 
>   lam=    0.001216884
> valu7=  boxcoxTransform(values[,i],lam) 
>     shapiro.test(valu7)

	Shapiro-Wilk normality test

data:  valu7
W = 0.96054, p-value = 0.02094

> ks.test(valu7,pnorm,mean(valu7),sd(valu7))

	One-sample Kolmogorov-Smirnov test

data:  valu7
D = 0.13934, p-value = 0.113
alternative hypothesis: two-sided

Warning message:
In ks.test(valu7, pnorm, mean(valu7), sd(valu7)) :
  ties should not be present for the Kolmogorov-Smirnov test
> 
> i=8
> shapiro.test(values[,i])

	Shapiro-Wilk normality test

data:  values[, i]
W = 0.91809, p-value = 0.0001429

>   shapiro.test(log(values[,i]))

	Shapiro-Wilk normality test

data:  log(values[, i])
W = 0.9329, p-value = 0.0007047

>   powerTransform(values[,i])	
Estimated transformation parameter 
values[, i] 
  -1.045139 
>   lam=   0.09708738
> valu8=  boxcoxTransform(values[,i],lam) 
>     shapiro.test(valu8)

	Shapiro-Wilk normality test

data:  valu8
W = 0.93199, p-value = 0.0006363

> ks.test(valu8,pnorm,mean(valu8),sd(valu8))

	One-sample Kolmogorov-Smirnov test

data:  valu8
D = 0.12166, p-value = 0.2234
alternative hypothesis: two-sided

Warning message:
In ks.test(valu8, pnorm, mean(valu8), sd(valu8)) :
  ties should not be present for the Kolmogorov-Smirnov test
> 
> i=9
> shapiro.test(values[,i])

	Shapiro-Wilk normality test

data:  values[, i]
W = 0.95452, p-value = 0.009533

>   shapiro.test(log(values[,i]))

	Shapiro-Wilk normality test

data:  log(values[, i])
W = 0.96202, p-value = 0.02552

>   powerTransform(values[,i])	
Estimated transformation parameter 
values[, i] 
   0.224425 
>   lam=    0.7186669
> valu9=  boxcoxTransform(values[,i],lam) 
>     shapiro.test(valu9)

	Shapiro-Wilk normality test

data:  valu9
W = 0.95813, p-value = 0.01524

> ks.test(valu9,pnorm,mean(valu9),sd(valu9))

	One-sample Kolmogorov-Smirnov test

data:  valu9
D = 0.10916, p-value = 0.3411
alternative hypothesis: two-sided

Warning message:
In ks.test(valu9, pnorm, mean(valu9), sd(valu9)) :
  ties should not be present for the Kolmogorov-Smirnov test
> 
> i=9
> ks.test(values[,i],pnorm,mean(values[,i]),sd(values[,i]))

	One-sample Kolmogorov-Smirnov test

data:  values[, i]
D = 0.11892, p-value = 0.2462
alternative hypothesis: two-sided

Warning message:
In ks.test(values[, i], pnorm, mean(values[, i]), sd(values[, i])) :
  ties should not be present for the Kolmogorov-Smirnov test
> 
> values=data.frame(log(Consumption),log(Investment),log(Governmemt_expenditure),log(Population_000s))
Error in data.frame(log(Consumption), log(Investment), log(Governmemt_expenditure),  : 
  object 'Consumption' not found
> 
> 
> 
> shapiro.test(price)

	Shapiro-Wilk normality test

data:  price
W = 0.96707, p-value = 0.05052

>   shapiro.test(log(values[,i]))

	Shapiro-Wilk normality test

data:  log(values[, i])
W = 0.96202, p-value = 0.02552

>   powerTransform(price)	
Error in qr.resid(xqr, w * fam(Y, lambda, j = TRUE, ...)) : 
  NA/NaN/Inf in foreign function call (arg 5)
>   lam= -1.436082     
> price=  boxcoxTransform(price,lam) 
>     shapiro.test(price)

	Shapiro-Wilk normality test

data:  price
W = 0.96707, p-value = 0.05052

> ks.test(price,pnorm,mean(price),sd(price))

	One-sample Kolmogorov-Smirnov test

data:  price
D = 0.079854, p-value = 0.7026
alternative hypothesis: two-sided

> 
> scatter.smooth(x=valu1), y=price, main="Scatter plot")
Error: unexpected ',' in "scatter.smooth(x=valu1),"
> scatter.smooth(x=valu1, y=price, main="Scatter plot")
> scatter.smooth(x=valu2, y=price, main="Scatter plot")
> scatter.smooth(x=valu3, y=price, main="Scatter plot")
> scatter.smooth(x=valu4, y=price, main="Scatter plot")
> scatter.smooth(x=valu3, y=price, main="Scatter plot")
> scatter.smooth(x=valu5, y=price, main="Scatter plot")
> scatter.smooth(x=valu6, y=price, main="Scatter plot")
> scatter.smooth(x=valu7, y=price, main="Scatter plot")
> scatter.smooth(x=valu8, y=price, main="Scatter plot")
> scatter.smooth(x=valu7, y=price, main="Scatter plot")
> scatter.smooth(x=valu6, y=price, main="Scatter plot")
> scatter.smooth(x=valu5, y=price, main="Scatter plot")
> scatter.smooth(x=valu4, y=price, main="Scatter plot")
> scatter.smooth(x=valu3, y=price, main="Scatter plot")
> scatter.smooth(x=valu2, y=price, main="Scatter plot")
> scatter.smooth(x=valu1, y=price, main="Scatter plot")
> scatter.smooth(x=valu2, y=price, main="Scatter plot")
> valuesbox=data.frame(valu1,valu2,valu3,valu4,valu5,valu6,valu7,valu8,valu9)
>     correlationanalisis(valuesbox)
>  fit<-factanal(valuesbox,3,method="ml",scores="regression",rotation="varimax")
> fit

Call:
factanal(x = valuesbox, factors = 3, scores = "regression", rotation = "varimax",     method = "ml")

Uniquenesses:
valu1 valu2 valu3 valu4 valu5 valu6 valu7 valu8 valu9 
0.711 0.299 0.162 0.335 0.036 0.061 0.245 0.033 0.259 

Loadings:
      Factor1 Factor2 Factor3
valu1  0.480           0.241 
valu2 -0.711  -0.307  -0.318 
valu3  0.120   0.889   0.183 
valu4  0.463   0.644   0.190 
valu5  0.794   0.335   0.471 
valu6  0.817   0.392   0.345 
valu7  0.734   0.302   0.354 
valu8  0.571   0.314   0.737 
valu9 -0.449  -0.232  -0.697 

               Factor1 Factor2 Factor3
SS loadings      3.328   1.809   1.723
Proportion Var   0.370   0.201   0.191
Cumulative Var   0.370   0.571   0.762

Test of the hypothesis that 3 factors are sufficient.
The chi square statistic is 24.31 on 12 degrees of freedom.
The p-value is 0.0184 
> fa.parallel(valuesbox)         
Parallel analysis suggests that the number of factors =  1  and the number of components =  1 
>  fit<-factanal(valuesbox,1,method="ml",scores="regression",rotation="varimax")
> fit

Call:
factanal(x = valuesbox, factors = 1, scores = "regression", rotation = "varimax",     method = "ml")

Uniquenesses:
valu1 valu2 valu3 valu4 valu5 valu6 valu7 valu8 valu9 
0.732 0.310 0.745 0.524 0.026 0.093 0.256 0.167 0.399 

Loadings:
      Factor1
valu1  0.517 
valu2 -0.831 
valu3  0.505 
valu4  0.690 
valu5  0.987 
valu6  0.953 
valu7  0.863 
valu8  0.913 
valu9 -0.775 

               Factor1
SS loadings      5.749
Proportion Var   0.639

Test of the hypothesis that 1 factor is sufficient.
The chi square statistic is 81.37 on 27 degrees of freedom.
The p-value is 2.34e-07 
> scores<-fit$scores
> scores
          Factor1
 [1,] -0.21529820
 [2,]  0.27934138
 [3,] -0.60987166
 [4,]  0.30574196
 [5,]  1.41144723
 [6,]  0.90736193
 [7,] -0.77920323
 [8,]  0.35082346
 [9,]  0.99801362
[10,]  0.47675340
[11,]  1.70002416
[12,]  1.17152913
[13,]  1.42641826
[14,] -1.04081266
[15,]  0.92526824
[16,]  0.09129882
[17,]  0.29378127
[18,] -0.36594619
[19,]  0.54426401
[20,] -1.21614795
[21,]  0.87134002
[22,]  0.89680117
[23,]  1.00366817
[24,] -1.60334007
[25,] -0.40548827
[26,]  2.23577358
[27,]  2.06977274
[28,]  1.00578668
[29,] -0.56482500
[30,]  1.35029013
[31,]  1.04411997
[32,]  0.50464687
[33,]  1.34873354
[34,] -0.08684476
[35,]  1.33914215
[36,]  0.40215945
[37,]  0.42409107
[38,]  0.90335311
[39,]  0.48202427
[40,] -0.35473444
[41,]  1.24851699
[42,] -0.08820483
[43,] -1.47402382
[44,] -0.99111148
[45,] -0.64456770
[46,]  0.47506656
[47,]  0.88994034
[48,]  0.47252012
[49,]  0.37604520
[50,]  0.32008372
[51,]  0.52632774
[52,] -0.39901366
[53,] -0.18499030
[54,] -1.07794548
[55,] -0.58526891
[56,] -0.91237028
[57,] -1.38402149
[58,] -0.96452556
[59,] -0.35858625
[60,] -1.07558725
[61,] -0.91894486
[62,] -1.62845788
[63,] -1.42817040
[64,]  0.36616858
[65,] -1.63623725
[66,] -1.28068160
[67,] -0.66892732
[68,] -1.10458011
[69,] -0.47586899
[70,] -1.01595301
[71,] -1.39272919
[72,] -1.37440204
[73,] -1.29171819
[74,]  0.16096124
> simple_mpg <- lm(price ~ values[,2]+values[,3]+values[,4]+values[,6]+values[,8]) 
> summary(simple_mpg)

Call:
lm(formula = price ~ values[, 2] + values[, 3] + values[, 4] + 
    values[, 6] + values[, 8])

Residuals:
       Min         1Q     Median         3Q        Max 
-7.177e-06 -1.859e-06 -3.519e-07  2.016e-06  5.596e-06 

Coefficients:
              Estimate Std. Error    t value Pr(>|t|)    
(Intercept) -4.746e-01  6.782e-06 -69979.691   <2e-16 ***
values[, 2] -5.087e-06  2.771e-06     -1.835   0.0708 .  
values[, 3] -4.720e-06  1.848e-06     -2.554   0.0129 *  
values[, 4]  4.529e-06  2.333e-06      1.941   0.0564 .  
values[, 6]  3.513e-07  3.236e-06      0.109   0.9139    
values[, 8]  2.157e-06  2.305e-06      0.936   0.3528    
---
Signif. codes:  0 ‘***’ 0.001 ‘**’ 0.01 ‘*’ 0.05 ‘.’ 0.1 ‘ ’ 1

Residual standard error: 2.839e-06 on 68 degrees of freedom
Multiple R-squared:  0.3311,	Adjusted R-squared:  0.2819 
F-statistic: 6.733 on 5 and 68 DF,  p-value: 3.765e-05

> valuesbox=data.frame(valu1,valu2,valu3,valu4,valu6,valu8)
> simple_mpg <- lm(price ~ values[,2]+values[,3]+values[,4]+values[,6]+values[,8]) 
> summary(simple_mpg)

Call:
lm(formula = price ~ values[, 2] + values[, 3] + values[, 4] + 
    values[, 6] + values[, 8])

Residuals:
       Min         1Q     Median         3Q        Max 
-7.177e-06 -1.859e-06 -3.519e-07  2.016e-06  5.596e-06 

Coefficients:
              Estimate Std. Error    t value Pr(>|t|)    
(Intercept) -4.746e-01  6.782e-06 -69979.691   <2e-16 ***
values[, 2] -5.087e-06  2.771e-06     -1.835   0.0708 .  
values[, 3] -4.720e-06  1.848e-06     -2.554   0.0129 *  
values[, 4]  4.529e-06  2.333e-06      1.941   0.0564 .  
values[, 6]  3.513e-07  3.236e-06      0.109   0.9139    
values[, 8]  2.157e-06  2.305e-06      0.936   0.3528    
---
Signif. codes:  0 ‘***’ 0.001 ‘**’ 0.01 ‘*’ 0.05 ‘.’ 0.1 ‘ ’ 1

Residual standard error: 2.839e-06 on 68 degrees of freedom
Multiple R-squared:  0.3311,	Adjusted R-squared:  0.2819 
F-statistic: 6.733 on 5 and 68 DF,  p-value: 3.765e-05

> values
      price      mpg headroom    trunk   weight   length turn displacement gear_ratio      num
1  1.064051 1.344828 1.285714 1.333333 1.379870 1.483516 1.45     1.121387   1.817647 1.000000
2  1.115577 1.172414 1.428571 1.333333 1.516234 1.340659 1.45     1.517341   1.200000 1.013699
3  1.040270 1.344828 1.428571 1.388889 1.285714 1.285714 1.20     1.121387   1.523529 1.027397
4  1.120888 1.275862 1.857143 1.611111 1.483766 1.593407 1.45     1.338150   1.435294 1.041096
5  1.359572 1.103448 1.714286 1.833333 1.753247 1.879121 1.60     1.783237   1.129412 1.054795
6  1.197939 1.206897 1.714286 1.888889 1.620130 1.835165 1.60     1.439306   1.317647 1.068493
7  1.092113 1.482759 1.428571 1.277778 1.152597 1.307692 1.15     1.650289   1.400000 1.082192
8  1.150456 1.275862 1.142857 1.611111 1.493506 1.637363 1.55     1.338150   1.435294 1.095890
9  1.561316 1.137931 1.571429 1.666667 1.688312 1.714286 1.60     1.439306   1.435294 1.109589
10 1.062703 1.241379 1.571429 1.444444 1.532468 1.637363 1.55     1.439306   1.523529 1.123288
11 1.641617 1.068966 1.714286 1.833333 1.834416 1.868132 1.65     2.000000   1.052941 1.136986
12 1.888545 1.068966 1.571429 1.611111 1.694805 1.681319 1.60     1.783237   1.000000 1.150685
13 2.000000 1.310345 1.428571 1.444444 1.821429 1.681319 1.70     1.783237   1.029412 1.164384
14 1.000634 1.586207 1.285714 1.222222 1.113636 1.230769 1.15     1.439306   1.435294 1.178082
15 1.191359 1.137931 1.714286 1.833333 1.626623 1.769231 1.60     1.494220   1.217647 1.191781
16 1.096155 1.344828 1.571429 1.666667 1.461039 1.560440 1.00     1.349711   1.317647 1.205479
17 1.143718 1.344828 1.142857 1.611111 1.474026 1.637363 1.50     1.349711   1.317647 1.219178
18 1.029806 1.413793 1.142857 1.111111 1.321429 1.406593 1.45     1.208092   1.317647 1.232877
19 1.052636 1.241379 1.571429 1.444444 1.542208 1.604396 1.60     1.494220   1.217647 1.246575
20 1.054935 1.620690 1.142857 1.166667 1.116883 1.230769 1.20     1.054913   1.794118 1.260274
21 1.056996 1.206897 1.714286 1.666667 1.597403 1.703297 1.75     1.690751   1.164706 1.273973
22 1.205707 1.137931 1.714286 1.666667 1.597403 1.703297 1.75     1.690751   1.164706 1.287671
23 1.241855 1.172414 1.857143 1.888889 1.642857 1.857143 1.75     1.421965   1.441176 1.301370
24 1.087039 1.551724 1.000000 1.222222 1.012987 1.054945 1.10     1.054913   1.564706 1.315068
25 1.071027 1.310345 1.142857 1.277778 1.288961 1.406593 1.60     1.176301   1.523529 1.328767
26 1.650495 1.000000 1.571429 1.944444 2.000000 2.000000 2.00     1.927746   1.164706 1.342466
27 1.816726 1.000000 1.285714 1.722222 1.961039 1.967033 1.85     1.927746   1.164706 1.356164
28 1.806579 1.068966 1.571429 1.555556 1.672078 1.648352 1.50     1.644509   1.164706 1.369863
29 1.042648 1.344828 1.428571 1.222222 1.266234 1.296703 1.40     1.176301   1.317647 1.383562
30 1.165517 1.068966 1.571429 1.611111 1.746753 1.868132 1.85     1.644509   1.329412 1.397260
31 1.227824 1.103448 1.571429 2.000000 1.636364 1.769231 1.65     1.644509   1.041176 1.410959
32 1.097107 1.206897 1.428571 1.555556 1.522727 1.615385 1.50     1.494220   1.141176 1.424658
33 1.238763 1.068966 1.428571 1.611111 1.769481 1.824176 1.70     1.644509   1.329412 1.438356
34 1.000000 1.275862 1.571429 1.666667 1.347403 1.582418 1.60     1.176301   1.523529 1.452055
35 1.437812 1.310345 1.714286 1.833333 1.746753 1.857143 1.60     1.783237   1.129412 1.465753
36 1.149108 1.241379 1.142857 1.611111 1.503247 1.615385 1.55     1.439306   1.435294 1.479452
37 1.114308 1.241379 1.857143 1.611111 1.500000 1.615385 1.55     1.439306   1.435294 1.493151
38 1.126754 1.206897 1.714286 1.833333 1.626623 1.835165 1.55     1.439306   1.317647 1.506849
39 1.070551 1.241379 1.857143 1.500000 1.522727 1.637363 1.60     1.439306   1.523529 1.520548
40 1.071661 1.413793 1.142857 1.277778 1.314935 1.417582 1.45     1.208092   1.317647 1.534247
41 1.561237 1.137931 1.571429 1.666667 1.737013 1.703297 1.60     1.783237   1.129412 1.547945
42 1.107491 1.551724 1.142857 1.333333 1.487013 1.307692 1.30     1.222543   1.505882 1.561644
43 1.089893 1.758621 1.285714 1.333333 1.012987 1.164835 1.30     1.020231   1.458824 1.575342
44 1.094411 1.448276 1.714286 1.666667 1.142857 1.252747 1.25     1.075145   1.694118 1.589041
45 1.253270 1.482759 1.000000 1.166667 1.246753 1.439560 1.35     1.115607   1.794118 1.602740
46 1.060959 1.206897 2.000000 1.611111 1.509740 1.648352 1.65     1.421965   1.611765 1.616438
47 1.198732 1.206897 1.714286 1.833333 1.629870 1.791209 1.55     1.439306   1.317647 1.630137
48 1.130242 1.206897 1.000000 1.111111 1.555195 1.615385 1.55     1.439306   1.523529 1.643836
49 1.153072 1.241379 1.142857 1.611111 1.470779 1.648352 1.70     1.439306   1.435294 1.657534
50 1.113516 1.241379 1.571429 1.666667 1.467532 1.626374 1.45     1.439306   1.435294 1.671233
51 1.089814 1.241379 1.571429 1.444444 1.538961 1.670330 1.60     1.439306   1.523529 1.684932
52 1.069837 1.413793 1.142857 1.111111 1.301948 1.406593 1.50     1.208092   1.317647 1.698630
53 1.507253 1.172414 1.428571 1.555556 1.347403 1.516484 1.30     1.150289   1.594118 1.712329
54 1.238129 1.379310 1.285714 1.333333 1.100649 1.351648 1.25     1.052023   1.888235 1.726027
55 1.510820 1.448276 1.285714 1.388889 1.288961 1.384615 1.15     1.121387   1.852941 1.739726
56 1.232897 1.379310 1.000000 1.055556 1.198052 1.307692 1.20     1.115607   2.000000 1.753425
57 1.102893 1.793103 1.142857 1.166667 1.084416 1.252747 1.05     1.017341   1.888235 1.767123
58 1.141736 1.413793 1.285714 1.166667 1.168831 1.307692 1.15     1.115607   1.794118 1.780822
59 1.383512 1.310345 1.285714 1.166667 1.321429 1.461538 1.35     1.193642   1.800000 1.794521
60 1.079667 1.310345 1.285714 1.611111 1.120130 1.208791 1.25     1.075145   1.694118 1.808219
61 1.198811 1.448276 1.428571 1.277778 1.155844 1.329670 1.25     1.080925   1.505882 1.821918
62 1.095759 1.551724 1.285714 1.000000 1.000000 1.076923 1.15     1.034682   1.652941 1.835616
63 1.055807 1.620690 1.571429 1.333333 1.071429 1.131868 1.10     1.020231   1.905882 1.849315
64 1.768847 1.068966 1.571429 1.500000 1.538961 1.549451 1.35     1.242775   1.817647 1.863014
65 1.047880 1.482759 1.428571 1.277778 1.022727 1.000000 1.15     1.000000   1.900000 1.876712
66 1.040190 1.793103 1.285714 1.333333 1.094156 1.241758 1.25     1.052023   1.952941 1.890411
67 1.206738 1.206897 1.285714 1.500000 1.211039 1.351648 1.25     1.158960   1.511765 1.904110
68 1.036227 1.655172 1.428571 1.222222 1.142857 1.252747 1.20     1.052023   1.600000 1.917808
69 1.192469 1.206897 1.142857 1.333333 1.295455 1.362637 1.25     1.158960   1.505882 1.931507
70 1.305113 1.379310 1.285714 1.388889 1.129870 1.329670 1.25     1.052023   1.911765 1.945205
71 1.166944 2.000000 1.428571 1.555556 1.090909 1.142857 1.20     1.031792   1.935294 1.958904
72 1.111455 1.448276 1.428571 1.555556 1.055195 1.142857 1.20     1.028902   1.935294 1.972603
73 1.282124 1.448276 1.142857 1.611111 1.074675 1.153846 1.25     1.052023   1.935294 1.986301
74 1.689972 1.172414 1.285714 1.500000 1.457792 1.560440 1.30     1.242775   1.464706 2.000000
> valuesbox=data.frame(valu1,valu2,valu3,valu4,valu5,valu6,valu7,valu8,valu9)
>     correlationanalisis(valuesbox)
> valu9
 [1] 0.74636536 0.19480546 0.49166869 0.41263471 0.12717731 0.30509001 0.38064095 0.41263471 0.41263471
[10] 0.49166869 0.05255558 0.00000000 0.02929158 0.41263471 0.21153570 0.30509001 0.30509001 0.30509001
[19] 0.21153570 0.72644043 0.16113555 0.16113555 0.41794537 0.52810813 0.49166869 0.16113555 0.16113555
[28] 0.16113555 0.30509001 0.31596262 0.04094207 0.13852946 0.31596262 0.49166869 0.12717731 0.41263471
[37] 0.41263471 0.30509001 0.49166869 0.30509001 0.12717731 0.47596720 0.43384090 0.64092230 0.72644043
[46] 0.56942456 0.30509001 0.49166869 0.41263471 0.41263471 0.49166869 0.30509001 0.55397120 0.80571027
[55] 0.77611733 0.89841439 0.80571027 0.72644043 0.73142852 0.64092230 0.47596720 0.60529872 0.82044830
[64] 0.74636536 0.81553991 0.85956350 0.48120675 0.55912764 0.47596720 0.82535244 0.84492671 0.84492671
[73] 0.84492671 0.43912737
> values[,i]
 [1] 1.817647 1.200000 1.523529 1.435294 1.129412 1.317647 1.400000 1.435294 1.435294 1.523529 1.052941 1.000000
[13] 1.029412 1.435294 1.217647 1.317647 1.317647 1.317647 1.217647 1.794118 1.164706 1.164706 1.441176 1.564706
[25] 1.523529 1.164706 1.164706 1.164706 1.317647 1.329412 1.041176 1.141176 1.329412 1.523529 1.129412 1.435294
[37] 1.435294 1.317647 1.523529 1.317647 1.129412 1.505882 1.458824 1.694118 1.794118 1.611765 1.317647 1.523529
[49] 1.435294 1.435294 1.523529 1.317647 1.594118 1.888235 1.852941 2.000000 1.888235 1.794118 1.800000 1.694118
[61] 1.505882 1.652941 1.905882 1.817647 1.900000 1.952941 1.511765 1.600000 1.505882 1.911765 1.935294 1.935294
[73] 1.935294 1.464706
> x
      price      mpg headroom    trunk   weight   length turn displacement gear_ratio      num
1  1.064051 1.344828 1.285714 1.333333 1.379870 1.483516 1.45     1.121387   1.817647 1.000000
2  1.115577 1.172414 1.428571 1.333333 1.516234 1.340659 1.45     1.517341   1.200000 1.013699
3  1.040270 1.344828 1.428571 1.388889 1.285714 1.285714 1.20     1.121387   1.523529 1.027397
4  1.120888 1.275862 1.857143 1.611111 1.483766 1.593407 1.45     1.338150   1.435294 1.041096
5  1.359572 1.103448 1.714286 1.833333 1.753247 1.879121 1.60     1.783237   1.129412 1.054795
6  1.197939 1.206897 1.714286 1.888889 1.620130 1.835165 1.60     1.439306   1.317647 1.068493
7  1.092113 1.482759 1.428571 1.277778 1.152597 1.307692 1.15     1.650289   1.400000 1.082192
8  1.150456 1.275862 1.142857 1.611111 1.493506 1.637363 1.55     1.338150   1.435294 1.095890
9  1.561316 1.137931 1.571429 1.666667 1.688312 1.714286 1.60     1.439306   1.435294 1.109589
10 1.062703 1.241379 1.571429 1.444444 1.532468 1.637363 1.55     1.439306   1.523529 1.123288
11 1.641617 1.068966 1.714286 1.833333 1.834416 1.868132 1.65     2.000000   1.052941 1.136986
12 1.888545 1.068966 1.571429 1.611111 1.694805 1.681319 1.60     1.783237   1.000000 1.150685
13 2.000000 1.310345 1.428571 1.444444 1.821429 1.681319 1.70     1.783237   1.029412 1.164384
14 1.000634 1.586207 1.285714 1.222222 1.113636 1.230769 1.15     1.439306   1.435294 1.178082
15 1.191359 1.137931 1.714286 1.833333 1.626623 1.769231 1.60     1.494220   1.217647 1.191781
16 1.096155 1.344828 1.571429 1.666667 1.461039 1.560440 1.00     1.349711   1.317647 1.205479
17 1.143718 1.344828 1.142857 1.611111 1.474026 1.637363 1.50     1.349711   1.317647 1.219178
18 1.029806 1.413793 1.142857 1.111111 1.321429 1.406593 1.45     1.208092   1.317647 1.232877
19 1.052636 1.241379 1.571429 1.444444 1.542208 1.604396 1.60     1.494220   1.217647 1.246575
20 1.054935 1.620690 1.142857 1.166667 1.116883 1.230769 1.20     1.054913   1.794118 1.260274
21 1.056996 1.206897 1.714286 1.666667 1.597403 1.703297 1.75     1.690751   1.164706 1.273973
22 1.205707 1.137931 1.714286 1.666667 1.597403 1.703297 1.75     1.690751   1.164706 1.287671
23 1.241855 1.172414 1.857143 1.888889 1.642857 1.857143 1.75     1.421965   1.441176 1.301370
24 1.087039 1.551724 1.000000 1.222222 1.012987 1.054945 1.10     1.054913   1.564706 1.315068
25 1.071027 1.310345 1.142857 1.277778 1.288961 1.406593 1.60     1.176301   1.523529 1.328767
26 1.650495 1.000000 1.571429 1.944444 2.000000 2.000000 2.00     1.927746   1.164706 1.342466
27 1.816726 1.000000 1.285714 1.722222 1.961039 1.967033 1.85     1.927746   1.164706 1.356164
28 1.806579 1.068966 1.571429 1.555556 1.672078 1.648352 1.50     1.644509   1.164706 1.369863
29 1.042648 1.344828 1.428571 1.222222 1.266234 1.296703 1.40     1.176301   1.317647 1.383562
30 1.165517 1.068966 1.571429 1.611111 1.746753 1.868132 1.85     1.644509   1.329412 1.397260
31 1.227824 1.103448 1.571429 2.000000 1.636364 1.769231 1.65     1.644509   1.041176 1.410959
32 1.097107 1.206897 1.428571 1.555556 1.522727 1.615385 1.50     1.494220   1.141176 1.424658
33 1.238763 1.068966 1.428571 1.611111 1.769481 1.824176 1.70     1.644509   1.329412 1.438356
34 1.000000 1.275862 1.571429 1.666667 1.347403 1.582418 1.60     1.176301   1.523529 1.452055
35 1.437812 1.310345 1.714286 1.833333 1.746753 1.857143 1.60     1.783237   1.129412 1.465753
36 1.149108 1.241379 1.142857 1.611111 1.503247 1.615385 1.55     1.439306   1.435294 1.479452
37 1.114308 1.241379 1.857143 1.611111 1.500000 1.615385 1.55     1.439306   1.435294 1.493151
38 1.126754 1.206897 1.714286 1.833333 1.626623 1.835165 1.55     1.439306   1.317647 1.506849
39 1.070551 1.241379 1.857143 1.500000 1.522727 1.637363 1.60     1.439306   1.523529 1.520548
40 1.071661 1.413793 1.142857 1.277778 1.314935 1.417582 1.45     1.208092   1.317647 1.534247
41 1.561237 1.137931 1.571429 1.666667 1.737013 1.703297 1.60     1.783237   1.129412 1.547945
42 1.107491 1.551724 1.142857 1.333333 1.487013 1.307692 1.30     1.222543   1.505882 1.561644
43 1.089893 1.758621 1.285714 1.333333 1.012987 1.164835 1.30     1.020231   1.458824 1.575342
44 1.094411 1.448276 1.714286 1.666667 1.142857 1.252747 1.25     1.075145   1.694118 1.589041
45 1.253270 1.482759 1.000000 1.166667 1.246753 1.439560 1.35     1.115607   1.794118 1.602740
46 1.060959 1.206897 2.000000 1.611111 1.509740 1.648352 1.65     1.421965   1.611765 1.616438
47 1.198732 1.206897 1.714286 1.833333 1.629870 1.791209 1.55     1.439306   1.317647 1.630137
48 1.130242 1.206897 1.000000 1.111111 1.555195 1.615385 1.55     1.439306   1.523529 1.643836
49 1.153072 1.241379 1.142857 1.611111 1.470779 1.648352 1.70     1.439306   1.435294 1.657534
50 1.113516 1.241379 1.571429 1.666667 1.467532 1.626374 1.45     1.439306   1.435294 1.671233
51 1.089814 1.241379 1.571429 1.444444 1.538961 1.670330 1.60     1.439306   1.523529 1.684932
52 1.069837 1.413793 1.142857 1.111111 1.301948 1.406593 1.50     1.208092   1.317647 1.698630
53 1.507253 1.172414 1.428571 1.555556 1.347403 1.516484 1.30     1.150289   1.594118 1.712329
54 1.238129 1.379310 1.285714 1.333333 1.100649 1.351648 1.25     1.052023   1.888235 1.726027
55 1.510820 1.448276 1.285714 1.388889 1.288961 1.384615 1.15     1.121387   1.852941 1.739726
56 1.232897 1.379310 1.000000 1.055556 1.198052 1.307692 1.20     1.115607   2.000000 1.753425
57 1.102893 1.793103 1.142857 1.166667 1.084416 1.252747 1.05     1.017341   1.888235 1.767123
58 1.141736 1.413793 1.285714 1.166667 1.168831 1.307692 1.15     1.115607   1.794118 1.780822
59 1.383512 1.310345 1.285714 1.166667 1.321429 1.461538 1.35     1.193642   1.800000 1.794521
60 1.079667 1.310345 1.285714 1.611111 1.120130 1.208791 1.25     1.075145   1.694118 1.808219
61 1.198811 1.448276 1.428571 1.277778 1.155844 1.329670 1.25     1.080925   1.505882 1.821918
62 1.095759 1.551724 1.285714 1.000000 1.000000 1.076923 1.15     1.034682   1.652941 1.835616
63 1.055807 1.620690 1.571429 1.333333 1.071429 1.131868 1.10     1.020231   1.905882 1.849315
64 1.768847 1.068966 1.571429 1.500000 1.538961 1.549451 1.35     1.242775   1.817647 1.863014
65 1.047880 1.482759 1.428571 1.277778 1.022727 1.000000 1.15     1.000000   1.900000 1.876712
66 1.040190 1.793103 1.285714 1.333333 1.094156 1.241758 1.25     1.052023   1.952941 1.890411
67 1.206738 1.206897 1.285714 1.500000 1.211039 1.351648 1.25     1.158960   1.511765 1.904110
68 1.036227 1.655172 1.428571 1.222222 1.142857 1.252747 1.20     1.052023   1.600000 1.917808
69 1.192469 1.206897 1.142857 1.333333 1.295455 1.362637 1.25     1.158960   1.505882 1.931507
70 1.305113 1.379310 1.285714 1.388889 1.129870 1.329670 1.25     1.052023   1.911765 1.945205
71 1.166944 2.000000 1.428571 1.555556 1.090909 1.142857 1.20     1.031792   1.935294 1.958904
72 1.111455 1.448276 1.428571 1.555556 1.055195 1.142857 1.20     1.028902   1.935294 1.972603
73 1.282124 1.448276 1.142857 1.611111 1.074675 1.153846 1.25     1.052023   1.935294 1.986301
74 1.689972 1.172414 1.285714 1.500000 1.457792 1.560440 1.30     1.242775   1.464706 2.000000
> valuesbox=data.frame(valu1,valu2,valu3,valu4,valu5,valu6,valu7,valu8)
>     correlationanalisis(valuesbox)
>     summary(valuesbox)
     valu1             valu2            valu3            valu4            valu5           valu6       
 Min.   :0.00000   Min.   :0.0000   Min.   :0.0000   Min.   :0.0000   Min.   :1.000   Min.   :0.0000  
 1st Qu.:0.07018   1st Qu.:0.1994   1st Qu.:0.2789   1st Qu.:0.2730   1st Qu.:1.159   1st Qu.:0.2793  
 Median :0.12466   Median :0.2630   Median :0.4139   Median :0.4497   Median :1.464   Median :0.4719  
 Mean   :0.17920   Mean   :0.2986   Mean   :0.4085   Mean   :0.4309   Mean   :1.409   Mean   :0.4240  
 3rd Qu.:0.20795   3rd Qu.:0.4088   3rd Qu.:0.5464   3rd Qu.:0.5715   3rd Qu.:1.597   3rd Qu.:0.5601  
 Max.   :0.61478   Max.   :0.8658   Max.   :0.9314   Max.   :0.8292   Max.   :2.000   Max.   :0.7701  
     valu7            valu8       
 Min.   :0.0000   Min.   :0.0000  
 1st Qu.:0.2232   1st Qu.:0.1100  
 Median :0.3716   Median :0.2954  
 Mean   :0.3477   Mean   :0.2811  
 3rd Qu.:0.4701   3rd Qu.:0.3998  
 Max.   :0.6934   Max.   :0.7170  
>     x=valuesbox
> scores
          Factor1
 [1,] -0.21529820
 [2,]  0.27934138
 [3,] -0.60987166
 [4,]  0.30574196
 [5,]  1.41144723
 [6,]  0.90736193
 [7,] -0.77920323
 [8,]  0.35082346
 [9,]  0.99801362
[10,]  0.47675340
[11,]  1.70002416
[12,]  1.17152913
[13,]  1.42641826
[14,] -1.04081266
[15,]  0.92526824
[16,]  0.09129882
[17,]  0.29378127
[18,] -0.36594619
[19,]  0.54426401
[20,] -1.21614795
[21,]  0.87134002
[22,]  0.89680117
[23,]  1.00366817
[24,] -1.60334007
[25,] -0.40548827
[26,]  2.23577358
[27,]  2.06977274
[28,]  1.00578668
[29,] -0.56482500
[30,]  1.35029013
[31,]  1.04411997
[32,]  0.50464687
[33,]  1.34873354
[34,] -0.08684476
[35,]  1.33914215
[36,]  0.40215945
[37,]  0.42409107
[38,]  0.90335311
[39,]  0.48202427
[40,] -0.35473444
[41,]  1.24851699
[42,] -0.08820483
[43,] -1.47402382
[44,] -0.99111148
[45,] -0.64456770
[46,]  0.47506656
[47,]  0.88994034
[48,]  0.47252012
[49,]  0.37604520
[50,]  0.32008372
[51,]  0.52632774
[52,] -0.39901366
[53,] -0.18499030
[54,] -1.07794548
[55,] -0.58526891
[56,] -0.91237028
[57,] -1.38402149
[58,] -0.96452556
[59,] -0.35858625
[60,] -1.07558725
[61,] -0.91894486
[62,] -1.62845788
[63,] -1.42817040
[64,]  0.36616858
[65,] -1.63623725
[66,] -1.28068160
[67,] -0.66892732
[68,] -1.10458011
[69,] -0.47586899
[70,] -1.01595301
[71,] -1.39272919
[72,] -1.37440204
[73,] -1.29171819
[74,]  0.16096124
> simple_mpg <- lm(price ~ scores[,1]) 
> summary(simple_mpg)

Call:
lm(formula = price ~ scores[, 1])

Residuals:
       Min         1Q     Median         3Q        Max 
-7.000e-06 -2.038e-06 -4.585e-07  2.394e-06  5.642e-06 

Coefficients:
              Estimate Std. Error    t value Pr(>|t|)    
(Intercept) -4.746e-01  3.393e-07 -1.399e+06  < 2e-16 ***
scores[, 1]  1.692e-06  3.444e-07  4.914e+00 5.43e-06 ***
---
Signif. codes:  0 ‘***’ 0.001 ‘**’ 0.01 ‘*’ 0.05 ‘.’ 0.1 ‘ ’ 1

Residual standard error: 2.919e-06 on 72 degrees of freedom
Multiple R-squared:  0.2511,	Adjusted R-squared:  0.2407 
F-statistic: 24.14 on 1 and 72 DF,  p-value: 5.428e-06

> values[,2]
 [1] 1.344828 1.172414 1.344828 1.275862 1.103448 1.206897 1.482759 1.275862 1.137931 1.241379 1.068966 1.068966
[13] 1.310345 1.586207 1.137931 1.344828 1.344828 1.413793 1.241379 1.620690 1.206897 1.137931 1.172414 1.551724
[25] 1.310345 1.000000 1.000000 1.068966 1.344828 1.068966 1.103448 1.206897 1.068966 1.275862 1.310345 1.241379
[37] 1.241379 1.206897 1.241379 1.413793 1.137931 1.551724 1.758621 1.448276 1.482759 1.206897 1.206897 1.206897
[49] 1.241379 1.241379 1.241379 1.413793 1.172414 1.379310 1.448276 1.379310 1.793103 1.413793 1.310345 1.310345
[61] 1.448276 1.551724 1.620690 1.068966 1.482759 1.793103 1.206897 1.655172 1.206897 1.379310 2.000000 1.448276
[73] 1.448276 1.172414
> simple_mpg <- lm(price ~ values[,2]+values[,3]+values[,4]+values[,6]+values[,8]) 
> summary(simple_mpg)

Call:
lm(formula = price ~ values[, 2] + values[, 3] + values[, 4] + 
    values[, 6] + values[, 8])

Residuals:
       Min         1Q     Median         3Q        Max 
-7.177e-06 -1.859e-06 -3.519e-07  2.016e-06  5.596e-06 

Coefficients:
              Estimate Std. Error    t value Pr(>|t|)    
(Intercept) -4.746e-01  6.782e-06 -69979.691   <2e-16 ***
values[, 2] -5.087e-06  2.771e-06     -1.835   0.0708 .  
values[, 3] -4.720e-06  1.848e-06     -2.554   0.0129 *  
values[, 4]  4.529e-06  2.333e-06      1.941   0.0564 .  
values[, 6]  3.513e-07  3.236e-06      0.109   0.9139    
values[, 8]  2.157e-06  2.305e-06      0.936   0.3528    
---
Signif. codes:  0 ‘***’ 0.001 ‘**’ 0.01 ‘*’ 0.05 ‘.’ 0.1 ‘ ’ 1

Residual standard error: 2.839e-06 on 68 degrees of freedom
Multiple R-squared:  0.3311,	Adjusted R-squared:  0.2819 
F-statistic: 6.733 on 5 and 68 DF,  p-value: 3.765e-05

> simple_mpg <- lm(price ~ values[,2]+values[,3]) 
> summary(simple_mpg)

Call:
lm(formula = price ~ values[, 2] + values[, 3])

Residuals:
       Min         1Q     Median         3Q        Max 
-7.288e-06 -2.386e-06 -3.402e-07  2.342e-06  6.678e-06 

Coefficients:
              Estimate Std. Error    t value Pr(>|t|)    
(Intercept) -4.746e-01  3.986e-06 -1.191e+05  < 2e-16 ***
values[, 2] -9.155e-06  1.890e-06 -4.845e+00 7.18e-06 ***
values[, 3] -1.855e-06  1.560e-06 -1.189e+00    0.238    
---
Signif. codes:  0 ‘***’ 0.001 ‘**’ 0.01 ‘*’ 0.05 ‘.’ 0.1 ‘ ’ 1

Residual standard error: 2.932e-06 on 71 degrees of freedom
Multiple R-squared:  0.2548,	Adjusted R-squared:  0.2338 
F-statistic: 12.14 on 2 and 71 DF,  p-value: 2.919e-05

> simple_mpg <- lm(log(price) ~ valu1+valu2+valu3+valu4+valu6) 
Error in lm.fit(x, y, offset = offset, singular.ok = singular.ok, ...) : 
  0 (non-NA) cases
In addition: Warning message:
In log(price) : NaNs produced
> simple_mpg <- lm(log(price) ~ valu1+valu2+valu3+valu4+valu6) 
Error in lm.fit(x, y, offset = offset, singular.ok = singular.ok, ...) : 
  0 (non-NA) cases
In addition: Warning message:
In log(price) : NaNs produced
> simple_mpg <- lm(price ~ valu1+valu2+valu3+valu4+valu6) 
> summary(simple_mpg)

Call:
lm(formula = price ~ valu1 + valu2 + valu3 + valu4 + valu6)

Residuals:
       Min         1Q     Median         3Q        Max 
-3.817e-06 -7.140e-07  1.340e-07  8.571e-07  1.756e-06 

Coefficients:
              Estimate Std. Error    t value Pr(>|t|)    
(Intercept) -4.746e-01  9.131e-07 -5.198e+05   <2e-16 ***
valu1        1.954e-05  1.035e-06  1.888e+01   <2e-16 ***
valu2       -2.159e-07  1.331e-06 -1.620e-01   0.8717    
valu3       -1.832e-06  8.061e-07 -2.272e+00   0.0262 *  
valu4        2.656e-06  1.118e-06  2.377e+00   0.0203 *  
valu6        1.981e-07  1.380e-06  1.440e-01   0.8863    
---
Signif. codes:  0 ‘***’ 0.001 ‘**’ 0.01 ‘*’ 0.05 ‘.’ 0.1 ‘ ’ 1

Residual standard error: 1.141e-06 on 68 degrees of freedom
Multiple R-squared:  0.892,	Adjusted R-squared:  0.8841 
F-statistic: 112.3 on 5 and 68 DF,  p-value: < 2.2e-16

> valu1
 [1] 0.0614069882 0.1072848102 0.0392057034 0.1118504970 0.2910853657 0.1749599201 0.0867562108 0.1367437702
 [9] 0.4122262198 0.0601669259 0.4546954859 0.5694401552 0.6147806774 0.0006338937 0.1697879476 0.0903355767
[17] 0.1311477837 0.0292183350 0.0508350983 0.0529766008 0.0548912059 0.1810173135 0.2085235058 0.0822390031
[25] 0.0677923248 0.4592181926 0.5382582058 0.5337182827 0.0414566116 0.1490935843 0.1979769967 0.0911751846
[33] 0.2062135949 0.0000000000 0.3407893844 0.1356281269 0.1061901439 0.1168592903 0.0673587509 0.0683700183
[41] 0.4121828428 0.1002772854 0.0847834343 0.0887937314 0.2169854536 0.0585589764 0.1755804541 0.1198207923
[49] 0.1389043900 0.1055051207 0.0847128775 0.0667079009 0.3819315995 0.2057388025 0.3839755719 0.2018091662
[57] 0.0962616579 0.1294934078 0.3066966962 0.0756238343 0.1756424770 0.0899854490 0.0537872433 0.5165277990
[65] 0.0463842417 0.0391305532 0.1818168771 0.0353631317 0.1706630352 0.2541440845 0.1502523615 0.1037209674
[73] 0.2379180851 0.4789365071
> data
           ADI        ACItf          BI          TE          ESM        NDSI          P          M         NP
1   0.58478187 -0.475717058 -0.86016789  0.28362843 -0.182801095 -0.82260788 -0.9021688 -1.2240715 -0.8452331
2   0.87472895 -0.565690301 -0.37555243  0.44649051 -0.383921855  0.01071718 -0.7589486 -1.2490188 -0.6356529
3   0.74681384 -0.458378961 -0.13520470  0.43860603  0.009747439  0.08270164 -0.7059842 -1.2415458 -0.7790995
4   0.91807210 -0.325399881 -0.11004349  0.46895144 -0.079986542  0.21520690 -0.5611591 -1.2429361 -0.6503077
5   0.81718905 -0.322157087 -0.13833684  0.46460010 -0.411705665  0.19966258 -0.6009864 -1.2350018 -0.5214185
6   1.27325675 -0.264193127  0.30033649  0.42725242 -0.179665620  0.35830922 -0.5675974 -1.2400374 -0.7017523
7   1.24835696 -0.226544304 -0.17323813  0.52178447  0.096944974  0.06802925 -0.5879336 -1.2486794 -0.8770611
8   1.31848532 -0.164683235 -0.61967864  0.54827462  0.103086696 -0.25345254 -0.6647472 -1.2466376 -0.7904918
9   0.63714963 -0.516945649 -0.49791993  0.51267640 -0.071020447 -0.07017661 -0.5697238 -1.2434367 -0.8159860
10  1.10529883 -0.243142101 -0.48400305  0.52388898  0.038539862  0.01848106 -0.6221814 -1.2455861 -0.8267236
11 -0.28555350 -0.605492361  0.39012012  0.90854859  0.720689796 -1.20731010 -0.8911358  0.1654015 -0.3574192
12 -0.20970026 -0.027552350  1.74933786  0.89214084  0.946042982 -0.22581224 -0.8104227  0.1714045  0.4398602
13  0.69745023 -0.454701457  1.51276213  0.89523656  1.266942592 -0.52845611 -0.7836997  0.1647335  0.1543037
14  1.72405209 -0.137212425  0.25748042  0.75526451 -1.110190310  0.31229905  0.1003099  0.1790316 -0.5387830
15  1.58642193  0.046798187  0.66755788  0.73787895 -0.595910446  0.41028952  0.2655078  0.1940837 -0.6275956
16  0.77912639  1.022881012 -0.01819888  0.66251081 -0.929171597  0.05223457 -0.1996327  0.1948230 -0.7413036
17  0.62776812 -0.549242991  0.36841308  0.89468147  0.513461064 -0.82219973 -0.6922877  0.1648210 -0.7112835
18  0.62675608 -0.562709764  0.69694587  0.89375568  0.518125338 -0.59310848 -0.6662492  0.1592927 -0.6000967
19  0.79222981 -0.804175324  0.38095013  0.89467441  0.833478335 -0.85909985 -0.6660120  0.1553494 -0.6933717
20  0.90275375 -0.548966349  0.42390236  0.89573768  0.687016564 -0.82740151 -0.6916382  0.1588112 -0.6167546
21  0.52248045 -0.641012426 -0.13108778  0.90384732  1.096858396 -1.23328060 -0.8364191  0.1540874 -0.6330686
22  0.62468116 -0.539708027  0.13730155  0.90370007  0.970687546 -0.92938715 -0.8125468  0.1565751 -0.5771336
23  0.56920757 -0.614261872  0.29384060  0.90318181  0.927404744 -0.90738988 -0.8087400  0.1562883 -0.6610161
24  0.65249028 -0.526371059  0.24381444  0.90280871  0.560907916 -0.79118792 -0.8005379  0.1558202 -0.6029234
25  0.57925817 -0.709017789  0.13444326  0.90483748  1.093249399 -0.90646748 -0.8191439  0.1580116 -0.6068499
26  0.35799920 -0.707447234  0.38259675  0.90126824  1.131448214 -0.77139565 -0.7722058  0.1604027 -0.8303579
27  0.61778979 -0.594735992  0.16685783  0.90183349  1.174393518 -0.79083400 -0.7992452  0.1576429 -0.9011103
28  0.58957044 -0.786455644 -0.20030186  0.90618015  1.317390344 -1.16329587 -0.8624333  0.1646819 -0.9033738
29  0.28743189 -0.794811179 -0.11484603  0.90754131  1.178060402 -0.76793719 -0.8642625  0.1649014 -0.8201766
30  0.15670023 -0.792167005 -0.05222983  0.90767390  1.169904491 -1.12997035 -0.8639839  0.1678078 -0.8233709
31  0.00339944 -0.045003634  0.96884699  0.20153131  1.175163552 -0.90873167 -0.3727951 -1.1674927 -0.8278593
32 -0.34143590  0.344387181  0.88802712 -0.03116844  0.926255307  0.04740039  6.8123091 -0.9210800 -0.6948072
33  0.11433641  0.148191310  0.80697531  0.01200922  1.138789621 -0.84254286  0.2951767 -1.0364816 -0.8905141
34 -0.49924701 -0.117627790  1.02777541 -0.59046993  0.728399251 -0.41088473 -0.3875547 -1.0172829 -0.8064873
35 -0.17222365 -0.003632634  1.45084174 -0.41635263  0.613531299 -0.22755679  0.5641042 -0.9958447 -0.8109296
36  0.52247434  0.625391406  1.28858381  0.07422024  0.754799067 -0.51167803  0.1539394 -1.1258744 -0.7407882
37  0.66906982 -0.283184139  0.39465347  0.20082185  0.830674386 -0.90289423 -0.1732869 -1.1645757 -0.8766192
38  0.94834628 -0.096943520  0.48928209  0.22092372  0.684172687 -0.81397689  0.1144858 -1.1501867 -0.8034794
39  1.02786119 -0.121363547  0.69310593  0.19674601  0.825676949 -0.66133752  0.3654279 -1.1485380 -0.9131891
40  0.21282165 -0.530574397  0.44713014 -0.12949979  0.830107422 -0.55713971 -0.3117529 -1.1250141 -0.8659219
41  1.14756120 -0.734487175  0.29282692  0.77921454  0.871577226  1.05323606  0.9451919  0.1566330 -1.0167734
42  1.12278636 -0.804848282  0.35389752  0.77188100  0.848336798  1.02687821  1.1096984  0.1591317 -1.0141917
43  1.14856863 -0.692635272  0.37937215  0.77428344  0.686040316  1.13423679  1.3453536  0.1630427 -1.0490202
44  1.24920445 -0.540569969  0.08420567  0.81333218  0.592466502  0.89172887 -0.4238707  0.1266889 -1.0515532
45  1.21354032 -0.705087857 -0.13950973  0.81859254  0.320433299  0.92440648  0.1284516  0.1367732 -0.9746870
46  1.24411683 -0.671023010  0.12812647  0.81066936  0.169860946  0.97305650  0.4735894  0.1407452 -1.0834103
47  1.35641186 -0.728664472  0.16046755  0.81184663  0.331168993  1.00545078  0.1389257  0.1363956 -1.1254967
48  1.19425450 -0.531719599  0.38242194  0.80036049  0.143820200  1.20298522  0.6040321  0.1490595 -1.0433883
            MID        BNF          MD          FM            SF         RMS         CF        ADIm1
1  -1.142873048 -0.5067505 -0.79291746  0.33989337 -0.4140481755 -1.18442129 -0.5215519 -0.241007376
2  -0.757508195 -0.5232629 -0.72396778  0.39671473  0.3181341676 -1.19896201 -0.4572253  0.139398291
3  -0.781454297 -0.5165395 -0.71337362  0.21970514  0.1250675473 -1.19968456 -0.5384088  0.245870532
4  -0.848026541 -0.5209211 -0.70611273  0.08065693  0.2589926521 -1.20138373 -0.4952220  0.377707497
5  -0.799794115 -0.5168335 -0.73121526  0.11181262  0.1107166176 -1.19447194 -0.4529502  0.381644502
6  -0.876241596 -0.5083181 -0.75857253  0.18529697  0.0336174259 -1.20006795 -0.5577101  0.265748854
7  -0.798193553 -0.5314115 -0.64583947  0.10343860  0.2842932021 -1.20848133 -0.5394087  0.065614300
8  -0.819411790 -0.5431338 -0.60348087 -0.16619746  0.2049361349 -1.20581709 -0.5572753 -0.158887258
9  -0.921533106 -0.5304400 -0.61482474  0.30178578  0.1121706338 -1.20155925 -0.5491415  0.146825827
10 -0.718102488 -0.5283330 -0.65098236  0.03600104  0.3486303265 -1.20724437 -0.5301449  0.035019253
11  0.658827312 -0.6727872  0.37374571  0.28955816  0.2536147725  0.09038294 -0.5780048  1.035865954
12  1.327554776 -0.6403430  0.08641757 -0.74545309 -0.2921366860  0.09741244 -0.5337574  0.891624128
13  0.756305547 -0.6501499  0.13681676  0.24968217 -0.2723433081  0.09088882 -0.5739500  0.901870808
14 -0.965921036 -0.5036561 -0.32837424  0.09117302 -0.3812753849  0.10272574 -0.5183392 -0.145344617
15 -0.911605190 -0.4953702 -0.32659830 -0.14974926 -0.3441231532  0.11368248 -0.5234354 -0.424416617
16 -1.022659000 -0.5079875 -0.64401278 -0.94016338 -0.6416323370  0.12771528 -0.1904975 -2.340923259
17  0.048756171 -0.6506091  0.01234244  0.58407748 -0.1720066576  0.09063568 -0.5615317  1.179804908
18  0.137940666 -0.6457301  0.19170883  0.69180209 -0.1374414057  0.08530156 -0.5665554  1.105475526
19 -0.011135926 -0.6479806  0.38368439  0.87919232 -0.0821527244  0.08171225 -0.5585549  1.174543005
20  0.143545593 -0.6518975  0.41556146  0.59570562 -0.0912610189  0.08482273 -0.5576352  1.186492429
21  0.190411371 -0.6636572  0.55725579  0.57960544  0.2046551697  0.08042271 -0.5787506  1.118208977
22  0.260197576 -0.6658231  0.55110140  0.47253145  0.1337862706  0.08272342 -0.5711497  1.173933368
23  0.135740154 -0.6634540  0.52309080  0.56820344  0.1310077746  0.08247482 -0.5724692  1.142246269
24  0.055987953 -0.6641874  0.50498843  0.46547846  0.1632606458  0.08202141 -0.5796181  1.206654937
25 -0.005192003 -0.6643628  0.51409091  0.73831845  0.1514402889  0.08394924 -0.5751651  1.126975577
26  0.042839695 -0.6632133  0.50533913  0.66666421  0.0534516873  0.08648014 -0.5704676  1.148189862
27 -0.070867686 -0.6683148  0.52416504  0.43604438 -0.0004509497  0.08422738 -0.5768911  1.096648909
28 -0.009001790 -0.6741110  0.57802851  0.75779070  0.0543674837  0.09032903 -0.5608037  0.818474461
29 -0.057802606 -0.6698971  0.51148896  0.76581209  0.0818781838  0.09034485 -0.5746565  1.033002515
30  0.173770046 -0.6701556  0.47120489  0.77986013  0.2562286561  0.09304722 -0.5702570  1.048445778
31 -0.316317330 -0.4963688  0.03948486 -0.27905771 -0.1851007623 -1.12477550 -0.4442532  0.346379464
32 -0.522631359 -0.3454579 -0.15985811 -1.47720667 -0.4019893475 -0.93469811  0.1428953  0.525033277
33 -0.743356917 -0.4153471  0.01026339 -0.63262408 -0.4956703842 -1.03143154 -0.4169860  0.481095965
34 -0.667194346 -0.3712125 -0.47745012 -0.16078119 -1.0897109680 -0.92515216 -0.2631902 -0.889243590
35 -0.576946174 -0.3709322 -0.46031823 -0.05746262 -0.8811938287 -0.94606645 -0.4309427 -0.346681555
36 -0.570174863 -0.4647727 -0.25773667 -0.93653181 -0.5728611481 -1.09566549 -0.4725032 -0.004062568
37 -0.537556421 -0.5016406 -0.25007650 -0.26392301 -0.1102098074 -1.13007577 -0.4991338  0.310737727
38 -0.838301814 -0.4982560 -0.09379455 -0.01753044 -0.2963899942 -1.12534553 -0.5190242  0.622048988
39 -0.740947565 -0.4976481 -0.06870551 -0.15727761 -0.0274682378 -1.12624953 -0.5244208  0.551536314
40 -0.098922432 -0.4595516 -0.42294809  0.38287572 -0.6814003723 -1.03282683 -0.3902601 -0.607800014
41 -0.195125462 -0.4803050 -0.71636273  0.44922665  0.1627044833  0.08049282 -0.5235858  0.805204811
42 -0.236914929 -0.4770287 -0.71148028  0.60154952  0.2723737390  0.08373794 -0.5274040  0.866562077
43 -0.654985834 -0.4822908 -0.71761153  0.49617082  0.0348292342  0.08609645 -0.5188585  0.833629825
44 -0.381596775 -0.5219627 -0.71436315  0.10655642  0.3249843343  0.05885728 -0.5234651  0.461141637
45 -0.668961526 -0.5360087 -0.60731879  0.77966135  0.5868835328  0.06558987 -0.5492810  0.533852848
46 -0.682171923 -0.5294949 -0.62634061  0.72622250  0.4825010901  0.06951793 -0.5427397  0.919488617
47 -0.718558453 -0.5268340 -0.62449602  0.76380814  0.4473313503  0.06580986 -0.5536160  0.862186959
48 -0.715841421 -0.5106279 -0.66509223  0.58108531  0.2888260861  0.07658677 -0.5408030  0.702041897
          ADIm2        ADIm3        ADIm4        ADIm5        ADIm6       ADIm7       ADIm8       ADIm9
1   0.206630393  0.260609849 -0.326033413  0.486936921  0.232333342  0.14911698 -0.37267764 -1.03987089
2   0.350873606  0.122914483 -0.517689513  0.421485967  0.152172911  0.26244707  0.02916442 -0.74558729
3   0.290717442  0.507416206 -0.391097466  0.740404102  0.132741940  0.16783305  0.23768498 -0.40400471
4   0.350568339  0.274446344 -0.362860919  0.131287951 -0.111860520  0.05466323 -0.09083304 -0.64856046
5   0.240092985  0.233372506 -0.323291347  0.180074890 -0.131028642 -0.07331286 -0.17732271 -0.83690975
6  -0.173908946  0.128949623 -0.554292558 -0.108829149 -0.245110200 -0.13853019 -0.11716481 -0.54804639
7  -0.077238490  0.004415348 -0.825354864  0.121073098  0.106758181  0.23118501  0.37818561 -0.28589663
8  -0.306190765  0.013840435 -0.744649428 -0.307184261 -0.235424146  0.24200296  0.24975548 -0.38687188
9   0.007642607  0.077229930 -0.527853275  0.264186129  0.120369354  0.64538603  0.38082860 -0.40529886
10 -0.376480079 -0.092638125 -0.532855185 -0.017779357  0.007865552  0.19455900  0.18975448 -0.42086430
11  0.264454142 -0.146573442 -0.881644492  0.172663924  0.223844631 -0.32353788  1.00375202  0.80758167
12  0.564364561 -0.040681939 -1.248195449 -0.866136805 -0.492436474 -0.56011841 -0.43569967  0.53474182
13  0.576943913 -0.623542322 -2.210150408 -0.960372596 -0.554273968 -0.82573387 -0.73097459  0.31439597
14 -0.086233713 -0.728271458 -0.211945014  0.320594951  0.129066360 -0.54621143 -0.98515433 -1.39014012
15 -0.129696865 -1.200841199 -0.792126046 -0.125875322 -0.194661049 -0.86259508 -1.11670802 -1.22939958
16 -3.005510501 -3.574186217 -1.796180739 -1.787837954 -1.503784556 -1.99010830 -2.20577635 -2.59571724
17  0.775665301  0.508285457 -0.005596461 -0.105262177  0.154270780  0.12704057 -0.08234715  0.59114352
18  0.765496856  0.213801834 -0.344843348 -0.326906705 -0.020500083  0.13249811 -0.63245234  0.39137366
19  0.843558721  0.553881398  0.122781817  0.184728317  0.211886304  0.46170248 -0.19110004  0.49703623
20  0.598277180  0.192504809 -0.258842885 -0.195113352 -0.224342087 -0.14676092 -0.41108812  0.27887322
21  0.950132424  0.290013891 -0.188467798 -0.403582208  0.190726655 -0.13497773 -0.36266638  0.84114715
22  0.707679136 -0.234918984 -0.635573713 -0.671773031 -0.230479071 -0.51314281 -0.11949842  0.83082016
23  0.974398799  0.598877096 -0.543228065 -0.324693943  0.041120356 -0.38777468  0.13518737  1.05897869
24  0.955194677  0.697174908 -0.374894453 -0.169418149  0.263936931 -0.04389301 -0.04912019  0.60470324
25  0.829648557  0.706816416  0.033804680  0.212157971  0.191705336  0.04589421  0.07561275  0.55828068
26  0.814034117  0.605334734  0.293252513  0.395714413  0.162514499 -0.12357805  0.46702675  1.04631910
27  0.848937143  0.645156037 -0.009602671  0.313273309 -0.022917940  0.27829194  0.50035291  1.04493642
28  0.810700322  0.564302231  0.101516177  0.301942523 -0.110546021  0.64615645  0.73267608  1.02013760
29  0.934080922  0.743858559  0.176237328  0.277376438  0.144225584  0.51730121  0.90475833  1.10613647
30  0.782659272  0.541427176 -0.163523296  0.271910983  0.038346374  0.52932658  0.56301939  1.05393173
31  0.126248479 -0.480206136 -0.790833726  0.169385195 -0.170564898 -0.54082361  0.33356262  0.95835579
32  0.333019451 -0.677087525 -0.403380781  0.037518993 -0.210815591 -0.69171354 -1.04530738  0.19288644
33  0.248956328 -0.330774030 -0.066635234  0.405259812  0.027513334 -0.63718993 -0.96217983  0.27919143
34 -0.789668033 -1.241011672 -0.550313954 -0.414498759 -0.690225444 -1.50186958 -0.87024867 -0.25221039
35 -0.380257613 -1.267979393 -0.651298959 -0.216534552 -0.327279333 -1.20020809 -0.79994905 -0.09238649
36 -0.395901480 -1.328645101 -1.733978585 -0.873414235 -0.473301474 -1.38953181 -0.57285278  0.29753276
37  0.233935046 -0.585080909 -0.403884927  0.027543447 -0.264049903 -0.14490650  0.22412380  0.53799969
38  0.413134360 -0.437847473 -0.166355106  0.387437097 -0.297126808 -0.23854521  0.15539546  0.67863693
39  0.328108580 -0.360439952 -0.165627379  0.287255162 -0.296655475 -0.30282847  0.30193620  0.86931328
40 -0.575438073 -1.032713066 -0.522132970 -0.704459847 -1.685194248 -0.96652302  0.21061818  0.25735218
41  0.437610059 -0.135432291 -0.348677996  0.476424149  0.627477721  0.69580270  0.13965290  0.38622125
42  0.683331337 -0.094723151 -1.006933802  0.370910905  0.942342871  0.83920683 -0.06399582  0.47799190
43  0.531650725 -0.149449500 -0.560255547  0.485532609  0.757519847  0.95794532 -0.25312786  0.51225284
44  0.220913737 -0.449026012 -1.027021003  0.087973446  0.628640560  0.37236900  0.20883099  0.35268277
45  0.231181849 -0.131154231 -0.448367688 -0.001400396  0.451332514  0.23364550  0.39082666  0.47725672
46  0.484125139 -0.420977119 -0.955311621 -0.003668952  0.395821205  0.20215200  0.33280614  0.31547629
47  0.555076694 -0.211001684 -0.620629234 -0.037997984  0.364725661  0.41726090  0.20657797  0.49981094
48  0.093160753 -0.691996097 -0.986058209 -0.401571723  0.499063262  0.82757910  0.15071335  0.44278719
        ADIm10      ADIm11
1  -0.91486336 -0.20012905
2  -0.94238437 -0.06859847
3  -0.54387610  0.10189720
4  -0.54468747  0.11763811
5  -0.71801346  0.04686327
6  -0.42259352  0.02390023
7   0.02619099  0.34031728
8  -0.13409629  0.39306545
9  -0.31213528  0.03354980
10 -0.30896480  0.15803858
11  0.74175727  0.90791973
12  0.78743500  0.85316190
13  0.75382605  1.14680588
14 -1.54362194 -1.30248076
15 -1.18715347 -1.02178742
16 -3.01670300 -3.06157869
17  0.87823336  0.82094197
18  0.58630694  0.59904670
19  0.80414115  0.80800824
20  0.57303988  0.64576887
21  1.00047837  0.96787676
22  1.03610406  0.98565130
23  1.17531205  0.88138153
24  0.63186500  0.49310949
25  0.82515060  0.88376636
26  1.10085905  0.83808842
27  1.09635355  0.88840874
28  1.10451966  1.00894846
29  1.09975503  0.87694052
30  1.10215456  0.90213645
31  0.92536822  0.74826135
32  0.41292700  0.36770319
33  0.62913850  0.57512346
34 -0.32075143 -0.49987635
35  0.05393155 -0.27700757
36  0.38386582  0.12728735
37  0.47303861  0.36799685
38  0.62873818  0.23345998
39  0.80075392  0.64458857
40  0.22751782  0.28260293
41  0.91538615  0.96791802
42  0.92824264  1.02250575
43  0.92146443  0.85559888
44  0.84536849  0.86964714
45  0.87194609  0.56840788
46  0.78757068  0.53430014
47  0.80403999  0.53295786
48  0.72870277  0.22959705
> datos
                make price mpg headroom trunk weight length turn displacement gear_ratio  foreign num
1        AMC Concord  4099  22      2.5    11   2930    186   40          121       3.58 Domestic   1
2          AMC Pacer  4749  17      3.0    11   3350    173   40          258       2.53 Domestic   2
3         AMC Spirit  3799  22      3.0    12   2640    168   35          121       3.08 Domestic   3
4      Buick Century  4816  20      4.5    16   3250    196   40          196       2.93 Domestic   4
5      Buick Electra  7827  15      4.0    20   4080    222   43          350       2.41 Domestic   5
6      Buick LeSabre  5788  18      4.0    21   3670    218   43          231       2.73 Domestic   6
7         Buick Opel  4453  26      3.0    10   2230    170   34          304       2.87 Domestic   7
8        Buick Regal  5189  20      2.0    16   3280    200   42          196       2.93 Domestic   8
9      Buick Riviera 10372  16      3.5    17   3880    207   43          231       2.93 Domestic   9
10     Buick Skylark  4082  19      3.5    13   3400    200   42          231       3.08 Domestic  10
11      Cad. Deville 11385  14      4.0    20   4330    221   44          425       2.28 Domestic  11
12     Cad. Eldorado 14500  14      3.5    16   3900    204   43          350       2.19 Domestic  12
13      Cad. Seville 15906  21      3.0    13   4290    204   45          350       2.24 Domestic  13
14    Chev. Chevette  3299  29      2.5     9   2110    163   34          231       2.93 Domestic  14
15      Chev. Impala  5705  16      4.0    20   3690    212   43          250       2.56 Domestic  15
16      Chev. Malibu  4504  22      3.5    17   3180    193   31          200       2.73 Domestic  16
17 Chev. Monte Carlo  5104  22      2.0    16   3220    200   41          200       2.73 Domestic  17
18       Chev. Monza  3667  24      2.0     7   2750    179   40          151       2.73 Domestic  18
19        Chev. Nova  3955  19      3.5    13   3430    197   43          250       2.56 Domestic  19
20        Dodge Colt  3984  30      2.0     8   2120    163   35           98       3.54 Domestic  20
21    Dodge Diplomat  4010  18      4.0    17   3600    206   46          318       2.47 Domestic  21
22      Dodge Magnum  5886  16      4.0    17   3600    206   46          318       2.47 Domestic  22
23   Dodge St. Regis  6342  17      4.5    21   3740    220   46          225       2.94 Domestic  23
24       Ford Fiesta  4389  28      1.5     9   1800    147   33           98       3.15 Domestic  24
25      Ford Mustang  4187  21      2.0    10   2650    179   43          140       3.08 Domestic  25
26 Linc. Continental 11497  12      3.5    22   4840    233   51          400       2.47 Domestic  26
27      Linc. Mark V 13594  12      2.5    18   4720    230   48          400       2.47 Domestic  27
28  Linc. Versailles 13466  14      3.5    15   3830    201   41          302       2.47 Domestic  28
29      Merc. Bobcat  3829  22      3.0     9   2580    169   39          140       2.73 Domestic  29
30      Merc. Cougar  5379  14      3.5    16   4060    221   48          302       2.75 Domestic  30
31     Merc. Marquis  6165  15      3.5    23   3720    212   44          302       2.26 Domestic  31
32     Merc. Monarch  4516  18      3.0    15   3370    198   41          250       2.43 Domestic  32
33        Merc. XR-7  6303  14      3.0    16   4130    217   45          302       2.75 Domestic  33
34      Merc. Zephyr  3291  20      3.5    17   2830    195   43          140       3.08 Domestic  34
35           Olds 98  8814  21      4.0    20   4060    220   43          350       2.41 Domestic  35
36    Olds Cutl Supr  5172  19      2.0    16   3310    198   42          231       2.93 Domestic  36
37      Olds Cutlass  4733  19      4.5    16   3300    198   42          231       2.93 Domestic  37
38     Olds Delta 88  4890  18      4.0    20   3690    218   42          231       2.73 Domestic  38
39        Olds Omega  4181  19      4.5    14   3370    200   43          231       3.08 Domestic  39
40     Olds Starfire  4195  24      2.0    10   2730    180   40          151       2.73 Domestic  40
41     Olds Toronado 10371  16      3.5    17   4030    206   43          350       2.41 Domestic  41
42       Plym. Arrow  4647  28      2.0    11   3260    170   37          156       3.05 Domestic  42
43       Plym. Champ  4425  34      2.5    11   1800    157   37           86       2.97 Domestic  43
44     Plym. Horizon  4482  25      4.0    17   2200    165   36          105       3.37 Domestic  44
45     Plym. Sapporo  6486  26      1.5     8   2520    182   38          119       3.54 Domestic  45
46      Plym. Volare  4060  18      5.0    16   3330    201   44          225       3.23 Domestic  46
47    Pont. Catalina  5798  18      4.0    20   3700    214   42          231       2.73 Domestic  47
48    Pont. Firebird  4934  18      1.5     7   3470    198   42          231       3.08 Domestic  48
49  Pont. Grand Prix  5222  19      2.0    16   3210    201   45          231       2.93 Domestic  49
50     Pont. Le Mans  4723  19      3.5    17   3200    199   40          231       2.93 Domestic  50
51     Pont. Phoenix  4424  19      3.5    13   3420    203   43          231       3.08 Domestic  51
52     Pont. Sunbird  4172  24      2.0     7   2690    179   41          151       2.73 Domestic  52
53         Audi 5000  9690  17      3.0    15   2830    189   37          131       3.20  Foreign  53
54          Audi Fox  6295  23      2.5    11   2070    174   36           97       3.70  Foreign  54
55          BMW 320i  9735  25      2.5    12   2650    177   34          121       3.64  Foreign  55
56        Datsun 200  6229  23      1.5     6   2370    170   35          119       3.89  Foreign  56
57        Datsun 210  4589  35      2.0     8   2020    165   32           85       3.70  Foreign  57
58        Datsun 510  5079  24      2.5     8   2280    170   34          119       3.54  Foreign  58
59        Datsun 810  8129  21      2.5     8   2750    184   38          146       3.55  Foreign  59
60       Fiat Strada  4296  21      2.5    16   2130    161   36          105       3.37  Foreign  60
61      Honda Accord  5799  25      3.0    10   2240    172   36          107       3.05  Foreign  61
62       Honda Civic  4499  28      2.5     5   1760    149   34           91       3.30  Foreign  62
63         Mazda GLC  3995  30      3.5    11   1980    154   33           86       3.73  Foreign  63
64       Peugeot 604 12990  14      3.5    14   3420    192   38          163       3.58  Foreign  64
65    Renault Le Car  3895  26      3.0    10   1830    142   34           79       3.72  Foreign  65
66            Subaru  3798  35      2.5    11   2050    164   36           97       3.81  Foreign  66
67     Toyota Celica  5899  18      2.5    14   2410    174   36          134       3.06  Foreign  67
68    Toyota Corolla  3748  31      3.0     9   2200    165   35           97       3.21  Foreign  68
69     Toyota Corona  5719  18      2.0    11   2670    175   36          134       3.05  Foreign  69
70         VW Dasher  7140  23      2.5    12   2160    172   36           97       3.74  Foreign  70
71         VW Diesel  5397  41      3.0    15   2040    155   35           90       3.78  Foreign  71
72         VW Rabbit  4697  25      3.0    15   1930    155   35           89       3.78  Foreign  72
73       VW Scirocco  6850  25      2.0    16   1990    156   36           97       3.78  Foreign  73
74         Volvo 260 11995  17      2.5    14   3170    193   37          163       2.98  Foreign  74
> summary(simple_mpg)

Call:
lm(formula = price ~ valu1 + valu2 + valu3 + valu4 + valu6)

Residuals:
       Min         1Q     Median         3Q        Max 
-3.817e-06 -7.140e-07  1.340e-07  8.571e-07  1.756e-06 

Coefficients:
              Estimate Std. Error    t value Pr(>|t|)    
(Intercept) -4.746e-01  9.131e-07 -5.198e+05   <2e-16 ***
valu1        1.954e-05  1.035e-06  1.888e+01   <2e-16 ***
valu2       -2.159e-07  1.331e-06 -1.620e-01   0.8717    
valu3       -1.832e-06  8.061e-07 -2.272e+00   0.0262 *  
valu4        2.656e-06  1.118e-06  2.377e+00   0.0203 *  
valu6        1.981e-07  1.380e-06  1.440e-01   0.8863    
---
Signif. codes:  0 ‘***’ 0.001 ‘**’ 0.01 ‘*’ 0.05 ‘.’ 0.1 ‘ ’ 1

Residual standard error: 1.141e-06 on 68 degrees of freedom
Multiple R-squared:  0.892,	Adjusted R-squared:  0.8841 
F-statistic: 112.3 on 5 and 68 DF,  p-value: < 2.2e-16

> valu1
 [1] 0.0614069882 0.1072848102 0.0392057034 0.1118504970 0.2910853657 0.1749599201 0.0867562108 0.1367437702
 [9] 0.4122262198 0.0601669259 0.4546954859 0.5694401552 0.6147806774 0.0006338937 0.1697879476 0.0903355767
[17] 0.1311477837 0.0292183350 0.0508350983 0.0529766008 0.0548912059 0.1810173135 0.2085235058 0.0822390031
[25] 0.0677923248 0.4592181926 0.5382582058 0.5337182827 0.0414566116 0.1490935843 0.1979769967 0.0911751846
[33] 0.2062135949 0.0000000000 0.3407893844 0.1356281269 0.1061901439 0.1168592903 0.0673587509 0.0683700183
[41] 0.4121828428 0.1002772854 0.0847834343 0.0887937314 0.2169854536 0.0585589764 0.1755804541 0.1198207923
[49] 0.1389043900 0.1055051207 0.0847128775 0.0667079009 0.3819315995 0.2057388025 0.3839755719 0.2018091662
[57] 0.0962616579 0.1294934078 0.3066966962 0.0756238343 0.1756424770 0.0899854490 0.0537872433 0.5165277990
[65] 0.0463842417 0.0391305532 0.1818168771 0.0353631317 0.1706630352 0.2541440845 0.1502523615 0.1037209674
[73] 0.2379180851 0.4789365071
> valuesbox
          valu1      valu2     valu3      valu4    valu5      valu6      valu7      valu8
1  0.0614069882 0.32520700 0.2788771 0.30952244 1.379870 0.41858633 0.37164757 0.11520609
2  0.1072848102 0.16716870 0.4138718 0.30952244 1.516234 0.30637902 0.37164757 0.42551411
3  0.0392057034 0.32520700 0.4138718 0.35718305 1.285714 0.26098686 0.18234178 0.11520609
4  0.1118504970 0.26297429 0.8049447 0.53894671 1.483766 0.49984317 0.37164757 0.29544626
5  0.2910853657 0.10150475 0.6766631 0.70861323 1.753247 0.69414162 0.47013806 0.59498043
6  0.1749599201 0.19944834 0.6766631 0.74940491 1.620130 0.66566541 0.47013806 0.37067539
7  0.0867562108 0.44614519 0.4138718 0.26086351 1.152597 0.27930396 0.13977383 0.51333246
8  0.1367437702 0.26297429 0.1410615 0.53894671 1.493506 0.53124574 0.43837181 0.29544626
9  0.4122262198 0.13452593 0.5463782 0.58240168 1.688312 0.58480625 0.47013806 0.37067539
10 0.0601669259 0.23137910 0.5463782 0.40390459 1.532468 0.53124574 0.43837181 0.37067539
11 0.4546954859 0.06808873 0.6766631 0.70861323 1.834416 0.68706674 0.50092790 0.71700224
12 0.5694401552 0.06808873 0.5463782 0.53894671 1.694805 0.56206251 0.47013806 0.59498043
13 0.6147806774 0.29424636 0.4138718 0.40390459 1.821429 0.56206251 0.53079960 0.59498043
14 0.0006338937 0.53405726 0.2788771 0.21114053 1.113636 0.21421307 0.13977383 0.37067539
15 0.1697879476 0.13452593 0.6766631 0.70861323 1.626623 0.62204018 0.47013806 0.40953627
16 0.0903355767 0.32520700 0.5463782 0.58240168 1.461039 0.47589020 0.00000000 0.30429891
17 0.1311477837 0.32520700 0.1410615 0.53894671 1.474026 0.53124574 0.40556515 0.30429891
18 0.0292183350 0.38623721 0.1410615 0.10820042 1.321429 0.35915893 0.37164757 0.19078813
19 0.0508350983 0.23137910 0.5463782 0.40390459 1.542208 0.50775022 0.47013806 0.40953627
20 0.0529766008 0.56287286 0.1410615 0.16028021 1.116883 0.21421307 0.18234178 0.05359755
21 0.0548912059 0.19944834 0.6766631 0.58240168 1.597403 0.57725936 0.55980638 0.53879223
22 0.1810173135 0.13452593 0.6766631 0.58240168 1.597403 0.57725936 0.55980638 0.53879223
23 0.2085235058 0.16716870 0.8049447 0.74940491 1.642857 0.67996260 0.55980638 0.35812519
24 0.0822390031 0.50500242 0.0000000 0.21114053 1.012987 0.05391823 0.09531571 0.05359755
25 0.0677923248 0.29424636 0.1410615 0.26086351 1.288961 0.35915893 0.47013806 0.16366104
26 0.4592181926 0.00000000 0.5463782 0.78960415 2.000000 0.77011496 0.69343959 0.67771512
27 0.5382582058 0.00000000 0.2788771 0.62514203 1.961039 0.74972172 0.61541596 0.67771512
28 0.5337182827 0.06808873 0.5463782 0.49473989 1.672078 0.53900381 0.40556515 0.50964944
29 0.0414566116 0.32520700 0.4138718 0.21114053 1.266234 0.27017262 0.33654113 0.16366104
30 0.1490935843 0.06808873 0.5463782 0.53894671 1.746753 0.68706674 0.61541596 0.50964944
31 0.1979769967 0.10150475 0.5463782 0.82923611 1.636364 0.62204018 0.50092790 0.50964944
32 0.0911751846 0.19944834 0.4138718 0.49473989 1.522727 0.51561937 0.40556515 0.40953627
33 0.2062135949 0.06808873 0.4138718 0.53894671 1.769481 0.65847174 0.53079960 0.50964944
34 0.0000000000 0.26297429 0.5463782 0.58240168 1.347403 0.49189779 0.47013806 0.16366104
35 0.3407893844 0.29424636 0.6766631 0.70861323 1.746753 0.67996260 0.47013806 0.59498043
36 0.1356281269 0.23137910 0.1410615 0.53894671 1.503247 0.51561937 0.43837181 0.37067539
37 0.1061901439 0.23137910 0.8049447 0.53894671 1.500000 0.51561937 0.43837181 0.37067539
38 0.1168592903 0.19944834 0.6766631 0.70861323 1.626623 0.66566541 0.43837181 0.37067539
39 0.0673587509 0.23137910 0.8049447 0.44974064 1.522727 0.53124574 0.47013806 0.37067539
40 0.0683700183 0.38623721 0.1410615 0.26086351 1.314935 0.36778590 0.37164757 0.19078813
41 0.4121828428 0.13452593 0.5463782 0.58240168 1.737013 0.57725936 0.47013806 0.59498043
42 0.1002772854 0.50500242 0.1410615 0.30952244 1.487013 0.27930396 0.26240615 0.20290613
43 0.0847834343 0.67587791 0.2788771 0.30952244 1.012987 0.15610964 0.26240615 0.02004877
44 0.0887937314 0.41632682 0.6766631 0.58240168 1.142857 0.23309492 0.22317385 0.07271052
45 0.2169854536 0.44614519 0.0000000 0.16028021 1.246753 0.38490011 0.30015940 0.10998163
46 0.0585589764 0.19944834 0.9314049 0.53894671 1.509740 0.53900381 0.50092790 0.35812519
47 0.1755804541 0.19944834 0.6766631 0.70861323 1.629870 0.63670674 0.43837181 0.37067539
48 0.1198207923 0.19944834 0.0000000 0.10820042 1.555195 0.51561937 0.43837181 0.37067539
49 0.1389043900 0.23137910 0.1410615 0.53894671 1.470779 0.53900381 0.53079960 0.37067539
50 0.1055051207 0.23137910 0.5463782 0.58240168 1.467532 0.52345107 0.37164757 0.37067539
51 0.0847128775 0.23137910 0.5463782 0.40390459 1.538961 0.55441179 0.47013806 0.37067539
52 0.0667079009 0.38623721 0.1410615 0.10820042 1.301948 0.35915893 0.40556515 0.19078813
53 0.3819315995 0.16716870 0.4138718 0.49473989 1.347403 0.44339439 0.26240615 0.14096919
54 0.2057388025 0.35586717 0.2788771 0.30952244 1.100649 0.31530021 0.22317385 0.05084015
55 0.3839755719 0.41632682 0.2788771 0.35718305 1.288961 0.34176218 0.13977383 0.11520609
56 0.2018091662 0.35586717 0.0000000 0.05480863 1.198052 0.27930396 0.18234178 0.10998163
57 0.0962616579 0.70359578 0.1410615 0.16028021 1.084416 0.23309492 0.04879161 0.01720676
58 0.1294934078 0.38623721 0.2788771 0.16028021 1.168831 0.27930396 0.13977383 0.10998163
59 0.3066966962 0.29424636 0.2788771 0.16028021 1.321429 0.40183204 0.30015940 0.17853855
60 0.0756238343 0.29424636 0.2788771 0.53894671 1.120130 0.19509324 0.22317385 0.07271052
61 0.1756424770 0.41632682 0.4138718 0.26086351 1.155844 0.29740641 0.22317385 0.07811172
62 0.0899854490 0.50500242 0.2788771 0.00000000 1.000000 0.07493421 0.13977383 0.03415070
63 0.0537872433 0.56287286 0.5463782 0.30952244 1.071429 0.12618937 0.09531571 0.02004877
64 0.5165277990 0.06808873 0.5463782 0.44974064 1.538961 0.46782705 0.30015940 0.21965583
65 0.0463842417 0.44614519 0.4138718 0.26086351 1.022727 0.00000000 0.13977383 0.00000000
66 0.0391305532 0.70359578 0.2788771 0.30952244 1.094156 0.22368329 0.22317385 0.05084015
67 0.1818168771 0.19944834 0.2788771 0.44974064 1.211039 0.31530021 0.22317385 0.14858417
68 0.0353631317 0.59145623 0.4138718 0.21114053 1.142857 0.23309492 0.18234178 0.05084015
69 0.1706630352 0.19944834 0.1410615 0.30952244 1.295455 0.32417067 0.22317385 0.14858417
70 0.2541440845 0.35586717 0.2788771 0.35718305 1.129870 0.29740641 0.22317385 0.05084015
71 0.1502523615 0.86583711 0.4138718 0.49473989 1.090909 0.13622991 0.18234178 0.03134460
72 0.1037209674 0.41632682 0.4138718 0.49473989 1.055195 0.13622991 0.18234178 0.02853140
73 0.2379180851 0.41632682 0.1410615 0.53894671 1.074675 0.14620297 0.22317385 0.05084015
74 0.4789365071 0.16716870 0.2788771 0.44974064 1.457792 0.47589020 0.26240615 0.21965583
> correlationanalisis(valuesbox)
> simple_mpg <- lm(price ~ valu1+valu2+valu3+valu4+valu6) 
> summary(simple_mpg)

Call:
lm(formula = price ~ valu1 + valu2 + valu3 + valu4 + valu6)

Residuals:
       Min         1Q     Median         3Q        Max 
-3.817e-06 -7.140e-07  1.340e-07  8.571e-07  1.756e-06 

Coefficients:
              Estimate Std. Error    t value Pr(>|t|)    
(Intercept) -4.746e-01  9.131e-07 -5.198e+05   <2e-16 ***
valu1        1.954e-05  1.035e-06  1.888e+01   <2e-16 ***
valu2       -2.159e-07  1.331e-06 -1.620e-01   0.8717    
valu3       -1.832e-06  8.061e-07 -2.272e+00   0.0262 *  
valu4        2.656e-06  1.118e-06  2.377e+00   0.0203 *  
valu6        1.981e-07  1.380e-06  1.440e-01   0.8863    
---
Signif. codes:  0 ‘***’ 0.001 ‘**’ 0.01 ‘*’ 0.05 ‘.’ 0.1 ‘ ’ 1

Residual standard error: 1.141e-06 on 68 degrees of freedom
Multiple R-squared:  0.892,	Adjusted R-squared:  0.8841 
F-statistic: 112.3 on 5 and 68 DF,  p-value: < 2.2e-16

> simple_mpg <- lm(price ~ valu1+valu3+valu4) 
> summary(simple_mpg)

Call:
lm(formula = price ~ valu1 + valu3 + valu4)

Residuals:
       Min         1Q     Median         3Q        Max 
-3.802e-06 -7.074e-07  1.087e-07  8.442e-07  1.746e-06 

Coefficients:
              Estimate Std. Error    t value Pr(>|t|)    
(Intercept) -4.746e-01  3.306e-07 -1.436e+06  < 2e-16 ***
valu1        1.968e-05  9.325e-07  2.111e+01  < 2e-16 ***
valu3       -1.793e-06  7.880e-07 -2.275e+00  0.02594 *  
valu4        2.835e-06  9.597e-07  2.954e+00  0.00427 ** 
---
Signif. codes:  0 ‘***’ 0.001 ‘**’ 0.01 ‘*’ 0.05 ‘.’ 0.1 ‘ ’ 1

Residual standard error: 1.125e-06 on 70 degrees of freedom
Multiple R-squared:  0.8918,	Adjusted R-squared:  0.8872 
F-statistic: 192.3 on 3 and 70 DF,  p-value: < 2.2e-16

> reset(simple_mpg)

	RESET test

data:  simple_mpg
RESET = 460.87, df1 = 2, df2 = 68, p-value < 2.2e-16

> valu1+valu3+valu4
 [1] 0.6498065 0.8306790 0.8102606 1.4557419 1.6763617 1.6010279 0.7614915 0.8167520 1.5410061 1.0104497
[11] 1.8399718 1.6547651 1.4325571 0.4906515 1.5550642 1.2191155 0.8111560 0.2784803 1.0011179 0.3543183
[21] 1.3139559 1.4400821 1.7628731 0.2933795 0.4697174 1.7952006 1.4422773 1.5748364 0.6664689 1.2344185
[31] 1.5735913 0.9997869 1.1590321 1.1287799 1.7260657 0.8156364 1.4500815 1.5021356 1.3220441 0.4702950
[41] 1.5409627 0.5508612 0.6731830 1.3478585 0.3772657 1.5289106 1.5608567 0.2280212 0.8189126 1.2342850
[51] 1.0349957 0.3159698 1.2905433 0.7941383 1.0200357 0.2566178 0.3976034 0.5686507 0.7458540 0.8934476
[61] 0.8503778 0.3688625 0.9096879 1.5126467 0.7211196 0.6275301 0.9104346 0.6603755 0.6212470 0.8902042
[71] 1.0588640 1.0123327 0.9179263 1.2075542
> valu2,valu3,valu4
Error: unexpected ',' in "valu2,"
>   ggcorrplot(valu2,valu3,valu4,lab = TRUE, lab_size=2)
Error in match.arg(type) : 'arg' must be NULL or a character vector
> valuesfrag=data.frame(valu1,valu3,valu4)
> correlationanalisis(valuesfrag)
> simple_mpg <- lm(price ~ valu1+valu3) 
> summary(simple_mpg)

Call:
lm(formula = price ~ valu1 + valu3)

Residuals:
       Min         1Q     Median         3Q        Max 
-3.435e-06 -6.950e-07  1.439e-07  1.014e-06  1.462e-06 

Coefficients:
              Estimate Std. Error    t value Pr(>|t|)    
(Intercept) -4.746e-01  3.160e-07 -1.502e+06   <2e-16 ***
valu1        2.067e-05  9.174e-07  2.253e+01   <2e-16 ***
valu3       -2.365e-07  6.169e-07 -3.830e-01    0.703    
---
Signif. codes:  0 ‘***’ 0.001 ‘**’ 0.01 ‘*’ 0.05 ‘.’ 0.1 ‘ ’ 1

Residual standard error: 1.185e-06 on 71 degrees of freedom
Multiple R-squared:  0.8783,	Adjusted R-squared:  0.8749 
F-statistic: 256.3 on 2 and 71 DF,  p-value: < 2.2e-16

> simple_mpg <- lm(price ~ valu1+valu4) 
> summary(simple_mpg)

Call:
lm(formula = price ~ valu1 + valu4)

Residuals:
       Min         1Q     Median         3Q        Max 
-3.767e-06 -7.275e-07  1.866e-07  8.203e-07  1.886e-06 

Coefficients:
              Estimate Std. Error    t value Pr(>|t|)    
(Intercept) -4.746e-01  3.321e-07 -1.429e+06   <2e-16 ***
valu1        2.002e-05  9.476e-07  2.113e+01   <2e-16 ***
valu4        1.374e-06  7.341e-07  1.872e+00   0.0654 .  
---
Signif. codes:  0 ‘***’ 0.001 ‘**’ 0.01 ‘*’ 0.05 ‘.’ 0.1 ‘ ’ 1

Residual standard error: 1.158e-06 on 71 degrees of freedom
Multiple R-squared:  0.8838,	Adjusted R-squared:  0.8805 
F-statistic:   270 on 2 and 71 DF,  p-value: < 2.2e-16

> simple_mpg <- lm(price ~ valu1) 
> summary(simple_mpg)

Call:
lm(formula = price ~ valu1)

Residuals:
       Min         1Q     Median         3Q        Max 
-3.451e-06 -7.147e-07  1.237e-07  1.013e-06  1.379e-06 

Coefficients:
              Estimate Std. Error    t value Pr(>|t|)    
(Intercept) -4.746e-01  2.123e-07 -2.235e+06   <2e-16 ***
valu1        2.062e-05  9.058e-07  2.277e+01   <2e-16 ***
---
Signif. codes:  0 ‘***’ 0.001 ‘**’ 0.01 ‘*’ 0.05 ‘.’ 0.1 ‘ ’ 1

Residual standard error: 1.178e-06 on 72 degrees of freedom
Multiple R-squared:  0.8781,	Adjusted R-squared:  0.8764 
F-statistic: 518.5 on 1 and 72 DF,  p-value: < 2.2e-16

> valuesfrag=data.frame(valu3,valu4)
> correlationanalisis(valuesfrag)
> fit<-factanal(valuesfrag,1,method="ml",scores="regression",rotation="varimax")
Error in factanal(valuesfrag, 1, method = "ml", scores = "regression",  : 
  factor analysis requires at least three variables
> valuesfrag=data.frame(valu3,valu4,valu4)
> correlationanalisis(valuesfrag)
> valuesfrag=data.frame(valu3,valu4,valu5)
> correlationanalisis(valuesfrag)
> valuesfrag=data.frame(valu3,valu4,valu5,valu6,vlu7)
Error in data.frame(valu3, valu4, valu5, valu6, vlu7) : 
  object 'vlu7' not found
> valuesfrag=data.frame(valu3,valu4,valu5,valu6,valu7)
> correlationanalisis(valuesfrag)
> fit<-factanal(valuesfrag,1,method="ml",scores="regression",rotation="varimax")
> fit

Call:
factanal(x = valuesfrag, factors = 1, scores = "regression",     rotation = "varimax", method = "ml")

Uniquenesses:
valu3 valu4 valu5 valu6 valu7 
0.730 0.492 0.076 0.041 0.239 

Loadings:
      Factor1
valu3 0.519  
valu4 0.713  
valu5 0.961  
valu6 0.979  
valu7 0.872  

               Factor1
SS loadings      3.421
Proportion Var   0.684

Test of the hypothesis that 1 factor is sufficient.
The chi square statistic is 21.28 on 5 degrees of freedom.
The p-value is 0.000716 
> scorecorr<-fit$scores
> simple_mpg <- lm(price ~ valu1+valu3+valu4) 
> summary(simple_mpg)

Call:
lm(formula = price ~ valu1 + valu3 + valu4)

Residuals:
       Min         1Q     Median         3Q        Max 
-3.802e-06 -7.074e-07  1.087e-07  8.442e-07  1.746e-06 

Coefficients:
              Estimate Std. Error    t value Pr(>|t|)    
(Intercept) -4.746e-01  3.306e-07 -1.436e+06  < 2e-16 ***
valu1        1.968e-05  9.325e-07  2.111e+01  < 2e-16 ***
valu3       -1.793e-06  7.880e-07 -2.275e+00  0.02594 *  
valu4        2.835e-06  9.597e-07  2.954e+00  0.00427 ** 
---
Signif. codes:  0 ‘***’ 0.001 ‘**’ 0.01 ‘*’ 0.05 ‘.’ 0.1 ‘ ’ 1

Residual standard error: 1.125e-06 on 70 degrees of freedom
Multiple R-squared:  0.8918,	Adjusted R-squared:  0.8872 
F-statistic: 192.3 on 3 and 70 DF,  p-value: < 2.2e-16

> simple_mpg <- lm(price ~ valu1+scorecorr) 
> summary(simple_mpg)

Call:
lm(formula = price ~ valu1 + scorecorr)

Residuals:
       Min         1Q     Median         3Q        Max 
-3.559e-06 -7.602e-07  2.367e-07  8.965e-07  1.582e-06 

Coefficients:
              Estimate Std. Error    t value Pr(>|t|)    
(Intercept) -4.746e-01  2.297e-07 -2.066e+06   <2e-16 ***
valu1        2.021e-05  1.028e-06  1.965e+01   <2e-16 ***
scorecorr    1.372e-07  1.584e-07  8.660e-01    0.389    
---
Signif. codes:  0 ‘***’ 0.001 ‘**’ 0.01 ‘*’ 0.05 ‘.’ 0.1 ‘ ’ 1

Residual standard error: 1.18e-06 on 71 degrees of freedom
Multiple R-squared:  0.8793,	Adjusted R-squared:  0.8759 
F-statistic: 258.7 on 2 and 71 DF,  p-value: < 2.2e-16

> correlationanalisis(valuesfrag)
> valuesfrag=data.frame(valu5,valu6,val7)
Error in data.frame(valu5, valu6, val7) : object 'val7' not found
> correlationanalisis(valuesfrag)
> valuesfrag=data.frame(valu5,valu6,valu7)
> correlationanalisis(valuesfrag)
> fit<-factanal(valuesfrag,1,method="ml",scores="regression",rotation="varimax")
> fit

Call:
factanal(x = valuesfrag, factors = 1, scores = "regression",     rotation = "varimax", method = "ml")

Uniquenesses:
valu5 valu6 valu7 
0.064 0.054 0.232 

Loadings:
      Factor1
valu5 0.968  
valu6 0.973  
valu7 0.876  

               Factor1
SS loadings      2.650
Proportion Var   0.883

The degrees of freedom for the model is 0 and the fit was 0 
> scorecorr<-fit$scores
> simple_mpg <- lm(price ~ valu1+scorecorr) 
> summary(simple_mpg)

Call:
lm(formula = price ~ valu1 + scorecorr)

Residuals:
       Min         1Q     Median         3Q        Max 
-3.533e-06 -7.772e-07  2.134e-07  8.896e-07  1.552e-06 

Coefficients:
              Estimate Std. Error    t value Pr(>|t|)    
(Intercept) -4.746e-01  2.311e-07 -2.054e+06   <2e-16 ***
valu1        2.027e-05  1.037e-06  1.954e+01   <2e-16 ***
scorecorr    1.151e-07  1.600e-07  7.190e-01    0.474    
---
Signif. codes:  0 ‘***’ 0.001 ‘**’ 0.01 ‘*’ 0.05 ‘.’ 0.1 ‘ ’ 1

Residual standard error: 1.182e-06 on 71 degrees of freedom
Multiple R-squared:  0.879,	Adjusted R-squared:  0.8755 
F-statistic: 257.8 on 2 and 71 DF,  p-value: < 2.2e-16

> reset(simple_mpg)

	RESET test

data:  simple_mpg
RESET = 2184.5, df1 = 2, df2 = 69, p-value < 2.2e-16

> simple_mpg <- lm(price ~ valu1) 
> reset(simple_mpg)

	RESET test

data:  simple_mpg
RESET = 3238.3, df1 = 2, df2 = 70, p-value < 2.2e-16

> fit<-factanal(valuesbox,1,method="ml",scores="regression",rotation="varimax")
> fit

Call:
factanal(x = valuesbox, factors = 1, scores = "regression", rotation = "varimax",     method = "ml")

Uniquenesses:
valu1 valu2 valu3 valu4 valu5 valu6 valu7 valu8 
0.729 0.308 0.745 0.523 0.025 0.088 0.256 0.177 

Loadings:
      Factor1
valu1  0.520 
valu2 -0.832 
valu3  0.505 
valu4  0.691 
valu5  0.987 
valu6  0.955 
valu7  0.863 
valu8  0.907 

               Factor1
SS loadings      5.149
Proportion Var   0.644

Test of the hypothesis that 1 factor is sufficient.
The chi square statistic is 52.84 on 20 degrees of freedom.
The p-value is 8.59e-05 
> scorecorr<-fit$scores
> ks.test(price,pnorm,mean(price),sd(price))

	One-sample Kolmogorov-Smirnov test

data:  price
D = 0.079854, p-value = 0.7026
alternative hypothesis: two-sided

> shapiro.test(price)

	Shapiro-Wilk normality test

data:  price
W = 0.96707, p-value = 0.05052

> simple_mpg <- lm(price ~ scorecorr) 
> summary(simple_mpg)

Call:
lm(formula = price ~ scorecorr)

Residuals:
       Min         1Q     Median         3Q        Max 
-7.013e-06 -2.037e-06 -4.445e-07  2.380e-06  5.596e-06 

Coefficients:
              Estimate Std. Error    t value Pr(>|t|)    
(Intercept) -4.746e-01  3.382e-07 -1.403e+06  < 2e-16 ***
scorecorr    1.709e-06  3.433e-07  4.978e+00 4.24e-06 ***
---
Signif. codes:  0 ‘***’ 0.001 ‘**’ 0.01 ‘*’ 0.05 ‘.’ 0.1 ‘ ’ 1

Residual standard error: 2.909e-06 on 72 degrees of freedom
Multiple R-squared:  0.256,	Adjusted R-squared:  0.2457 
F-statistic: 24.78 on 1 and 72 DF,  p-value: 4.244e-06

> scatter.smooth(x=valu1, y=price, main="Scatter plot")
> scatter.smooth(x=valu2, y=price, main="Scatter plot")
> scatter.smooth(x=valu3, y=price, main="Scatter plot")
> correlationanalisis(valuesbox)
> simple_mpg <- lm(price ~ valu1) 
> 
> summary(simple_mpg)

Call:
lm(formula = price ~ valu1)

Residuals:
       Min         1Q     Median         3Q        Max 
-3.451e-06 -7.147e-07  1.237e-07  1.013e-06  1.379e-06 

Coefficients:
              Estimate Std. Error    t value Pr(>|t|)    
(Intercept) -4.746e-01  2.123e-07 -2.235e+06   <2e-16 ***
valu1        2.062e-05  9.058e-07  2.277e+01   <2e-16 ***
---
Signif. codes:  0 ‘***’ 0.001 ‘**’ 0.01 ‘*’ 0.05 ‘.’ 0.1 ‘ ’ 1

Residual standard error: 1.178e-06 on 72 degrees of freedom
Multiple R-squared:  0.8781,	Adjusted R-squared:  0.8764 
F-statistic: 518.5 on 1 and 72 DF,  p-value: < 2.2e-16

> valuesfrag=data.frame(valu3,valu4,valu5,valu6,valu8)
> correlationanalisis(valuesfrag)
> fit<-factanal(valuesbox,1,method="ml",scores="regression",rotation="varimax")
> fit<-factanal(valuesfrag,1,method="ml",scores="regression",rotation="varimax")
> fit

Call:
factanal(x = valuesfrag, factors = 1, scores = "regression",     rotation = "varimax", method = "ml")

Uniquenesses:
valu3 valu4 valu5 valu6 valu8 
0.746 0.528 0.020 0.097 0.173 

Loadings:
      Factor1
valu3 0.504  
valu4 0.687  
valu5 0.990  
valu6 0.950  
valu8 0.910  

               Factor1
SS loadings      3.436
Proportion Var   0.687

Test of the hypothesis that 1 factor is sufficient.
The chi square statistic is 29.19 on 5 degrees of freedom.
The p-value is 2.13e-05 
> scorecorr<-fit$scores
> correlationanalisis(valuesfrag)
> simple_mpg <- lm(price ~ valu1+scorecorr) 
> summary(simple_mpg)

Call:
lm(formula = price ~ valu1 + scorecorr)

Residuals:
       Min         1Q     Median         3Q        Max 
-3.476e-06 -7.461e-07  1.444e-07  9.455e-07  1.459e-06 

Coefficients:
              Estimate Std. Error    t value Pr(>|t|)    
(Intercept) -4.746e-01  2.363e-07 -2.008e+06   <2e-16 ***
valu1        2.043e-05  1.072e-06  1.907e+01   <2e-16 ***
scorecorr    5.618e-08  1.643e-07  3.420e-01    0.733    
---
Signif. codes:  0 ‘***’ 0.001 ‘**’ 0.01 ‘*’ 0.05 ‘.’ 0.1 ‘ ’ 1

Residual standard error: 1.185e-06 on 71 degrees of freedom
Multiple R-squared:  0.8783,	Adjusted R-squared:  0.8748 
F-statistic: 256.1 on 2 and 71 DF,  p-value: < 2.2e-16

> reset(def_regres)
Error in reset(def_regres) : object 'def_regres' not found
> reset(simple_mpg)

	RESET test

data:  simple_mpg
RESET = 2846.3, df1 = 2, df2 = 69, p-value < 2.2e-16

> simple_mpg <- lm(price ~ scorecorr) 
> summary(simple_mpg)

Call:
lm(formula = price ~ scorecorr)

Residuals:
       Min         1Q     Median         3Q        Max 
-6.880e-06 -2.028e-06 -4.288e-07  2.353e-06  5.516e-06 

Coefficients:
              Estimate Std. Error    t value Pr(>|t|)    
(Intercept) -4.746e-01  3.385e-07 -1.402e+06  < 2e-16 ***
scorecorr    1.704e-06  3.434e-07  4.963e+00  4.5e-06 ***
---
Signif. codes:  0 ‘***’ 0.001 ‘**’ 0.01 ‘*’ 0.05 ‘.’ 0.1 ‘ ’ 1

Residual standard error: 2.912e-06 on 72 degrees of freedom
Multiple R-squared:  0.2549,	Adjusted R-squared:  0.2445 
F-statistic: 24.63 on 1 and 72 DF,  p-value: 4.499e-06

> reset(simple_mpg)

	RESET test

data:  simple_mpg
RESET = 3.0025, df1 = 2, df2 = 70, p-value = 0.0561

> scatter.smooth(x=mpg, y=price, main="Scatter plot")
> values
      price      mpg headroom    trunk   weight   length turn displacement gear_ratio      num
1  1.064051 1.344828 1.285714 1.333333 1.379870 1.483516 1.45     1.121387   1.817647 1.000000
2  1.115577 1.172414 1.428571 1.333333 1.516234 1.340659 1.45     1.517341   1.200000 1.013699
3  1.040270 1.344828 1.428571 1.388889 1.285714 1.285714 1.20     1.121387   1.523529 1.027397
4  1.120888 1.275862 1.857143 1.611111 1.483766 1.593407 1.45     1.338150   1.435294 1.041096
5  1.359572 1.103448 1.714286 1.833333 1.753247 1.879121 1.60     1.783237   1.129412 1.054795
6  1.197939 1.206897 1.714286 1.888889 1.620130 1.835165 1.60     1.439306   1.317647 1.068493
7  1.092113 1.482759 1.428571 1.277778 1.152597 1.307692 1.15     1.650289   1.400000 1.082192
8  1.150456 1.275862 1.142857 1.611111 1.493506 1.637363 1.55     1.338150   1.435294 1.095890
9  1.561316 1.137931 1.571429 1.666667 1.688312 1.714286 1.60     1.439306   1.435294 1.109589
10 1.062703 1.241379 1.571429 1.444444 1.532468 1.637363 1.55     1.439306   1.523529 1.123288
11 1.641617 1.068966 1.714286 1.833333 1.834416 1.868132 1.65     2.000000   1.052941 1.136986
12 1.888545 1.068966 1.571429 1.611111 1.694805 1.681319 1.60     1.783237   1.000000 1.150685
13 2.000000 1.310345 1.428571 1.444444 1.821429 1.681319 1.70     1.783237   1.029412 1.164384
14 1.000634 1.586207 1.285714 1.222222 1.113636 1.230769 1.15     1.439306   1.435294 1.178082
15 1.191359 1.137931 1.714286 1.833333 1.626623 1.769231 1.60     1.494220   1.217647 1.191781
16 1.096155 1.344828 1.571429 1.666667 1.461039 1.560440 1.00     1.349711   1.317647 1.205479
17 1.143718 1.344828 1.142857 1.611111 1.474026 1.637363 1.50     1.349711   1.317647 1.219178
18 1.029806 1.413793 1.142857 1.111111 1.321429 1.406593 1.45     1.208092   1.317647 1.232877
19 1.052636 1.241379 1.571429 1.444444 1.542208 1.604396 1.60     1.494220   1.217647 1.246575
20 1.054935 1.620690 1.142857 1.166667 1.116883 1.230769 1.20     1.054913   1.794118 1.260274
21 1.056996 1.206897 1.714286 1.666667 1.597403 1.703297 1.75     1.690751   1.164706 1.273973
22 1.205707 1.137931 1.714286 1.666667 1.597403 1.703297 1.75     1.690751   1.164706 1.287671
23 1.241855 1.172414 1.857143 1.888889 1.642857 1.857143 1.75     1.421965   1.441176 1.301370
24 1.087039 1.551724 1.000000 1.222222 1.012987 1.054945 1.10     1.054913   1.564706 1.315068
25 1.071027 1.310345 1.142857 1.277778 1.288961 1.406593 1.60     1.176301   1.523529 1.328767
26 1.650495 1.000000 1.571429 1.944444 2.000000 2.000000 2.00     1.927746   1.164706 1.342466
27 1.816726 1.000000 1.285714 1.722222 1.961039 1.967033 1.85     1.927746   1.164706 1.356164
28 1.806579 1.068966 1.571429 1.555556 1.672078 1.648352 1.50     1.644509   1.164706 1.369863
29 1.042648 1.344828 1.428571 1.222222 1.266234 1.296703 1.40     1.176301   1.317647 1.383562
30 1.165517 1.068966 1.571429 1.611111 1.746753 1.868132 1.85     1.644509   1.329412 1.397260
31 1.227824 1.103448 1.571429 2.000000 1.636364 1.769231 1.65     1.644509   1.041176 1.410959
32 1.097107 1.206897 1.428571 1.555556 1.522727 1.615385 1.50     1.494220   1.141176 1.424658
33 1.238763 1.068966 1.428571 1.611111 1.769481 1.824176 1.70     1.644509   1.329412 1.438356
34 1.000000 1.275862 1.571429 1.666667 1.347403 1.582418 1.60     1.176301   1.523529 1.452055
35 1.437812 1.310345 1.714286 1.833333 1.746753 1.857143 1.60     1.783237   1.129412 1.465753
36 1.149108 1.241379 1.142857 1.611111 1.503247 1.615385 1.55     1.439306   1.435294 1.479452
37 1.114308 1.241379 1.857143 1.611111 1.500000 1.615385 1.55     1.439306   1.435294 1.493151
38 1.126754 1.206897 1.714286 1.833333 1.626623 1.835165 1.55     1.439306   1.317647 1.506849
39 1.070551 1.241379 1.857143 1.500000 1.522727 1.637363 1.60     1.439306   1.523529 1.520548
40 1.071661 1.413793 1.142857 1.277778 1.314935 1.417582 1.45     1.208092   1.317647 1.534247
41 1.561237 1.137931 1.571429 1.666667 1.737013 1.703297 1.60     1.783237   1.129412 1.547945
42 1.107491 1.551724 1.142857 1.333333 1.487013 1.307692 1.30     1.222543   1.505882 1.561644
43 1.089893 1.758621 1.285714 1.333333 1.012987 1.164835 1.30     1.020231   1.458824 1.575342
44 1.094411 1.448276 1.714286 1.666667 1.142857 1.252747 1.25     1.075145   1.694118 1.589041
45 1.253270 1.482759 1.000000 1.166667 1.246753 1.439560 1.35     1.115607   1.794118 1.602740
46 1.060959 1.206897 2.000000 1.611111 1.509740 1.648352 1.65     1.421965   1.611765 1.616438
47 1.198732 1.206897 1.714286 1.833333 1.629870 1.791209 1.55     1.439306   1.317647 1.630137
48 1.130242 1.206897 1.000000 1.111111 1.555195 1.615385 1.55     1.439306   1.523529 1.643836
49 1.153072 1.241379 1.142857 1.611111 1.470779 1.648352 1.70     1.439306   1.435294 1.657534
50 1.113516 1.241379 1.571429 1.666667 1.467532 1.626374 1.45     1.439306   1.435294 1.671233
51 1.089814 1.241379 1.571429 1.444444 1.538961 1.670330 1.60     1.439306   1.523529 1.684932
52 1.069837 1.413793 1.142857 1.111111 1.301948 1.406593 1.50     1.208092   1.317647 1.698630
53 1.507253 1.172414 1.428571 1.555556 1.347403 1.516484 1.30     1.150289   1.594118 1.712329
54 1.238129 1.379310 1.285714 1.333333 1.100649 1.351648 1.25     1.052023   1.888235 1.726027
55 1.510820 1.448276 1.285714 1.388889 1.288961 1.384615 1.15     1.121387   1.852941 1.739726
56 1.232897 1.379310 1.000000 1.055556 1.198052 1.307692 1.20     1.115607   2.000000 1.753425
57 1.102893 1.793103 1.142857 1.166667 1.084416 1.252747 1.05     1.017341   1.888235 1.767123
58 1.141736 1.413793 1.285714 1.166667 1.168831 1.307692 1.15     1.115607   1.794118 1.780822
59 1.383512 1.310345 1.285714 1.166667 1.321429 1.461538 1.35     1.193642   1.800000 1.794521
60 1.079667 1.310345 1.285714 1.611111 1.120130 1.208791 1.25     1.075145   1.694118 1.808219
61 1.198811 1.448276 1.428571 1.277778 1.155844 1.329670 1.25     1.080925   1.505882 1.821918
62 1.095759 1.551724 1.285714 1.000000 1.000000 1.076923 1.15     1.034682   1.652941 1.835616
63 1.055807 1.620690 1.571429 1.333333 1.071429 1.131868 1.10     1.020231   1.905882 1.849315
64 1.768847 1.068966 1.571429 1.500000 1.538961 1.549451 1.35     1.242775   1.817647 1.863014
65 1.047880 1.482759 1.428571 1.277778 1.022727 1.000000 1.15     1.000000   1.900000 1.876712
66 1.040190 1.793103 1.285714 1.333333 1.094156 1.241758 1.25     1.052023   1.952941 1.890411
67 1.206738 1.206897 1.285714 1.500000 1.211039 1.351648 1.25     1.158960   1.511765 1.904110
68 1.036227 1.655172 1.428571 1.222222 1.142857 1.252747 1.20     1.052023   1.600000 1.917808
69 1.192469 1.206897 1.142857 1.333333 1.295455 1.362637 1.25     1.158960   1.505882 1.931507
70 1.305113 1.379310 1.285714 1.388889 1.129870 1.329670 1.25     1.052023   1.911765 1.945205
71 1.166944 2.000000 1.428571 1.555556 1.090909 1.142857 1.20     1.031792   1.935294 1.958904
72 1.111455 1.448276 1.428571 1.555556 1.055195 1.142857 1.20     1.028902   1.935294 1.972603
73 1.282124 1.448276 1.142857 1.611111 1.074675 1.153846 1.25     1.052023   1.935294 1.986301
74 1.689972 1.172414 1.285714 1.500000 1.457792 1.560440 1.30     1.242775   1.464706 2.000000
> simple_mpg <- lm(price ~ values[,2]+values[,3]+values[,4]+values[,6]+values[,8]) 
> summary(simple_mpg)

Call:
lm(formula = price ~ values[, 2] + values[, 3] + values[, 4] + 
    values[, 6] + values[, 8])

Residuals:
       Min         1Q     Median         3Q        Max 
-7.177e-06 -1.859e-06 -3.519e-07  2.016e-06  5.596e-06 

Coefficients:
              Estimate Std. Error    t value Pr(>|t|)    
(Intercept) -4.746e-01  6.782e-06 -69979.691   <2e-16 ***
values[, 2] -5.087e-06  2.771e-06     -1.835   0.0708 .  
values[, 3] -4.720e-06  1.848e-06     -2.554   0.0129 *  
values[, 4]  4.529e-06  2.333e-06      1.941   0.0564 .  
values[, 6]  3.513e-07  3.236e-06      0.109   0.9139    
values[, 8]  2.157e-06  2.305e-06      0.936   0.3528    
---
Signif. codes:  0 ‘***’ 0.001 ‘**’ 0.01 ‘*’ 0.05 ‘.’ 0.1 ‘ ’ 1

Residual standard error: 2.839e-06 on 68 degrees of freedom
Multiple R-squared:  0.3311,	Adjusted R-squared:  0.2819 
F-statistic: 6.733 on 5 and 68 DF,  p-value: 3.765e-05

> valuesfrag=data.frame(trunk,weight,length,turn,displacement)
> correlationanalisis(valuesfrag)
> fit<-factanal(valuesfrag,1,method="ml",scores="regression",rotation="varimax")
> fit

Call:
factanal(x = valuesfrag, factors = 1, scores = "regression",     rotation = "varimax", method = "ml")

Uniquenesses:
       trunk       weight       length         turn displacement 
       0.509        0.031        0.075        0.230        0.197 

Loadings:
             Factor1
trunk        0.700  
weight       0.984  
length       0.962  
turn         0.877  
displacement 0.896  

               Factor1
SS loadings      3.958
Proportion Var   0.792

Test of the hypothesis that 1 factor is sufficient.
The chi square statistic is 14.83 on 5 degrees of freedom.
The p-value is 0.0111 
> scorecorr<-fit$scores
> simple_mpg <- lm(price ~ mpg+scorecorr) 
> summary(simple_mpg)

Call:
lm(formula = price ~ mpg + scorecorr)

Residuals:
       Min         1Q     Median         3Q        Max 
-7.295e-06 -1.942e-06 -3.466e-07  2.526e-06  5.763e-06 

Coefficients:
              Estimate Std. Error    t value Pr(>|t|)    
(Intercept) -4.746e-01  2.170e-06 -2.187e+05   <2e-16 ***
mpg         -1.498e-07  1.007e-07 -1.488e+00    0.141    
scorecorr    9.631e-07  5.879e-07  1.638e+00    0.106    
---
Signif. codes:  0 ‘***’ 0.001 ‘**’ 0.01 ‘*’ 0.05 ‘.’ 0.1 ‘ ’ 1

Residual standard error: 2.907e-06 on 71 degrees of freedom
Multiple R-squared:  0.2677,	Adjusted R-squared:  0.247 
F-statistic: 12.97 on 2 and 71 DF,  p-value: 1.575e-05

> simple_mpg <- lm(price ~ value1+scorecorr) 
Error in eval(predvars, data, env) : object 'value1' not found
> simple_mpg <- lm(price ~ valu1+scorecorr) 
> summary(simple_mpg)

Call:
lm(formula = price ~ valu1 + scorecorr)

Residuals:
       Min         1Q     Median         3Q        Max 
-3.490e-06 -7.569e-07  1.610e-07  9.203e-07  1.480e-06 

Coefficients:
              Estimate Std. Error    t value Pr(>|t|)    
(Intercept) -4.746e-01  2.346e-07 -2.023e+06   <2e-16 ***
valu1        2.038e-05  1.060e-06  1.923e+01   <2e-16 ***
scorecorr    7.250e-08  1.628e-07  4.450e-01    0.658    
---
Signif. codes:  0 ‘***’ 0.001 ‘**’ 0.01 ‘*’ 0.05 ‘.’ 0.1 ‘ ’ 1

Residual standard error: 1.184e-06 on 71 degrees of freedom
Multiple R-squared:  0.8784,	Adjusted R-squared:  0.875 
F-statistic: 256.5 on 2 and 71 DF,  p-value: < 2.2e-16

> simple_mpg <- lm(price ~ valu1+scorecorr) 
> summary(simple_mpg)

Call:
lm(formula = price ~ valu1 + scorecorr)

Residuals:
       Min         1Q     Median         3Q        Max 
-3.490e-06 -7.569e-07  1.610e-07  9.203e-07  1.480e-06 

Coefficients:
              Estimate Std. Error    t value Pr(>|t|)    
(Intercept) -4.746e-01  2.346e-07 -2.023e+06   <2e-16 ***
valu1        2.038e-05  1.060e-06  1.923e+01   <2e-16 ***
scorecorr    7.250e-08  1.628e-07  4.450e-01    0.658    
---
Signif. codes:  0 ‘***’ 0.001 ‘**’ 0.01 ‘*’ 0.05 ‘.’ 0.1 ‘ ’ 1

Residual standard error: 1.184e-06 on 71 degrees of freedom
Multiple R-squared:  0.8784,	Adjusted R-squared:  0.875 
F-statistic: 256.5 on 2 and 71 DF,  p-value: < 2.2e-16

> scatter.smooth(x=weight, y=price, main="Scatter plot")
> scatter.smooth(x=gear_ratio, y=price, main="Scatter plot")
> scatter.smooth(x=mpg, y=price, main="Scatter plot")
> simple_mpg <- lm(price ~ valu1) 
> summary(simple_mpg)

Call:
lm(formula = price ~ valu1)

Residuals:
       Min         1Q     Median         3Q        Max 
-3.451e-06 -7.147e-07  1.237e-07  1.013e-06  1.379e-06 

Coefficients:
              Estimate Std. Error    t value Pr(>|t|)    
(Intercept) -4.746e-01  2.123e-07 -2.235e+06   <2e-16 ***
valu1        2.062e-05  9.058e-07  2.277e+01   <2e-16 ***
---
Signif. codes:  0 ‘***’ 0.001 ‘**’ 0.01 ‘*’ 0.05 ‘.’ 0.1 ‘ ’ 1

Residual standard error: 1.178e-06 on 72 degrees of freedom
Multiple R-squared:  0.8781,	Adjusted R-squared:  0.8764 
F-statistic: 518.5 on 1 and 72 DF,  p-value: < 2.2e-16

> reset(simple_mpg)

	RESET test

data:  simple_mpg
RESET = 3238.3, df1 = 2, df2 = 70, p-value < 2.2e-16

> bartlett.test(list(values[,2],values[,3],values[,4],values[,6],values[,8]))

	Bartlett test of homogeneity of variances

data:  list(values[, 2], values[, 3], values[, 4], values[, 6], values[,     8])
Bartlett's K-squared = 6.0348, df = 4, p-value = 0.1966

> simple_mpg <- lm(price ~ values[,2]+values[,3]+values[,4]+values[,6]+values[,8]) 
> summary(simple_mpg)

Call:
lm(formula = price ~ values[, 2] + values[, 3] + values[, 4] + 
    values[, 6] + values[, 8])

Residuals:
       Min         1Q     Median         3Q        Max 
-7.177e-06 -1.859e-06 -3.519e-07  2.016e-06  5.596e-06 

Coefficients:
              Estimate Std. Error    t value Pr(>|t|)    
(Intercept) -4.746e-01  6.782e-06 -69979.691   <2e-16 ***
values[, 2] -5.087e-06  2.771e-06     -1.835   0.0708 .  
values[, 3] -4.720e-06  1.848e-06     -2.554   0.0129 *  
values[, 4]  4.529e-06  2.333e-06      1.941   0.0564 .  
values[, 6]  3.513e-07  3.236e-06      0.109   0.9139    
values[, 8]  2.157e-06  2.305e-06      0.936   0.3528    
---
Signif. codes:  0 ‘***’ 0.001 ‘**’ 0.01 ‘*’ 0.05 ‘.’ 0.1 ‘ ’ 1

Residual standard error: 2.839e-06 on 68 degrees of freedom
Multiple R-squared:  0.3311,	Adjusted R-squared:  0.2819 
F-statistic: 6.733 on 5 and 68 DF,  p-value: 3.765e-05

> simple_mpg <- lm(price ~ values[1],values[,2]+values[,3]+values[,4]+values[,6]+values[,8]) 
Error in eval(predvars, data, env) : 
  numeric 'envir' arg not of length one
> summary(simple_mpg)

Call:
lm(formula = price ~ values[, 2] + values[, 3] + values[, 4] + 
    values[, 6] + values[, 8])

Residuals:
       Min         1Q     Median         3Q        Max 
-7.177e-06 -1.859e-06 -3.519e-07  2.016e-06  5.596e-06 

Coefficients:
              Estimate Std. Error    t value Pr(>|t|)    
(Intercept) -4.746e-01  6.782e-06 -69979.691   <2e-16 ***
values[, 2] -5.087e-06  2.771e-06     -1.835   0.0708 .  
values[, 3] -4.720e-06  1.848e-06     -2.554   0.0129 *  
values[, 4]  4.529e-06  2.333e-06      1.941   0.0564 .  
values[, 6]  3.513e-07  3.236e-06      0.109   0.9139    
values[, 8]  2.157e-06  2.305e-06      0.936   0.3528    
---
Signif. codes:  0 ‘***’ 0.001 ‘**’ 0.01 ‘*’ 0.05 ‘.’ 0.1 ‘ ’ 1

Residual standard error: 2.839e-06 on 68 degrees of freedom
Multiple R-squared:  0.3311,	Adjusted R-squared:  0.2819 
F-statistic: 6.733 on 5 and 68 DF,  p-value: 3.765e-05

> simple_mpg <- lm(price ~ values[1],values[,2]+values[,3]+values[,4]+values[,6]+values[,8]) 
Error in eval(predvars, data, env) : 
  numeric 'envir' arg not of length one
> simple_mpg <- lm(price ~ values[1]+values[,2]+values[,3]+values[,4]+values[,6]+values[,8]) 
Error in model.frame.default(formula = price ~ values[1] + values[, 2] +  : 
  invalid type (list) for variable 'values[1]'
> values[1]
      price
1  1.064051
2  1.115577
3  1.040270
4  1.120888
5  1.359572
6  1.197939
7  1.092113
8  1.150456
9  1.561316
10 1.062703
11 1.641617
12 1.888545
13 2.000000
14 1.000634
15 1.191359
16 1.096155
17 1.143718
18 1.029806
19 1.052636
20 1.054935
21 1.056996
22 1.205707
23 1.241855
24 1.087039
25 1.071027
26 1.650495
27 1.816726
28 1.806579
29 1.042648
30 1.165517
31 1.227824
32 1.097107
33 1.238763
34 1.000000
35 1.437812
36 1.149108
37 1.114308
38 1.126754
39 1.070551
40 1.071661
41 1.561237
42 1.107491
43 1.089893
44 1.094411
45 1.253270
46 1.060959
47 1.198732
48 1.130242
49 1.153072
50 1.113516
51 1.089814
52 1.069837
53 1.507253
54 1.238129
55 1.510820
56 1.232897
57 1.102893
58 1.141736
59 1.383512
60 1.079667
61 1.198811
62 1.095759
63 1.055807
64 1.768847
65 1.047880
66 1.040190
67 1.206738
68 1.036227
69 1.192469
70 1.305113
71 1.166944
72 1.111455
73 1.282124
74 1.689972
> simple_mpg <- lm(price ~ values[1]+values[,2]+values[,3]+values[,4]+values[,6]+values[,8]) 
Error in model.frame.default(formula = price ~ values[1] + values[, 2] +  : 
  invalid type (list) for variable 'values[1]'
> simple_mpg <- lm(price ~ valu1+valu2+valu3+valu4+valu6+valu8) 
> summary(simple_mpg)

Call:
lm(formula = price ~ valu1 + valu2 + valu3 + valu4 + valu6 + 
    valu8)

Residuals:
       Min         1Q     Median         3Q        Max 
-4.240e-06 -6.836e-07  8.670e-08  7.832e-07  1.602e-06 

Coefficients:
              Estimate Std. Error    t value Pr(>|t|)    
(Intercept) -4.746e-01  8.891e-07 -5.338e+05   <2e-16 ***
valu1        1.993e-05  1.022e-06  1.950e+01   <2e-16 ***
valu2       -5.694e-07  1.305e-06 -4.360e-01   0.6640    
valu3       -1.554e-06  7.942e-07 -1.957e+00   0.0545 .  
valu4        2.491e-06  1.090e-06  2.286e+00   0.0254 *  
valu6        2.252e-06  1.634e-06  1.379e+00   0.1726    
valu8       -2.803e-06  1.270e-06 -2.206e+00   0.0308 *  
---
Signif. codes:  0 ‘***’ 0.001 ‘**’ 0.01 ‘*’ 0.05 ‘.’ 0.1 ‘ ’ 1

Residual standard error: 1.109e-06 on 67 degrees of freedom
Multiple R-squared:  0.8993,	Adjusted R-squared:  0.8903 
F-statistic: 99.75 on 6 and 67 DF,  p-value: < 2.2e-16

> reset(simple_mpg)

	RESET test

data:  simple_mpg
RESET = 253.38, df1 = 2, df2 = 65, p-value < 2.2e-16

> simple_mpg <- lm(price ~ valu1+I(scorecorr^2)) 
> summary(simple_mpg)

Call:
lm(formula = price ~ valu1 + I(scorecorr^2))

Residuals:
       Min         1Q     Median         3Q        Max 
-3.507e-06 -7.930e-07  1.797e-07  9.605e-07  1.448e-06 

Coefficients:
                 Estimate Std. Error    t value Pr(>|t|)    
(Intercept)    -4.746e-01  2.289e-07 -2.074e+06   <2e-16 ***
valu1           2.084e-05  9.615e-07  2.167e+01   <2e-16 ***
I(scorecorr^2) -9.797e-08  1.441e-07 -6.800e-01    0.499    
---
Signif. codes:  0 ‘***’ 0.001 ‘**’ 0.01 ‘*’ 0.05 ‘.’ 0.1 ‘ ’ 1

Residual standard error: 1.182e-06 on 71 degrees of freedom
Multiple R-squared:  0.8789,	Adjusted R-squared:  0.8755 
F-statistic: 257.6 on 2 and 71 DF,  p-value: < 2.2e-16

> reset(def_regres)
Error in reset(def_regres) : object 'def_regres' not found
> reset(simple_mpg)

	RESET test

data:  simple_mpg
RESET = 2110, df1 = 2, df2 = 69, p-value < 2.2e-16

> simple_mpg <- lm(price ~ scorecorr+I(scorecorr^2)) 
> summary(simple_mpg)

Call:
lm(formula = price ~ scorecorr + I(scorecorr^2))

Residuals:
       Min         1Q     Median         3Q        Max 
-6.397e-06 -1.971e-06 -3.573e-07  1.828e-06  6.004e-06 

Coefficients:
                 Estimate Std. Error    t value Pr(>|t|)    
(Intercept)    -4.746e-01  4.637e-07 -1.024e+06  < 2e-16 ***
scorecorr       1.571e-06  3.419e-07  4.595e+00 1.83e-05 ***
I(scorecorr^2)  7.000e-07  3.335e-07  2.099e+00   0.0394 *  
---
Signif. codes:  0 ‘***’ 0.001 ‘**’ 0.01 ‘*’ 0.05 ‘.’ 0.1 ‘ ’ 1

Residual standard error: 2.864e-06 on 71 degrees of freedom
Multiple R-squared:  0.2889,	Adjusted R-squared:  0.2689 
F-statistic: 14.42 on 2 and 71 DF,  p-value: 5.532e-06

> simple_mpg <- lm(price ~ scorecorr+valu1) 
> summary(simple_mpg)

Call:
lm(formula = price ~ scorecorr + valu1)

Residuals:
       Min         1Q     Median         3Q        Max 
-3.490e-06 -7.569e-07  1.610e-07  9.203e-07  1.480e-06 

Coefficients:
              Estimate Std. Error    t value Pr(>|t|)    
(Intercept) -4.746e-01  2.346e-07 -2.023e+06   <2e-16 ***
scorecorr    7.250e-08  1.628e-07  4.450e-01    0.658    
valu1        2.038e-05  1.060e-06  1.923e+01   <2e-16 ***
---
Signif. codes:  0 ‘***’ 0.001 ‘**’ 0.01 ‘*’ 0.05 ‘.’ 0.1 ‘ ’ 1

Residual standard error: 1.184e-06 on 71 degrees of freedom
Multiple R-squared:  0.8784,	Adjusted R-squared:  0.875 
F-statistic: 256.5 on 2 and 71 DF,  p-value: < 2.2e-16

> scatter.smooth(x=valu1, y=price, main="Scatter plot")
> scatter.smooth(x=valu2, y=price, main="Scatter plot")
> scatter.smooth(x=valu1, y=price, main="Scatter plot")
> scatter.smooth(x=valu2, y=price, main="Scatter plot")
> scatter.smooth(x=valu3, y=price, main="Scatter plot")
> scatter.smooth(x=valu4, y=price, main="Scatter plot")
> scatter.smooth(x=valu5, y=price, main="Scatter plot")
> scatter.smooth(x=valu6, y=price, main="Scatter plot")
> scatter.smooth(x=valu7, y=price, main="Scatter plot")
> scatter.smooth(x=valu8, y=price, main="Scatter plot")
> simple_mpg <- lm(price ~ values[,4]+values[,6]) 
> summary(simple_mpg)

Call:
lm(formula = price ~ values[, 4] + values[, 6])

Residuals:
       Min         1Q     Median         3Q        Max 
-7.850e-06 -1.940e-06 -5.237e-07  2.203e-06  5.464e-06 

Coefficients:
              Estimate Std. Error    t value Pr(>|t|)    
(Intercept) -4.746e-01  2.363e-06 -2.009e+05   <2e-16 ***
values[, 4]  1.651e-06  2.144e-06  7.700e-01   0.4438    
values[, 6]  5.229e-06  2.082e-06  2.511e+00   0.0143 *  
---
Signif. codes:  0 ‘***’ 0.001 ‘**’ 0.01 ‘*’ 0.05 ‘.’ 0.1 ‘ ’ 1

Residual standard error: 2.991e-06 on 71 degrees of freedom
Multiple R-squared:  0.2246,	Adjusted R-squared:  0.2028 
F-statistic: 10.28 on 2 and 71 DF,  p-value: 0.0001196

> simple_mpg <- lm(price ~ values[1]+values[,2]+values[,3]+values[,4]+values[,6]) 
Error in model.frame.default(formula = price ~ values[1] + values[, 2] +  : 
  invalid type (list) for variable 'values[1]'
> simple_mpg <- lm(price ~ values[1]+values[,2]+values[,3]+values[,4]+values[,6]) 
Error in model.frame.default(formula = price ~ values[1] + values[, 2] +  : 
  invalid type (list) for variable 'values[1]'
> simple_mpg <- lm(price ~ values[1]+values[,2]+values[,3]+values[,4]+values[,6]) 
Error in model.frame.default(formula = price ~ values[1] + values[, 2] +  : 
  invalid type (list) for variable 'values[1]'
> 